Archive member included to satisfy reference by file (symbol)

/usr/bin/../lib/gcc/arm-none-eabi/13.2.1/../../../../arm-none-eabi/lib/thumb/v6-m/nofp/libstdc++.a(guard.o)
                              CMakeFiles/plcSpecial.dir/program_files/komendy_AT/komendyAT.cpp.obj (__cxa_guard_acquire)
/usr/bin/../lib/gcc/arm-none-eabi/13.2.1/../../../../arm-none-eabi/lib/thumb/v6-m/nofp/libstdc++.a(guard_error.o)
                              /usr/bin/../lib/gcc/arm-none-eabi/13.2.1/../../../../arm-none-eabi/lib/thumb/v6-m/nofp/libstdc++.a(guard.o) (__gnu_cxx::recursive_init_error::~recursive_init_error())
/usr/bin/../lib/gcc/arm-none-eabi/13.2.1/../../../../arm-none-eabi/lib/thumb/v6-m/nofp/libstdc++.a(si_class_type_info.o)
                              /usr/bin/../lib/gcc/arm-none-eabi/13.2.1/../../../../arm-none-eabi/lib/thumb/v6-m/nofp/libstdc++.a(guard_error.o) (vtable for __cxxabiv1::__si_class_type_info)
/usr/bin/../lib/gcc/arm-none-eabi/13.2.1/../../../../arm-none-eabi/lib/thumb/v6-m/nofp/libstdc++.a(tinfo.o)
                              /usr/bin/../lib/gcc/arm-none-eabi/13.2.1/../../../../arm-none-eabi/lib/thumb/v6-m/nofp/libstdc++.a(si_class_type_info.o) (std::type_info::__is_pointer_p() const)
/usr/bin/../lib/gcc/arm-none-eabi/13.2.1/../../../../arm-none-eabi/lib/thumb/v6-m/nofp/libstdc++.a(tree.o)
                              CMakeFiles/plcSpecial.dir/setup/komendy_AT/functions.cpp.obj (std::_Rb_tree_decrement(std::_Rb_tree_node_base*))
/usr/bin/../lib/gcc/arm-none-eabi/13.2.1/../../../../arm-none-eabi/lib/thumb/v6-m/nofp/libstdc++.a(functexcept.o)
                              CMakeFiles/plcSpecial.dir/program_files/komendy_AT/komendyAT.cpp.obj (std::__throw_bad_alloc())
/usr/bin/../lib/gcc/arm-none-eabi/13.2.1/../../../../arm-none-eabi/lib/thumb/v6-m/nofp/libstdc++.a(snprintf_lite.o)
                              /usr/bin/../lib/gcc/arm-none-eabi/13.2.1/../../../../arm-none-eabi/lib/thumb/v6-m/nofp/libstdc++.a(functexcept.o) (__gnu_cxx::__snprintf_lite(char*, unsigned int, char const*, std::__va_list))
/usr/bin/../lib/gcc/arm-none-eabi/13.2.1/../../../../arm-none-eabi/lib/thumb/v6-m/nofp/libstdc++.a(string-inst.o)
                              CMakeFiles/plcSpecial.dir/program_files/komendy_AT/komendyAT.cpp.obj (std::__cxx11::basic_string<char, std::char_traits<char>, std::allocator<char> >::_M_create(unsigned int&, unsigned int))
/usr/bin/../lib/gcc/arm-none-eabi/13.2.1/../../../../arm-none-eabi/lib/thumb/v6-m/nofp/libstdc++.a(bad_alloc.o)
                              /usr/bin/../lib/gcc/arm-none-eabi/13.2.1/../../../../arm-none-eabi/lib/thumb/v6-m/nofp/libstdc++.a(functexcept.o) (vtable for std::bad_alloc)
/usr/bin/../lib/gcc/arm-none-eabi/13.2.1/../../../../arm-none-eabi/lib/thumb/v6-m/nofp/libstdc++.a(bad_array_new.o)
                              /usr/bin/../lib/gcc/arm-none-eabi/13.2.1/../../../../arm-none-eabi/lib/thumb/v6-m/nofp/libstdc++.a(functexcept.o) (vtable for std::bad_array_new_length)
/usr/bin/../lib/gcc/arm-none-eabi/13.2.1/../../../../arm-none-eabi/lib/thumb/v6-m/nofp/libstdc++.a(bad_cast.o)
                              /usr/bin/../lib/gcc/arm-none-eabi/13.2.1/../../../../arm-none-eabi/lib/thumb/v6-m/nofp/libstdc++.a(functexcept.o) (vtable for std::bad_cast)
/usr/bin/../lib/gcc/arm-none-eabi/13.2.1/../../../../arm-none-eabi/lib/thumb/v6-m/nofp/libstdc++.a(bad_typeid.o)
                              /usr/bin/../lib/gcc/arm-none-eabi/13.2.1/../../../../arm-none-eabi/lib/thumb/v6-m/nofp/libstdc++.a(functexcept.o) (vtable for std::bad_typeid)
/usr/bin/../lib/gcc/arm-none-eabi/13.2.1/../../../../arm-none-eabi/lib/thumb/v6-m/nofp/libstdc++.a(class_type_info.o)
                              /usr/bin/../lib/gcc/arm-none-eabi/13.2.1/../../../../arm-none-eabi/lib/thumb/v6-m/nofp/libstdc++.a(si_class_type_info.o) (__cxxabiv1::__class_type_info::__do_upcast(__cxxabiv1::__class_type_info const*, void**) const)
/usr/bin/../lib/gcc/arm-none-eabi/13.2.1/../../../../arm-none-eabi/lib/thumb/v6-m/nofp/libstdc++.a(eh_alloc.o)
                              /usr/bin/../lib/gcc/arm-none-eabi/13.2.1/../../../../arm-none-eabi/lib/thumb/v6-m/nofp/libstdc++.a(guard.o) (__cxa_allocate_exception)
/usr/bin/../lib/gcc/arm-none-eabi/13.2.1/../../../../arm-none-eabi/lib/thumb/v6-m/nofp/libstdc++.a(eh_arm.o)
                              /usr/bin/../lib/gcc/arm-none-eabi/13.2.1/../../../../arm-none-eabi/lib/thumb/v6-m/nofp/libstdc++.a(functexcept.o) (__cxa_end_cleanup)
/usr/bin/../lib/gcc/arm-none-eabi/13.2.1/../../../../arm-none-eabi/lib/thumb/v6-m/nofp/libstdc++.a(eh_catch.o)
                              /usr/bin/../lib/gcc/arm-none-eabi/13.2.1/../../../../arm-none-eabi/lib/thumb/v6-m/nofp/libstdc++.a(string-inst.o) (__cxa_begin_catch)
/usr/bin/../lib/gcc/arm-none-eabi/13.2.1/../../../../arm-none-eabi/lib/thumb/v6-m/nofp/libstdc++.a(eh_exception.o)
[...]
Memory Configuration

Name             Origin             Length             Attributes
FLASH            0x10000000         0x00200000         xr
RAM              0x20000000         0x00040000         xrw
SCRATCH_X        0x20040000         0x00001000         xrw
SCRATCH_Y        0x20041000         0x00001000         xrw
*default*        0x00000000         0xffffffff

Linker script and memory map

LOAD /usr/bin/../lib/gcc/arm-none-eabi/13.2.1/thumb/v6-m/nofp/crti.o
LOAD /usr/bin/../lib/gcc/arm-none-eabi/13.2.1/thumb/v6-m/nofp/crtbegin.o
LOAD /usr/bin/../lib/gcc/arm-none-eabi/13.2.1/../../../../arm-none-eabi/lib/thumb/v6-m/nofp/crt0.o

.flash_begin    0x10000000        0x0
                0x10000000                        __flash_binary_start = .

.boot2          0x10000000      0x100
                0x10000000                        __boot2_start__ = .
 *(.boot2)
 .boot2         0x10000000      0x100 /tmp/cclsSTk0.o
                0x10000100                        __boot2_end__ = .
                0x00000001                        ASSERT (((__boot2_end__ - __boot2_start__) == 0x100), ERROR: Pico second stage bootloader must be 256 bytes in size)

.text           0x10000100    0x189b8
                0x10000100                        __logical_binary_start = .
 *(.vectors)
 .vectors       0x10000100       0xd4 CMakeFiles/plcSpecial.dir/lib/pico-sdk/src/rp2_common/pico_standard_link/crt0.S.obj
                0x10000100                __vectors
                0x10000100                __VECTOR_TABLE
                0x100001c0                isr_invalid
                0x100001c0                __default_isrs_start
                0x100001c2                isr_nmi
                0x100001c4                isr_hardfault
                0x100001c6                isr_svcall
                0x100001c8                isr_pendsv
                0x100001ca                isr_systick
                0x100001cc                isr_irq30
                0x100001cc                __unhandled_user_irq
                0x100001cc                isr_irq13
                0x100001cc                isr_irq27
                0x100001cc                isr_irq31
                0x100001cc                isr_irq5
                0x100001cc                isr_irq11
                0x100001cc                isr_irq23
                0x100001cc                isr_irq18
                0x100001cc                isr_irq28
                0x100001cc                isr_irq19
                0x100001cc                isr_irq0
                0x100001cc                isr_irq6
                0x100001cc                isr_irq22
                0x100001cc                isr_irq17
                0x100001cc                isr_irq14
                0x100001cc                isr_irq2
                0x100001cc                isr_irq10
                0x100001cc                isr_irq8
                0x100001cc                isr_irq24
                0x100001cc                isr_irq1
                0x100001cc                isr_irq7
                0x100001cc                isr_irq21
                0x100001cc                isr_irq20
                0x100001cc                isr_irq15
                0x100001cc                isr_irq25
                0x100001cc                isr_irq4
                0x100001cc                isr_irq16
                0x100001cc                isr_irq29
                0x100001cc                isr_irq26
                0x100001cc                __default_isrs_end
                0x100001cc                isr_irq3
                0x100001cc                isr_irq12
                0x100001cc                isr_irq9
                0x100001d2                unhandled_user_irq_num_in_r0
 *(.binary_info_header)
 .binary_info_header
                0x100001d4       0x14 CMakeFiles/plcSpecial.dir/lib/pico-sdk/src/rp2_common/pico_standard_link/crt0.S.obj
                0x100001e8                        __binary_info_header_end = .
 *(.reset)
 .reset         0x100001e8       0xa0 CMakeFiles/plcSpecial.dir/lib/pico-sdk/src/rp2_common/pico_standard_link/crt0.S.obj
                0x100001e8                _entry_point
 .reset         0x10000288       0x30 CMakeFiles/plcSpecial.dir/lib/pico-sdk/src/rp2_common/pico_standard_link/binary_info.c.obj
 *(.init)
 .init          0x100002b8        0x4 /usr/bin/../lib/gcc/arm-none-eabi/13.2.1/thumb/v6-m/nofp/crti.o
                0x100002b8                _init
 *(EXCLUDE_FILE(*libm.a: *libc.a:*lib_a-mem*.o *libgcc.a:) .text*)
 .text.register_tm_clones
                0x100002bc       0x28 /usr/bin/../lib/gcc/arm-none-eabi/13.2.1/thumb/v6-m/nofp/crtbegin.o
 .text.frame_dummy
                0x100002e4       0x24 /usr/bin/../lib/gcc/arm-none-eabi/13.2.1/thumb/v6-m/nofp/crtbegin.o
 .text.__tcf_0  0x10000308       0x38 CMakeFiles/plcSpecial.dir/program_files/komendy_AT/komendyAT.cpp.obj
 .text._ZNSt8_Rb_treeINSt7__cxx1112basic_stringIcSt11char_traitsIcESaIcEEESt4pairIKS5_S6_IPFvN9Functions7STATE_TEENS8_11ErrorStructEEESt10_Select1stISE_ESt4lessIS5_ESaISE_EE4findERS7_.isra.0
                0x10000340       0x7c CMakeFiles/plcSpecial.dir/program_files/komendy_AT/komendyAT.cpp.obj
 .text.__tcf_1  0x100003bc       0x44 CMakeFiles/plcSpecial.dir/program_files/komendy_AT/komendyAT.cpp.obj
 .text._ZN9KomendyAT22sendCommandTemperatureEfPch
                0x10000400       0x80 CMakeFiles/plcSpecial.dir/program_files/komendy_AT/komendyAT.cpp.obj
                0x10000400                KomendyAT::sendCommandTemperature(float, char*, unsigned char)
 .text._ZN9KomendyAT10withGoodIdERNSt7__cxx1112basic_stringIcSt11char_traitsIcESaIcEEEN9Functions7STATE_TE
                0x10000480      0x1f0 CMakeFiles/plcSpecial.dir/program_files/komendy_AT/komendyAT.cpp.obj
                0x10000480                KomendyAT::withGoodId(std::__cxx11::basic_string<char, std::char_traits<char>, std::allocator<char> >&, Functions::STATE_T)
 .text._ZN9KomendyAT9withBadIdERNSt7__cxx1112basic_stringIcSt11char_traitsIcESaIcEEEN9Functions7STATE_TE
                0x10000670      0x2bc CMakeFiles/plcSpecial.dir/program_files/komendy_AT/komendyAT.cpp.obj
                0x10000670                KomendyAT::withBadId(std::__cxx11::basic_string<char, std::char_traits<char>, std::allocator<char> >&, Functions::STATE_T)
 .text._ZN9KomendyAT12cmWithGoodIdERNSt7__cxx1112basic_stringIcSt11char_traitsIcESaIcEEEN9Functions7STATE_TE
                0x1000092c      0x1f0 CMakeFiles/plcSpecial.dir/program_files/komendy_AT/komendyAT.cpp.obj
                0x1000092c                KomendyAT::cmWithGoodId(std::__cxx11::basic_string<char, std::char_traits<char>, std::allocator<char> >&, Functions::STATE_T)
 .text._ZNSt6vectorINSt7__cxx1112basic_stringIcSt11char_traitsIcESaIcEEESaIS5_EE17_M_realloc_insertIJRKS5_EEEvN9__gnu_cxx17__normal_iteratorIPS5_S7_EEDpOT_
                0x10000b1c      0x200 CMakeFiles/plcSpecial.dir/program_files/komendy_AT/komendyAT.cpp.obj
                0x10000b1c                void std::vector<std::__cxx11::basic_string<char, std::char_traits<char>, std::allocator<char> >, std::allocator<std::__cxx11::basic_string<char, std::char_traits<char>, std::allocator<char> > > >::_M_realloc_insert<std::__cxx11::basic_string<char, std::char_traits<char>, std::allocator<char> > const&>(__gnu_cxx::__normal_iterator<std::__cxx11::basic_string<char, std::char_traits<char>, std::allocator<char> >*, std::vector<std::__cxx11::basic_string<char, std::char_traits<char>, std::allocator<char> >, std::allocator<std::__cxx11::basic_string<char, std::char_traits<char>, std::allocator<char> > > > >, std::__cxx11::basic_string<char, std::char_traits<char>, std::allocator<char> > const&)
 .text._ZNSt6vectorIcSaIcEE17_M_realloc_insertIJRKcEEEvN9__gnu_cxx17__normal_iteratorIPcS1_EEDpOT_
                0x10000d1c       0xd8 CMakeFiles/plcSpecial.dir/program_files/komendy_AT/komendyAT.cpp.obj
                0x10000d1c                void std::vector<char, std::allocator<char> >::_M_realloc_insert<char const&>(__gnu_cxx::__normal_iterator<char*, std::vector<char, std::allocator<char> > >, char const&)
 .text._ZNSt6vectorIhSaIhEE17_M_realloc_insertIJhEEEvN9__gnu_cxx17__normal_iteratorIPhS1_EEDpOT_
                0x10000df4       0xd8 CMakeFiles/plcSpecial.dir/program_files/komendy_AT/komendyAT.cpp.obj
                0x10000df4                void std::vector<unsigned char, std::allocator<unsigned char> >::_M_realloc_insert<unsigned char>(__gnu_cxx::__normal_iterator<unsigned char*, std::vector<unsigned char, std::allocator<unsigned char> > >, unsigned char&&)
 .text._ZN9KomendyAT12parseMessageERKNSt7__cxx1112basic_stringIcSt11char_traitsIcESaIcEEEP9uart_inst
                0x10000ecc      0x898 CMakeFiles/plcSpecial.dir/program_files/komendy_AT/komendyAT.cpp.obj
                0x10000ecc                KomendyAT::parseMessage(std::__cxx11::basic_string<char, std::char_traits<char>, std::allocator<char> > const&, uart_inst*)
 .text._ZNSt6vectorIcSaIcEE17_M_realloc_insertIJcEEEvN9__gnu_cxx17__normal_iteratorIPcS1_EEDpOT_
                0x10001764       0xd8 CMakeFiles/plcSpecial.dir/program_files/komendy_AT/komendyAT.cpp.obj
                0x10001764                void std::vector<char, std::allocator<char> >::_M_realloc_insert<char>(__gnu_cxx::__normal_iterator<char*, std::vector<char, std::allocator<char> > >, char&&)
 .text._ZN9KomendyAT17sendCommandToUartEP9uart_instPcPhhS2_
                0x1000183c      0x2dc CMakeFiles/plcSpecial.dir/program_files/komendy_AT/komendyAT.cpp.obj
                0x1000183c                KomendyAT::sendCommandToUart(uart_inst*, char*, unsigned char*, unsigned char, char*)
 .text._ZN12EepromStruct18loadDataFromEepromEv
                0x10001b18       0x20 CMakeFiles/plcSpecial.dir/program_files/eeprom/eprom.cpp.obj
                0x10001b18                EepromStruct::loadDataFromEeprom()
 .text._ZN12EepromStruct16saveDataToEepromEv
                0x10001b38       0x48 CMakeFiles/plcSpecial.dir/program_files/eeprom/eprom.cpp.obj
                0x10001b38                EepromStruct::saveDataToEeprom()
 .text._ZN12EepromStruct5setIdEh
                0x10001b80       0x50 CMakeFiles/plcSpecial.dir/program_files/eeprom/eprom.cpp.obj
                0x10001b80                EepromStruct::setId(unsigned char)
 .text.__tcf_0  0x10001bd0       0x38 CMakeFiles/plcSpecial.dir/setup/hardware/setup.cpp.obj
 .text._ZNSt6vectorI8One_wireSaIS0_EE17_M_realloc_insertIJRKS0_EEEvN9__gnu_cxx17__normal_iteratorIPS0_S2_EEDpOT_
                0x10001c08      0x14c CMakeFiles/plcSpecial.dir/setup/hardware/setup.cpp.obj
                0x10001c08                void std::vector<One_wire, std::allocator<One_wire> >::_M_realloc_insert<One_wire const&>(__gnu_cxx::__normal_iterator<One_wire*, std::vector<One_wire, std::allocator<One_wire> > >, One_wire const&)
 .text._ZN5Setup18setupCommunicationEv
                0x10001d54      0x114 CMakeFiles/plcSpecial.dir/setup/hardware/setup.cpp.obj
                0x10001d54                Setup::setupCommunication()
 .text._ZN5Setup5setupEv
                0x10001e68      0x1e0 CMakeFiles/plcSpecial.dir/setup/hardware/setup.cpp.obj
                0x10001e68                Setup::setup()
 .text.startup.main
                0x10002048       0x98 CMakeFiles/plcSpecial.dir/program_files/main.cpp.obj
                0x10002048                main
 .text.__tcf_0  0x100020e0       0x38 CMakeFiles/plcSpecial.dir/program_files/communication/communication.cpp.obj
 .text._ZN13Communication16readDataFromUartEP9uart_inst
                0x10002118       0x3c CMakeFiles/plcSpecial.dir/program_files/communication/communication.cpp.obj
                0x10002118                Communication::readDataFromUart(uart_inst*)
 .text._ZN13Communication14sendDataToUartEP9uart_instPc
                0x10002154       0x64 CMakeFiles/plcSpecial.dir/program_files/communication/communication.cpp.obj
                0x10002154                Communication::sendDataToUart(uart_inst*, char*)
 .text._ZN13Communication18oneWireTemperatureEv
                0x100021b8       0xc0 CMakeFiles/plcSpecial.dir/program_files/communication/communication.cpp.obj
                0x100021b8                Communication::oneWireTemperature()
 .text.__tcf_0  0x10002278       0x38 CMakeFiles/plcSpecial.dir/program_files/komendy_AT/checkPins.cpp.obj
 .text._ZN9CheckPins14checkInputPinsEv
                0x100022b0      0x37c CMakeFiles/plcSpecial.dir/program_files/komendy_AT/checkPins.cpp.obj
                0x100022b0                CheckPins::checkInputPins()
 .text._ZN9CheckPins15checkOutputPinsEv
                0x1000262c       0xf0 CMakeFiles/plcSpecial.dir/program_files/komendy_AT/checkPins.cpp.obj
                0x1000262c                CheckPins::checkOutputPins()
 .text._ZN9CheckPins21writeActualInputStateEv
                0x1000271c       0x68 CMakeFiles/plcSpecial.dir/program_files/komendy_AT/checkPins.cpp.obj
                0x1000271c                CheckPins::writeActualInputState()
 .text._ZN9CheckPins22writeActualOutputStateEv
                0x10002784       0x68 CMakeFiles/plcSpecial.dir/program_files/komendy_AT/checkPins.cpp.obj
                0x10002784                CheckPins::writeActualOutputState()
 .text._ZN9CheckPins10pushButtonEv
                0x100027ec      0x178 CMakeFiles/plcSpecial.dir/program_files/komendy_AT/checkPins.cpp.obj
                0x100027ec                CheckPins::pushButton()
 .text.__tcf_0  0x10002964       0x38 CMakeFiles/plcSpecial.dir/program_files/task/myTask.cpp.obj
 .text._ZN4Task13readFromUart0EPv
                0x1000299c       0x80 CMakeFiles/plcSpecial.dir/program_files/task/myTask.cpp.obj
                0x1000299c                Task::readFromUart0(void*)
 .text._ZN4Task13readFromUart1EPv
                0x10002a1c       0x80 CMakeFiles/plcSpecial.dir/program_files/task/myTask.cpp.obj
                0x10002a1c                Task::readFromUart1(void*)
 .text._ZN4Task11writeToUartEPv
                0x10002a9c       0x10 CMakeFiles/plcSpecial.dir/program_files/task/myTask.cpp.obj
                0x10002a9c                Task::writeToUart(void*)
 .text._ZN4Task18writeStatusCommandEPv
                0x10002aac       0x54 CMakeFiles/plcSpecial.dir/program_files/task/myTask.cpp.obj
                0x10002aac                Task::writeStatusCommand(void*)
 .text._ZN4Task11temperatureEPv
                0x10002b00       0x14 CMakeFiles/plcSpecial.dir/program_files/task/myTask.cpp.obj
                0x10002b00                Task::temperature(void*)
 .text._ZN9Functions3rgbENS_7STATE_TE
                0x10002b14       0xf0 CMakeFiles/plcSpecial.dir/setup/komendy_AT/functions.cpp.obj
                0x10002b14                Functions::rgb(Functions::STATE_T)
 .text._ZN9Functions11resetGoodIdENS_7STATE_TE
                0x10002c04       0x14 CMakeFiles/plcSpecial.dir/setup/komendy_AT/functions.cpp.obj
                0x10002c04                Functions::resetGoodId(Functions::STATE_T)
 .text._ZN9Functions10resetBadIdENS_7STATE_TE
                0x10002c18       0x58 CMakeFiles/plcSpecial.dir/setup/komendy_AT/functions.cpp.obj
                0x10002c18                Functions::resetBadId(Functions::STATE_T)
 .text._ZN9Functions6searchENS_7STATE_TE
                0x10002c70       0x8c CMakeFiles/plcSpecial.dir/setup/komendy_AT/functions.cpp.obj
                0x10002c70                Functions::search(Functions::STATE_T)
 .text.__tcf_0  0x10002cfc       0x38 CMakeFiles/plcSpecial.dir/setup/komendy_AT/functions.cpp.obj
 .text.startup._ZNSt7__cxx1112basic_stringIcSt11char_traitsIcESaIcEEC2IS3_EEPKcRKS3_.constprop.0.isra.0
                0x10002d34       0x64 CMakeFiles/plcSpecial.dir/setup/komendy_AT/functions.cpp.obj
 .text.startup._ZNSt7__cxx1112basic_stringIcSt11char_traitsIcESaIcEE12_M_constructIPcEEvT_S7_St20forward_iterator_tag.isra.0
                0x10002d98       0x4c CMakeFiles/plcSpecial.dir/setup/komendy_AT/functions.cpp.obj
 .text._ZN9Functions10setDefaultENS_7STATE_TE
                0x10002de4       0x78 CMakeFiles/plcSpecial.dir/setup/komendy_AT/functions.cpp.obj
                0x10002de4                Functions::setDefault(Functions::STATE_T)
 .text._ZN9Functions4pingENS_7STATE_TE
                0x10002e5c       0x6c CMakeFiles/plcSpecial.dir/setup/komendy_AT/functions.cpp.obj
                0x10002e5c                Functions::ping(Functions::STATE_T)
 .text._ZN9Functions6setKeyENS_7STATE_TE
                0x10002ec8       0x80 CMakeFiles/plcSpecial.dir/setup/komendy_AT/functions.cpp.obj
                0x10002ec8                Functions::setKey(Functions::STATE_T)
 .text._ZN9Functions6setLedENS_7STATE_TE
                0x10002f48       0xb4 CMakeFiles/plcSpecial.dir/setup/komendy_AT/functions.cpp.obj
                0x10002f48                Functions::setLed(Functions::STATE_T)
 .text._ZN9Functions6setOutENS_7STATE_TE
                0x10002ffc      0x1d0 CMakeFiles/plcSpecial.dir/setup/komendy_AT/functions.cpp.obj
                0x10002ffc                Functions::setOut(Functions::STATE_T)
 .text._ZN9Functions21badIdCommandDontExistENS_7STATE_TE
                0x100031cc      0x188 CMakeFiles/plcSpecial.dir/setup/komendy_AT/functions.cpp.obj
                0x100031cc                Functions::badIdCommandDontExist(Functions::STATE_T)
 .text._ZNSt8_Rb_treeINSt7__cxx1112basic_stringIcSt11char_traitsIcESaIcEEESt4pairIKS5_S6_IPFvN9Functions7STATE_TEENS8_11ErrorStructEEESt10_Select1stISE_ESt4lessIS5_ESaISE_EE24_M_get_insert_unique_posERS7_
                0x10003354       0xe0 CMakeFiles/plcSpecial.dir/setup/komendy_AT/functions.cpp.obj
                0x10003354                std::_Rb_tree<std::__cxx11::basic_string<char, std::char_traits<char>, std::allocator<char> >, std::pair<std::__cxx11::basic_string<char, std::char_traits<char>, std::allocator<char> > const, std::pair<void (*)(Functions::STATE_T), Functions::ErrorStruct> >, std::_Select1st<std::pair<std::__cxx11::basic_string<char, std::char_traits<char>, std::allocator<char> > const, std::pair<void (*)(Functions::STATE_T), Functions::ErrorStruct> > >, std::less<std::__cxx11::basic_string<char, std::char_traits<char>, std::allocator<char> > >, std::allocator<std::pair<std::__cxx11::basic_string<char, std::char_traits<char>, std::allocator<char> > const, std::pair<void (*)(Functions::STATE_T), Functions::ErrorStruct> > > >::_M_get_insert_unique_pos(std::__cxx11::basic_string<char, std::char_traits<char>, std::allocator<char> > const&)
 .text._ZNSt3mapINSt7__cxx1112basic_stringIcSt11char_traitsIcESaIcEEESt4pairIPFvN9Functions7STATE_TEENS7_11ErrorStructEESt4lessIS5_ESaIS6_IKS5_SC_EEEC2ESt16initializer_listISG_ERKSE_RKSH_
                0x10003434      0x140 CMakeFiles/plcSpecial.dir/setup/komendy_AT/functions.cpp.obj
                0x10003434                std::map<std::__cxx11::basic_string<char, std::char_traits<char>, std::allocator<char> >, std::pair<void (*)(Functions::STATE_T), Functions::ErrorStruct>, std::less<std::__cxx11::basic_string<char, std::char_traits<char>, std::allocator<char> > >, std::allocator<std::pair<std::__cxx11::basic_string<char, std::char_traits<char>, std::allocator<char> > const, std::pair<void (*)(Functions::STATE_T), Functions::ErrorStruct> > > >::map(std::initializer_list<std::pair<std::__cxx11::basic_string<char, std::char_traits<char>, std::allocator<char> > const, std::pair<void (*)(Functions::STATE_T), Functions::ErrorStruct> > >, std::less<std::__cxx11::basic_string<char, std::char_traits<char>, std::allocator<char> > > const&, std::allocator<std::pair<std::__cxx11::basic_string<char, std::char_traits<char>, std::allocator<char> > const, std::pair<void (*)(Functions::STATE_T), Functions::ErrorStruct> > > const&)
                0x10003434                std::map<std::__cxx11::basic_string<char, std::char_traits<char>, std::allocator<char> >, std::pair<void (*)(Functions::STATE_T), Functions::ErrorStruct>, std::less<std::__cxx11::basic_string<char, std::char_traits<char>, std::allocator<char> > >, std::allocator<std::pair<std::__cxx11::basic_string<char, std::char_traits<char>, std::allocator<char> > const, std::pair<void (*)(Functions::STATE_T), Functions::ErrorStruct> > > >::map(std::initializer_list<std::pair<std::__cxx11::basic_string<char, std::char_traits<char>, std::allocator<char> > const, std::pair<void (*)(Functions::STATE_T), Functions::ErrorStruct> > >, std::less<std::__cxx11::basic_string<char, std::char_traits<char>, std::allocator<char> > > const&, std::allocator<std::pair<std::__cxx11::basic_string<char, std::char_traits<char>, std::allocator<char> > const, std::pair<void (*)(Functions::STATE_T), Functions::ErrorStruct> > > const&)
 .text.startup._Z41__static_initialization_and_destruction_0v
                0x10003574      0x2a8 CMakeFiles/plcSpecial.dir/setup/komendy_AT/functions.cpp.obj
 .text.startup._GLOBAL__sub_I__ZN9KomendyAT9goodIdMapB5cxx11E
                0x1000381c        0x8 CMakeFiles/plcSpecial.dir/setup/komendy_AT/functions.cpp.obj
 .text.__tcf_0  0x10003824       0x38 CMakeFiles/plcSpecial.dir/program_files/komendy_AT/error.cpp.obj
 .text._ZN5error12checkCommandEN9Functions7STATE_TEhhh
                0x1000385c       0xd8 CMakeFiles/plcSpecial.dir/program_files/komendy_AT/error.cpp.obj
                0x1000385c                error::checkCommand(Functions::STATE_T, unsigned char, unsigned char, unsigned char)
 .text.__tcf_0  0x10003934       0x38 CMakeFiles/plcSpecial.dir/setup/komendy_AT/commands.cpp.obj
 .text.startup._ZNSt7__cxx1112basic_stringIcSt11char_traitsIcESaIcEE12_M_constructIPcEEvT_S7_St20forward_iterator_tag.isra.0
                0x1000396c       0x4c CMakeFiles/plcSpecial.dir/setup/komendy_AT/commands.cpp.obj
 .text.startup._ZNSt7__cxx1112basic_stringIcSt11char_traitsIcESaIcEEC2IS3_EEPKcRKS3_.constprop.0.isra.0
                0x100039b8       0x64 CMakeFiles/plcSpecial.dir/setup/komendy_AT/commands.cpp.obj
 .text._ZN8Commands4stopEN9Functions7STATE_TE
                0x10003a1c       0x48 CMakeFiles/plcSpecial.dir/setup/komendy_AT/commands.cpp.obj
                0x10003a1c                Commands::stop(Functions::STATE_T)
 .text._ZN8Commands5resetEN9Functions7STATE_TE
                0x10003a64       0x64 CMakeFiles/plcSpecial.dir/setup/komendy_AT/commands.cpp.obj
                0x10003a64                Commands::reset(Functions::STATE_T)
 .text._ZN8Commands7elseFunEN9Functions7STATE_TE
                0x10003ac8       0x60 CMakeFiles/plcSpecial.dir/setup/komendy_AT/commands.cpp.obj
                0x10003ac8                Commands::elseFun(Functions::STATE_T)
 .text._ZN8Commands9inputInitEN9Functions7STATE_TE
                0x10003b28       0x68 CMakeFiles/plcSpecial.dir/setup/komendy_AT/commands.cpp.obj
                0x10003b28                Commands::inputInit(Functions::STATE_T)
 .text._ZN8Commands9equalTrueEN9Functions7STATE_TE
                0x10003b90       0x70 CMakeFiles/plcSpecial.dir/setup/komendy_AT/commands.cpp.obj
                0x10003b90                Commands::equalTrue(Functions::STATE_T)
 .text._ZN8Commands10equalFalseEN9Functions7STATE_TE
                0x10003c00       0x70 CMakeFiles/plcSpecial.dir/setup/komendy_AT/commands.cpp.obj
                0x10003c00                Commands::equalFalse(Functions::STATE_T)
 .text._ZN8Commands5delayEN9Functions7STATE_TE
                0x10003c70       0x78 CMakeFiles/plcSpecial.dir/setup/komendy_AT/commands.cpp.obj
                0x10003c70                Commands::delay(Functions::STATE_T)
 .text._ZN8Commands6setOutEN9Functions7STATE_TE
                0x10003ce8       0x78 CMakeFiles/plcSpecial.dir/setup/komendy_AT/commands.cpp.obj
                0x10003ce8                Commands::setOut(Functions::STATE_T)
 .text._ZN8Commands5equalEN9Functions7STATE_TE
                0x10003d60       0x7c CMakeFiles/plcSpecial.dir/setup/komendy_AT/commands.cpp.obj
                0x10003d60                Commands::equal(Functions::STATE_T)
 .text._ZN8Commands11newFunctionEPv
                0x10003ddc      0x31c CMakeFiles/plcSpecial.dir/setup/komendy_AT/commands.cpp.obj
                0x10003ddc                Commands::newFunction(void*)
 .text.startup._Z41__static_initialization_and_destruction_0v
                0x100040f8      0x240 CMakeFiles/plcSpecial.dir/setup/komendy_AT/commands.cpp.obj
 .text.startup._GLOBAL__sub_I__ZN9KomendyAT11cmGoodIdMapB5cxx11E
                0x10004338        0x8 CMakeFiles/plcSpecial.dir/setup/komendy_AT/commands.cpp.obj
 .text.gpio_set_function
                0x10004340       0x30 CMakeFiles/plcSpecial.dir/lib/pico-sdk/src/rp2_common/hardware_gpio/gpio.c.obj
                0x10004340                gpio_set_function
 .text.gpio_init
                0x10004370       0x3c CMakeFiles/plcSpecial.dir/lib/pico-sdk/src/rp2_common/hardware_gpio/gpio.c.obj
                0x10004370                gpio_init
 .text.running_on_fpga
                0x100043ac       0x10 CMakeFiles/plcSpecial.dir/lib/pico-sdk/src/rp2_common/pico_platform/platform.c.obj
                0x100043ac                running_on_fpga
 .text.hw_claim_or_assert
                0x100043bc       0x44 CMakeFiles/plcSpecial.dir/lib/pico-sdk/src/rp2_common/hardware_claim/claim.c.obj
                0x100043bc                hw_claim_or_assert
 .text.hw_claim_unused_from_range
                0x10004400       0x9c CMakeFiles/plcSpecial.dir/lib/pico-sdk/src/rp2_common/hardware_claim/claim.c.obj
                0x10004400                hw_claim_unused_from_range
 .text.spin_locks_reset
                0x1000449c       0x1c CMakeFiles/plcSpecial.dir/lib/pico-sdk/src/rp2_common/hardware_sync/sync.c.obj
                0x1000449c                spin_locks_reset
 .text.next_striped_spin_lock_num
                0x100044b8       0x18 CMakeFiles/plcSpecial.dir/lib/pico-sdk/src/rp2_common/hardware_sync/sync.c.obj
                0x100044b8                next_striped_spin_lock_num
 .text.spin_lock_claim_unused
                0x100044d0       0x24 CMakeFiles/plcSpecial.dir/lib/pico-sdk/src/rp2_common/hardware_sync/sync.c.obj
                0x100044d0                spin_lock_claim_unused
 .text.irq_set_enabled
                0x100044f4       0x24 CMakeFiles/plcSpecial.dir/lib/pico-sdk/src/rp2_common/hardware_irq/irq.c.obj
                0x100044f4                irq_set_enabled
 .text.irq_set_pending
                0x10004518       0x10 CMakeFiles/plcSpecial.dir/lib/pico-sdk/src/rp2_common/hardware_irq/irq.c.obj
                0x10004518                irq_set_pending
 .text.irq_has_shared_handler
                0x10004528       0x2c CMakeFiles/plcSpecial.dir/lib/pico-sdk/src/rp2_common/hardware_irq/irq.c.obj
                0x10004528                irq_has_shared_handler
 .text.irq_get_vtable_handler
                0x10004554       0x10 CMakeFiles/plcSpecial.dir/lib/pico-sdk/src/rp2_common/hardware_irq/irq.c.obj
                0x10004554                irq_get_vtable_handler
 .text.irq_set_exclusive_handler
                0x10004564       0x54 CMakeFiles/plcSpecial.dir/lib/pico-sdk/src/rp2_common/hardware_irq/irq.c.obj
                0x10004564                irq_set_exclusive_handler
 .text.irq_add_shared_handler
                0x100045b8      0x1f4 CMakeFiles/plcSpecial.dir/lib/pico-sdk/src/rp2_common/hardware_irq/irq.c.obj
                0x100045b8                irq_add_shared_handler
 .text.irq_remove_handler
                0x100047ac      0x1c4 CMakeFiles/plcSpecial.dir/lib/pico-sdk/src/rp2_common/hardware_irq/irq.c.obj
                0x100047ac                irq_remove_handler
 .text.irq_set_priority
                0x10004970       0x28 CMakeFiles/plcSpecial.dir/lib/pico-sdk/src/rp2_common/hardware_irq/irq.c.obj
                0x10004970                irq_set_priority
 .text.irq_add_tail_to_free_list
                0x10004998       0xb4 CMakeFiles/plcSpecial.dir/lib/pico-sdk/src/rp2_common/hardware_irq/irq.c.obj
                0x10004998                irq_add_tail_to_free_list
 .text.irq_init_priorities
                0x10004a4c       0x24 CMakeFiles/plcSpecial.dir/lib/pico-sdk/src/rp2_common/hardware_irq/irq.c.obj
                0x10004a4c                irq_init_priorities
 .text.user_irq_claim_unused
                0x10004a70       0x2c CMakeFiles/plcSpecial.dir/lib/pico-sdk/src/rp2_common/hardware_irq/irq.c.obj
                0x10004a70                user_irq_claim_unused
 .text.lock_init
                0x10004a9c       0x10 CMakeFiles/plcSpecial.dir/lib/pico-sdk/src/common/pico_sync/lock_core.c.obj
                0x10004a9c                lock_init
 .text.mutex_init
                0x10004aac       0x1c CMakeFiles/plcSpecial.dir/lib/pico-sdk/src/common/pico_sync/mutex.c.obj
                0x10004aac                mutex_init
 .text.recursive_mutex_init
                0x10004ac8       0x20 CMakeFiles/plcSpecial.dir/lib/pico-sdk/src/common/pico_sync/mutex.c.obj
                0x10004ac8                recursive_mutex_init
 .text.critical_section_init
                0x10004ae8       0x1c CMakeFiles/plcSpecial.dir/lib/pico-sdk/src/common/pico_sync/critical_section.c.obj
                0x10004ae8                critical_section_init
 .text.critical_section_init_with_lock_num
                0x10004b04       0x14 CMakeFiles/plcSpecial.dir/lib/pico-sdk/src/common/pico_sync/critical_section.c.obj
                0x10004b04                critical_section_init_with_lock_num
 .text.timer_pool_entry_comparator
                0x10004b18       0x34 CMakeFiles/plcSpecial.dir/lib/pico-sdk/src/common/pico_time/time.c.obj
                0x10004b18                timer_pool_entry_comparator
 .text.sleep_until_callback
                0x10004b4c       0x24 CMakeFiles/plcSpecial.dir/lib/pico-sdk/src/common/pico_time/time.c.obj
 .text.add_alarm_under_lock.isra.0
                0x10004b70      0x100 CMakeFiles/plcSpecial.dir/lib/pico-sdk/src/common/pico_time/time.c.obj
 .text.alarm_pool_alarm_callback
                0x10004c70      0x1c0 CMakeFiles/plcSpecial.dir/lib/pico-sdk/src/common/pico_time/time.c.obj
 .text.alarm_pool_init_default
                0x10004e30       0x6c CMakeFiles/plcSpecial.dir/lib/pico-sdk/src/common/pico_time/time.c.obj
                0x10004e30                alarm_pool_init_default
 .text.alarm_pool_get_default
                0x10004e9c        0x8 CMakeFiles/plcSpecial.dir/lib/pico-sdk/src/common/pico_time/time.c.obj
                0x10004e9c                alarm_pool_get_default
 .text.alarm_pool_add_alarm_at
                0x10004ea4      0x17c CMakeFiles/plcSpecial.dir/lib/pico-sdk/src/common/pico_time/time.c.obj
                0x10004ea4                alarm_pool_add_alarm_at
 .text.alarm_pool_core_num
                0x10005020        0x4 CMakeFiles/plcSpecial.dir/lib/pico-sdk/src/common/pico_time/time.c.obj
                0x10005020                alarm_pool_core_num
 .text.sleep_until
                0x10005024       0xbc CMakeFiles/plcSpecial.dir/lib/pico-sdk/src/common/pico_time/time.c.obj
                0x10005024                sleep_until
 .text.sleep_us
                0x100050e0       0x28 CMakeFiles/plcSpecial.dir/lib/pico-sdk/src/common/pico_time/time.c.obj
                0x100050e0                sleep_us
 .text.sleep_ms
                0x10005108       0x38 CMakeFiles/plcSpecial.dir/lib/pico-sdk/src/common/pico_time/time.c.obj
                0x10005108                sleep_ms
 .text.best_effort_wfe_or_timeout
                0x10005140       0xcc CMakeFiles/plcSpecial.dir/lib/pico-sdk/src/common/pico_time/time.c.obj
                0x10005140                best_effort_wfe_or_timeout
 .text.hardware_alarm_irq_handler
                0x1000520c       0xbc CMakeFiles/plcSpecial.dir/lib/pico-sdk/src/rp2_common/hardware_timer/timer.c.obj
 .text.hardware_alarm_claim
                0x100052c8       0x18 CMakeFiles/plcSpecial.dir/lib/pico-sdk/src/rp2_common/hardware_timer/timer.c.obj
                0x100052c8                hardware_alarm_claim
 .text.time_us_64
                0x100052e0       0x14 CMakeFiles/plcSpecial.dir/lib/pico-sdk/src/rp2_common/hardware_timer/timer.c.obj
                0x100052e0                time_us_64
 .text.busy_wait_us
                0x100052f4       0x68 CMakeFiles/plcSpecial.dir/lib/pico-sdk/src/rp2_common/hardware_timer/timer.c.obj
                0x100052f4                busy_wait_us
 .text.busy_wait_until
                0x1000535c       0x20 CMakeFiles/plcSpecial.dir/lib/pico-sdk/src/rp2_common/hardware_timer/timer.c.obj
                0x1000535c                busy_wait_until
 .text.hardware_alarm_set_callback
                0x1000537c       0x8c CMakeFiles/plcSpecial.dir/lib/pico-sdk/src/rp2_common/hardware_timer/timer.c.obj
                0x1000537c                hardware_alarm_set_callback
 .text.hardware_alarm_set_target
                0x10005408       0xd0 CMakeFiles/plcSpecial.dir/lib/pico-sdk/src/rp2_common/hardware_timer/timer.c.obj
                0x10005408                hardware_alarm_set_target
 .text.hardware_alarm_cancel
                0x100054d8       0x3c CMakeFiles/plcSpecial.dir/lib/pico-sdk/src/rp2_common/hardware_timer/timer.c.obj
                0x100054d8                hardware_alarm_cancel
 .text.ph_merge_nodes
                0x10005514       0x58 CMakeFiles/plcSpecial.dir/lib/pico-sdk/src/common/pico_util/pheap.c.obj
 .text.ph_post_alloc_init
                0x1000556c       0x3c CMakeFiles/plcSpecial.dir/lib/pico-sdk/src/common/pico_util/pheap.c.obj
                0x1000556c                ph_post_alloc_init
 .text.ph_merge_two_pass
                0x100055a8       0x8c CMakeFiles/plcSpecial.dir/lib/pico-sdk/src/common/pico_util/pheap.c.obj
                0x100055a8                ph_merge_two_pass
 .text.ph_remove_any_head
                0x10005634      0x100 CMakeFiles/plcSpecial.dir/lib/pico-sdk/src/common/pico_util/pheap.c.obj
 .text.ph_remove_head
                0x10005734      0x104 CMakeFiles/plcSpecial.dir/lib/pico-sdk/src/common/pico_util/pheap.c.obj
                0x10005734                ph_remove_head
 .text.ph_remove_and_free_node
                0x10005838       0x78 CMakeFiles/plcSpecial.dir/lib/pico-sdk/src/common/pico_util/pheap.c.obj
                0x10005838                ph_remove_and_free_node
 .text.uart_init
                0x100058b0      0x18c CMakeFiles/plcSpecial.dir/lib/pico-sdk/src/rp2_common/hardware_uart/uart.c.obj
                0x100058b0                uart_init
 .text.clocks_init
                0x10005a3c      0x2c8 CMakeFiles/plcSpecial.dir/lib/pico-sdk/src/rp2_common/hardware_clocks/clocks.c.obj
                0x10005a3c                clocks_init
 .text.clock_get_hz
                0x10005d04        0xc CMakeFiles/plcSpecial.dir/lib/pico-sdk/src/rp2_common/hardware_clocks/clocks.c.obj
                0x10005d04                clock_get_hz
 .text.pll_init
                0x10005d10       0xa4 CMakeFiles/plcSpecial.dir/lib/pico-sdk/src/rp2_common/hardware_pll/pll.c.obj
                0x10005d10                pll_init
 .text.watchdog_start_tick
                0x10005db4       0x10 CMakeFiles/plcSpecial.dir/lib/pico-sdk/src/rp2_common/hardware_watchdog/watchdog.c.obj
                0x10005db4                watchdog_start_tick
 .text.watchdog_reboot
                0x10005dc4       0x9c CMakeFiles/plcSpecial.dir/lib/pico-sdk/src/rp2_common/hardware_watchdog/watchdog.c.obj
                0x10005dc4                watchdog_reboot
 .text.xosc_init
                0x10005e60       0x28 CMakeFiles/plcSpecial.dir/lib/pico-sdk/src/rp2_common/hardware_xosc/xosc.c.obj
                0x10005e60                xosc_init
 .text.runtime_init
                0x10005e88       0xf0 CMakeFiles/plcSpecial.dir/lib/pico-sdk/src/rp2_common/pico_runtime/runtime.c.obj
                0x10005e88                runtime_init
 .text._exit    0x10005f78        0x4 CMakeFiles/plcSpecial.dir/lib/pico-sdk/src/rp2_common/pico_runtime/runtime.c.obj
                0x10005f78                _exit
 .text._sbrk    0x10005f7c       0x34 CMakeFiles/plcSpecial.dir/lib/pico-sdk/src/rp2_common/pico_runtime/runtime.c.obj
                0x10005f7c                _sbrk
 .text._getpid  0x10005fb0        0x4 CMakeFiles/plcSpecial.dir/lib/pico-sdk/src/rp2_common/pico_runtime/runtime.c.obj
                0x10005fb0                _getpid
 .text._kill    0x10005fb4        0x8 CMakeFiles/plcSpecial.dir/lib/pico-sdk/src/rp2_common/pico_runtime/runtime.c.obj
                0x10005fb4                _kill
 .text.exit     0x10005fbc        0x8 CMakeFiles/plcSpecial.dir/lib/pico-sdk/src/rp2_common/pico_runtime/runtime.c.obj
                0x10005fbc                exit
 .text.panic    0x10005fc4       0x30 CMakeFiles/plcSpecial.dir/lib/pico-sdk/src/rp2_common/pico_runtime/runtime.c.obj
                0x10005fc4                panic
 .text.panic_unsupported
                0x10005ff4        0xc CMakeFiles/plcSpecial.dir/lib/pico-sdk/src/rp2_common/pico_runtime/runtime.c.obj
                0x10005ff4                panic_unsupported
 .text.hard_assertion_failure
                0x10006000        0xc CMakeFiles/plcSpecial.dir/lib/pico-sdk/src/rp2_common/pico_runtime/runtime.c.obj
                0x10006000                hard_assertion_failure
 .text._out_buffer
                0x1000600c        0x8 CMakeFiles/plcSpecial.dir/lib/pico-sdk/src/rp2_common/pico_printf/printf.c.obj
 .text._out_null
                0x10006014        0x4 CMakeFiles/plcSpecial.dir/lib/pico-sdk/src/rp2_common/pico_printf/printf.c.obj
 .text._out_rev
                0x10006018       0xac CMakeFiles/plcSpecial.dir/lib/pico-sdk/src/rp2_common/pico_printf/printf.c.obj
 .text._ntoa_format
                0x100060c4      0x250 CMakeFiles/plcSpecial.dir/lib/pico-sdk/src/rp2_common/pico_printf/printf.c.obj
 .text._out_char
                0x10006314       0x10 CMakeFiles/plcSpecial.dir/lib/pico-sdk/src/rp2_common/pico_printf/printf.c.obj
 .text._etoa    0x10006324      0x464 CMakeFiles/plcSpecial.dir/lib/pico-sdk/src/rp2_common/pico_printf/printf.c.obj
 .text._ftoa    0x10006788      0x3c0 CMakeFiles/plcSpecial.dir/lib/pico-sdk/src/rp2_common/pico_printf/printf.c.obj
 .text._vsnprintf
                0x10006b48      0xbc8 CMakeFiles/plcSpecial.dir/lib/pico-sdk/src/rp2_common/pico_printf/printf.c.obj
 .text.__wrap_sprintf
                0x10007710       0x2c CMakeFiles/plcSpecial.dir/lib/pico-sdk/src/rp2_common/pico_printf/printf.c.obj
                0x10007710                __wrap_sprintf
 .text.__wrap_snprintf
                0x1000773c       0x28 CMakeFiles/plcSpecial.dir/lib/pico-sdk/src/rp2_common/pico_printf/printf.c.obj
                0x1000773c                __wrap_snprintf
 .text.weak_raw_vprintf
                0x10007764       0x30 CMakeFiles/plcSpecial.dir/lib/pico-sdk/src/rp2_common/pico_printf/printf.c.obj
                0x10007764                weak_raw_vprintf
 .text          0x10007794       0x10 CMakeFiles/plcSpecial.dir/lib/pico-sdk/src/rp2_common/pico_bit_ops/bit_ops_aeabi.S.obj
 .text.rom_func_lookup
                0x100077a4       0x10 CMakeFiles/plcSpecial.dir/lib/pico-sdk/src/rp2_common/pico_bootrom/bootrom.c.obj
                0x100077a4                rom_func_lookup
 .text.rom_data_lookup
                0x100077b4       0x10 CMakeFiles/plcSpecial.dir/lib/pico-sdk/src/rp2_common/pico_bootrom/bootrom.c.obj
                0x100077b4                rom_data_lookup
 .text.rom_funcs_lookup
                0x100077c4       0x44 CMakeFiles/plcSpecial.dir/lib/pico-sdk/src/rp2_common/pico_bootrom/bootrom.c.obj
                0x100077c4                rom_funcs_lookup
 .text.__wrap___aeabi_idiv
                0x10007808       0x50 CMakeFiles/plcSpecial.dir/lib/pico-sdk/src/rp2_common/pico_divider/divider.S.obj
                0x10007808                __wrap___aeabi_idivmod
                0x10007808                divmod_s32s32
                0x10007808                div_s32s32
                0x10007808                __wrap___aeabi_idiv
                0x10007810                divmod_s32s32_unsafe
                0x1000783c                divmod_s32s32_savestate
 .text.__wrap___aeabi_uidiv
                0x10007858       0x4c CMakeFiles/plcSpecial.dir/lib/pico-sdk/src/rp2_common/pico_divider/divider.S.obj
                0x10007858                __wrap___aeabi_uidiv
                0x10007858                __wrap___aeabi_uidivmod
                0x10007858                div_u32u32
                0x10007858                divmod_u32u32
                0x10007860                divmod_u32u32_unsafe
                0x10007888                divmod_u32u32_savestate
 .text.__wrap___aeabi_ldiv
                0x100078a4      0x424 CMakeFiles/plcSpecial.dir/lib/pico-sdk/src/rp2_common/pico_divider/divider.S.obj
                0x100078a4                div_s64s64
                0x100078a4                divmod_s64s64
                0x100078a4                __wrap___aeabi_ldivmod
                0x100078d4                div_u64u64
                0x100078d4                divmod_u64u64
                0x100078d4                __wrap___aeabi_uldivmod
                0x100078e4                divmod_u64u64_savestate
                0x10007904                divmod_s64s64_unsafe
                0x1000798c                divmod_u64u64_unsafe
 .text.__wrap___aeabi_darithmetic
                0x10007cc8       0x80 CMakeFiles/plcSpecial.dir/lib/pico-sdk/src/rp2_common/pico_double/double_aeabi.S.obj
                0x10007cc8                __wrap___aeabi_drsub
                0x10007cce                __wrap___aeabi_dsub
                0x10007ce0                __wrap___aeabi_dadd
                0x10007cf2                __wrap___aeabi_ddiv
                0x10007d2e                __wrap___aeabi_dmul
 .text.__wrap___aeabi_cdcmple
                0x10007d48       0x6c CMakeFiles/plcSpecial.dir/lib/pico-sdk/src/rp2_common/pico_double/double_aeabi.S.obj
                0x10007d48                __wrap___aeabi_cdrcmple
                0x10007d58                __wrap___aeabi_cdcmple
                0x10007d58                __wrap___aeabi_cdcmpeq
 .text.__wrap___aeabi_dcmplt
                0x10007db4        0xc CMakeFiles/plcSpecial.dir/lib/pico-sdk/src/rp2_common/pico_double/double_aeabi.S.obj
                0x10007db4                __wrap___aeabi_dcmplt
 .text.__wrap___aeabi_dcmpge
                0x10007dc0       0x10 CMakeFiles/plcSpecial.dir/lib/pico-sdk/src/rp2_common/pico_double/double_aeabi.S.obj
                0x10007dc0                __wrap___aeabi_dcmpge
 .text.__wrap___aeabi_dcmpgt
                0x10007dd0        0xa CMakeFiles/plcSpecial.dir/lib/pico-sdk/src/rp2_common/pico_double/double_aeabi.S.obj
                0x10007dd0                __wrap___aeabi_dcmpgt
 .text.__wrap___aeabi_dcmpun
                0x10007dda       0x1c CMakeFiles/plcSpecial.dir/lib/pico-sdk/src/rp2_common/pico_double/double_aeabi.S.obj
                0x10007dda                __wrap___aeabi_dcmpun
 *fill*         0x10007df6        0x2 
 .text.__wrap___aeabi_i2d
                0x10007df8       0x38 CMakeFiles/plcSpecial.dir/lib/pico-sdk/src/rp2_common/pico_double/double_aeabi.S.obj
                0x10007df8                __wrap___aeabi_ui2d
                0x10007e00                __wrap___aeabi_i2d
 .text.__wrap___aeabi_d2iz
                0x10007e30       0x48 CMakeFiles/plcSpecial.dir/lib/pico-sdk/src/rp2_common/pico_double/double_aeabi.S.obj
                0x10007e30                __wrap___aeabi_d2iz
                0x10007e30                double2int_z
 .text.__wrap___aeabi_d2uiz
                0x10007e78       0x18 CMakeFiles/plcSpecial.dir/lib/pico-sdk/src/rp2_common/pico_double/double_aeabi.S.obj
                0x10007e78                double2uint
                0x10007e78                __wrap___aeabi_d2uiz
 .text.__aeabi_double_init
                0x10007e90       0x98 CMakeFiles/plcSpecial.dir/lib/pico-sdk/src/rp2_common/pico_double/double_init_rom.c.obj
                0x10007e90                __aeabi_double_init
 .text.double_table_shim_on_use_helper
                0x10007f28       0x2c CMakeFiles/plcSpecial.dir/lib/pico-sdk/src/rp2_common/pico_double/double_v1_rom_shim.S.obj
                0x10007f28                double_table_shim_on_use_helper
 .text.__wrap___aeabi_dsub
                0x10007f54       0x10 CMakeFiles/plcSpecial.dir/lib/pico-sdk/src/rp2_common/pico_double/double_v1_rom_shim.S.obj
                0x10007f54                drsub_shim
                0x10007f5a                dsub_shim
 .text.dadd_shim
                0x10007f64      0x15c CMakeFiles/plcSpecial.dir/lib/pico-sdk/src/rp2_common/pico_double/double_v1_rom_shim.S.obj
                0x10007f64                dadd_shim
 .text.dmul_shim
                0x100080c0      0x15c CMakeFiles/plcSpecial.dir/lib/pico-sdk/src/rp2_common/pico_double/double_v1_rom_shim.S.obj
                0x100080c0                dmul_shim
 .text.ddiv_shim
                0x1000821c      0x1b0 CMakeFiles/plcSpecial.dir/lib/pico-sdk/src/rp2_common/pico_double/double_v1_rom_shim.S.obj
                0x1000821c                ddiv_shim
 .text.double2uint_shim
                0x100083cc        0xe CMakeFiles/plcSpecial.dir/lib/pico-sdk/src/rp2_common/pico_double/double_v1_rom_shim.S.obj
                0x100083cc                double2uint_shim
                0x100083ce                double2ufix_shim
 *fill*         0x100083da        0x2 
 .text.double2uint64_shim
                0x100083dc       0x70 CMakeFiles/plcSpecial.dir/lib/pico-sdk/src/rp2_common/pico_double/double_v1_rom_shim.S.obj
                0x100083dc                double2uint64_shim
                0x100083de                double2ufix64_shim
                0x100083fe                d2fix_a
 .text.dunpacks
                0x1000844c       0x3c CMakeFiles/plcSpecial.dir/lib/pico-sdk/src/rp2_common/pico_double/double_v1_rom_shim.S.obj
                0x1000844c                dunpacks
 .text.__aeabi_lmul
                0x10008488       0x32 CMakeFiles/plcSpecial.dir/lib/pico-sdk/src/rp2_common/pico_int64_ops/pico_int64_ops_aeabi.S.obj
                0x10008488                __wrap___aeabi_lmul
 *fill*         0x100084ba        0x2 
 .text.__wrap___aeabi_farithmetic
                0x100084bc       0x48 CMakeFiles/plcSpecial.dir/lib/pico-sdk/src/rp2_common/pico_float/float_aeabi.S.obj
                0x100084bc                __wrap___aeabi_frsub
                0x100084c2                __wrap___aeabi_fsub
                0x100084c8                __wrap___aeabi_fadd
                0x100084ce                __wrap___aeabi_fdiv
                0x100084f6                __wrap___aeabi_fmul
 .text.__wrap___aeabi_ui2f
                0x10008504        0xa CMakeFiles/plcSpecial.dir/lib/pico-sdk/src/rp2_common/pico_float/float_aeabi.S.obj
                0x10008504                __wrap___aeabi_ui2f
 *fill*         0x1000850e        0x2 
 .text.__wrap___aeabi_i2f
                0x10008510       0x44 CMakeFiles/plcSpecial.dir/lib/pico-sdk/src/rp2_common/pico_float/float_aeabi.S.obj
                0x10008510                __wrap___aeabi_i2f
 .text.__wrap___aeabi_f2iz
                0x10008554       0x4e CMakeFiles/plcSpecial.dir/lib/pico-sdk/src/rp2_common/pico_float/float_aeabi.S.obj
                0x10008554                __wrap___aeabi_f2iz
                0x10008554                float2int_z
 *fill*         0x100085a2        0x2 
 .text.float2int
                0x100085a4       0x14 CMakeFiles/plcSpecial.dir/lib/pico-sdk/src/rp2_common/pico_float/float_aeabi.S.obj
                0x100085a4                float2int
 .text.__wrap___aeabi_f2uiz
                0x100085b8        0xc CMakeFiles/plcSpecial.dir/lib/pico-sdk/src/rp2_common/pico_float/float_aeabi.S.obj
                0x100085b8                __wrap___aeabi_f2uiz
 .text.__aeabi_float_init
                0x100085c4       0x64 CMakeFiles/plcSpecial.dir/lib/pico-sdk/src/rp2_common/pico_float/float_init_rom.c.obj
                0x100085c4                __aeabi_float_init
 .text.__wrap_floorf
                0x10008628       0x40 CMakeFiles/plcSpecial.dir/lib/pico-sdk/src/rp2_common/pico_float/float_math.c.obj
                0x10008628                __wrap_floorf
 .text.float_table_shim_on_use_helper
                0x10008668       0x2c CMakeFiles/plcSpecial.dir/lib/pico-sdk/src/rp2_common/pico_float/float_v1_rom_shim.S.obj
                0x10008668                float_table_shim_on_use_helper
 .text.float232_shims
                0x10008694       0x18 CMakeFiles/plcSpecial.dir/lib/pico-sdk/src/rp2_common/pico_float/float_v1_rom_shim.S.obj
                0x10008694                float2int_shim
                0x10008696                float2fix_shim
 .text.__wrap_malloc
                0x100086ac       0x3c CMakeFiles/plcSpecial.dir/lib/pico-sdk/src/rp2_common/pico_malloc/pico_malloc.c.obj
                0x100086ac                __wrap_malloc
 .text.__wrap_realloc
                0x100086e8       0x40 CMakeFiles/plcSpecial.dir/lib/pico-sdk/src/rp2_common/pico_malloc/pico_malloc.c.obj
                0x100086e8                __wrap_realloc
 .text.__wrap_free
                0x10008728       0x20 CMakeFiles/plcSpecial.dir/lib/pico-sdk/src/rp2_common/pico_malloc/pico_malloc.c.obj
                0x10008728                __wrap_free
 .text          0x10008748       0x10 CMakeFiles/plcSpecial.dir/lib/pico-sdk/src/rp2_common/pico_mem_ops/mem_ops_aeabi.S.obj
                0x10008748                __aeabi_mem_init
 .text.memset   0x10008758        0xc CMakeFiles/plcSpecial.dir/lib/pico-sdk/src/rp2_common/pico_mem_ops/mem_ops_aeabi.S.obj
                0x10008758                __wrap_memset
 .text.memcpy   0x10008764        0xc CMakeFiles/plcSpecial.dir/lib/pico-sdk/src/rp2_common/pico_mem_ops/mem_ops_aeabi.S.obj
                0x10008764                __wrap___aeabi_memcpy
                0x10008764                __wrap_memcpy
 .text._Znwj    0x10008770        0x8 CMakeFiles/plcSpecial.dir/lib/pico-sdk/src/rp2_common/pico_standard_link/new_delete.cpp.obj
                0x10008770                operator new(unsigned int)
 .text._ZdlPv   0x10008778        0x8 CMakeFiles/plcSpecial.dir/lib/pico-sdk/src/rp2_common/pico_standard_link/new_delete.cpp.obj
                0x10008778                operator delete(void*)
 .text._ZdlPvj  0x10008780        0x8 CMakeFiles/plcSpecial.dir/lib/pico-sdk/src/rp2_common/pico_standard_link/new_delete.cpp.obj
                0x10008780                operator delete(void*, unsigned int)
 .text.stdio_out_chars_crlf
                0x10008788       0x94 CMakeFiles/plcSpecial.dir/lib/pico-sdk/src/rp2_common/pico_stdio/stdio.c.obj
 .text.__wrap_putchar
                0x1000881c       0x98 CMakeFiles/plcSpecial.dir/lib/pico-sdk/src/rp2_common/pico_stdio/stdio.c.obj
                0x1000881c                __wrap_putchar
 .text.__wrap_puts
                0x100088b4       0xe0 CMakeFiles/plcSpecial.dir/lib/pico-sdk/src/rp2_common/pico_stdio/stdio.c.obj
                0x100088b4                __wrap_puts
 .text._read    0x10008994       0x94 CMakeFiles/plcSpecial.dir/lib/pico-sdk/src/rp2_common/pico_stdio/stdio.c.obj
                0x10008994                _read
 .text._write   0x10008a28       0xb4 CMakeFiles/plcSpecial.dir/lib/pico-sdk/src/rp2_common/pico_stdio/stdio.c.obj
                0x10008a28                _write
 .text._close   0x10008adc        0x8 CMakeFiles/plcSpecial.dir/lib/pico-sdk/src/rp2_common/pico_stdio/stdio.c.obj
                0x10008adc                _close
 .text._lseek   0x10008ae4        0x8 CMakeFiles/plcSpecial.dir/lib/pico-sdk/src/rp2_common/pico_stdio/stdio.c.obj
                0x10008ae4                _lseek
 .text._fstat   0x10008aec        0x8 CMakeFiles/plcSpecial.dir/lib/pico-sdk/src/rp2_common/pico_stdio/stdio.c.obj
                0x10008aec                _fstat
 .text._isatty  0x10008af4        0xc CMakeFiles/plcSpecial.dir/lib/pico-sdk/src/rp2_common/pico_stdio/stdio.c.obj
                0x10008af4                _isatty
 .text.stdio_set_driver_enabled
                0x10008b00       0x30 CMakeFiles/plcSpecial.dir/lib/pico-sdk/src/rp2_common/pico_stdio/stdio.c.obj
                0x10008b00                stdio_set_driver_enabled
 .text.stdio_init_all
                0x10008b30        0x8 CMakeFiles/plcSpecial.dir/lib/pico-sdk/src/rp2_common/pico_stdio/stdio.c.obj
                0x10008b30                stdio_init_all
 .text.resetd_init
                0x10008b38        0x4 CMakeFiles/plcSpecial.dir/lib/pico-sdk/src/rp2_common/pico_stdio_usb/reset_interface.c.obj
 .text.resetd_reset
                0x10008b3c        0xc CMakeFiles/plcSpecial.dir/lib/pico-sdk/src/rp2_common/pico_stdio_usb/reset_interface.c.obj
 .text.resetd_open
                0x10008b48       0x28 CMakeFiles/plcSpecial.dir/lib/pico-sdk/src/rp2_common/pico_stdio_usb/reset_interface.c.obj
 .text.resetd_xfer_cb
                0x10008b70        0x4 CMakeFiles/plcSpecial.dir/lib/pico-sdk/src/rp2_common/pico_stdio_usb/reset_interface.c.obj
 .text.resetd_control_xfer_cb
                0x10008b74       0x60 CMakeFiles/plcSpecial.dir/lib/pico-sdk/src/rp2_common/pico_stdio_usb/reset_interface.c.obj
 .text.usbd_app_driver_get_cb
                0x10008bd4        0xc CMakeFiles/plcSpecial.dir/lib/pico-sdk/src/rp2_common/pico_stdio_usb/reset_interface.c.obj
                0x10008bd4                usbd_app_driver_get_cb
 .text.tud_cdc_line_coding_cb
                0x10008be0       0x34 CMakeFiles/plcSpecial.dir/lib/pico-sdk/src/rp2_common/pico_stdio_usb/reset_interface.c.obj
                0x10008be0                tud_cdc_line_coding_cb
 .text.stdio_usb_set_chars_available_callback
                0x10008c14       0x14 CMakeFiles/plcSpecial.dir/lib/pico-sdk/src/rp2_common/pico_stdio_usb/stdio_usb.c.obj
                0x10008c14                stdio_usb_set_chars_available_callback
 .text.usb_irq  0x10008c28       0x10 CMakeFiles/plcSpecial.dir/lib/pico-sdk/src/rp2_common/pico_stdio_usb/stdio_usb.c.obj
 .text.timer_task
                0x10008c38       0x54 CMakeFiles/plcSpecial.dir/lib/pico-sdk/src/rp2_common/pico_stdio_usb/stdio_usb.c.obj
 .text.stdio_usb_in_chars
                0x10008c8c       0x90 CMakeFiles/plcSpecial.dir/lib/pico-sdk/src/rp2_common/pico_stdio_usb/stdio_usb.c.obj
                0x10008c8c                stdio_usb_in_chars
 .text.stdio_usb_out_chars
                0x10008d1c      0x104 CMakeFiles/plcSpecial.dir/lib/pico-sdk/src/rp2_common/pico_stdio_usb/stdio_usb.c.obj
 .text.low_priority_worker_irq
                0x10008e20       0xa8 CMakeFiles/plcSpecial.dir/lib/pico-sdk/src/rp2_common/pico_stdio_usb/stdio_usb.c.obj
 .text.tud_cdc_rx_cb
                0x10008ec8       0x20 CMakeFiles/plcSpecial.dir/lib/pico-sdk/src/rp2_common/pico_stdio_usb/stdio_usb.c.obj
                0x10008ec8                tud_cdc_rx_cb
 .text.stdio_usb_init
                0x10008ee8       0xe0 CMakeFiles/plcSpecial.dir/lib/pico-sdk/src/rp2_common/pico_stdio_usb/stdio_usb.c.obj
                0x10008ee8                stdio_usb_init
 .text.tud_descriptor_device_cb
                0x10008fc8        0x8 CMakeFiles/plcSpecial.dir/lib/pico-sdk/src/rp2_common/pico_stdio_usb/stdio_usb_descriptors.c.obj
                0x10008fc8                tud_descriptor_device_cb
 .text.tud_descriptor_configuration_cb
                0x10008fd0        0x8 CMakeFiles/plcSpecial.dir/lib/pico-sdk/src/rp2_common/pico_stdio_usb/stdio_usb_descriptors.c.obj
                0x10008fd0                tud_descriptor_configuration_cb
 .text.tud_descriptor_string_cb
                0x10008fd8       0x78 CMakeFiles/plcSpecial.dir/lib/pico-sdk/src/rp2_common/pico_stdio_usb/stdio_usb_descriptors.c.obj
                0x10008fd8                tud_descriptor_string_cb
 .text.startup._retrieve_unique_id_on_boot
                0x10009050       0x10 CMakeFiles/plcSpecial.dir/lib/pico-sdk/src/rp2_common/pico_unique_id/unique_id.c.obj
 .text.pico_get_unique_board_id_string
                0x10009060      0x1a8 CMakeFiles/plcSpecial.dir/lib/pico-sdk/src/rp2_common/pico_unique_id/unique_id.c.obj
                0x10009060                pico_get_unique_board_id_string
 .text.flash_get_unique_id
                0x10009208       0x3c CMakeFiles/plcSpecial.dir/lib/pico-sdk/src/rp2_common/hardware_flash/flash.c.obj
                0x10009208                flash_get_unique_id
 .text.dcd_int_enable
                0x10009244        0xc CMakeFiles/plcSpecial.dir/lib/pico-sdk/lib/tinyusb/src/portable/raspberrypi/rp2040/dcd_rp2040.c.obj
                0x10009244                dcd_int_enable
 .text.dcd_set_address
                0x10009250       0x14 CMakeFiles/plcSpecial.dir/lib/pico-sdk/lib/tinyusb/src/portable/raspberrypi/rp2040/dcd_rp2040.c.obj
                0x10009250                dcd_set_address
 .text.dcd_connect
                0x10009264       0x10 CMakeFiles/plcSpecial.dir/lib/pico-sdk/lib/tinyusb/src/portable/raspberrypi/rp2040/dcd_rp2040.c.obj
                0x10009264                dcd_connect
 .text.dcd_init
                0x10009274       0x98 CMakeFiles/plcSpecial.dir/lib/pico-sdk/lib/tinyusb/src/portable/raspberrypi/rp2040/dcd_rp2040.c.obj
                0x10009274                dcd_init
 .text.dcd_edpt0_status_complete
                0x1000930c       0x1c CMakeFiles/plcSpecial.dir/lib/pico-sdk/lib/tinyusb/src/portable/raspberrypi/rp2040/dcd_rp2040.c.obj
                0x1000930c                dcd_edpt0_status_complete
 .text.dcd_edpt_open
                0x10009328      0x108 CMakeFiles/plcSpecial.dir/lib/pico-sdk/lib/tinyusb/src/portable/raspberrypi/rp2040/dcd_rp2040.c.obj
                0x10009328                dcd_edpt_open
 .text.dcd_edpt_close_all
                0x10009430        0x8 CMakeFiles/plcSpecial.dir/lib/pico-sdk/lib/tinyusb/src/portable/raspberrypi/rp2040/dcd_rp2040.c.obj
                0x10009430                dcd_edpt_close_all
 .text.dcd_edpt_xfer
                0x10009438       0x24 CMakeFiles/plcSpecial.dir/lib/pico-sdk/lib/tinyusb/src/portable/raspberrypi/rp2040/dcd_rp2040.c.obj
                0x10009438                dcd_edpt_xfer
 .text.dcd_edpt_stall
                0x1000945c       0x34 CMakeFiles/plcSpecial.dir/lib/pico-sdk/lib/tinyusb/src/portable/raspberrypi/rp2040/dcd_rp2040.c.obj
                0x1000945c                dcd_edpt_stall
 .text.dcd_edpt_clear_stall
                0x10009490       0x30 CMakeFiles/plcSpecial.dir/lib/pico-sdk/lib/tinyusb/src/portable/raspberrypi/rp2040/dcd_rp2040.c.obj
                0x10009490                dcd_edpt_clear_stall
 .text.rp2040_usb_init
                0x100094c0       0x4c CMakeFiles/plcSpecial.dir/lib/pico-sdk/lib/tinyusb/src/portable/raspberrypi/rp2040/rp2040_usb.c.obj
                0x100094c0                rp2040_usb_init
 .text.hw_endpoint_xfer_start
                0x1000950c       0x40 CMakeFiles/plcSpecial.dir/lib/pico-sdk/lib/tinyusb/src/portable/raspberrypi/rp2040/rp2040_usb.c.obj
                0x1000950c                hw_endpoint_xfer_start
 .text.tud_mounted
                0x1000954c       0x10 CMakeFiles/plcSpecial.dir/lib/pico-sdk/lib/tinyusb/src/device/usbd.c.obj
                0x1000954c                tud_mounted
 .text.tud_suspended
                0x1000955c       0x10 CMakeFiles/plcSpecial.dir/lib/pico-sdk/lib/tinyusb/src/device/usbd.c.obj
                0x1000955c                tud_suspended
 .text.tud_inited
                0x1000956c       0x14 CMakeFiles/plcSpecial.dir/lib/pico-sdk/lib/tinyusb/src/device/usbd.c.obj
                0x1000956c                tud_inited
 .text.tud_init
                0x10009580       0xdc CMakeFiles/plcSpecial.dir/lib/pico-sdk/lib/tinyusb/src/device/usbd.c.obj
                0x10009580                tud_init
 .text.tud_task_ext
                0x1000965c      0x850 CMakeFiles/plcSpecial.dir/lib/pico-sdk/lib/tinyusb/src/device/usbd.c.obj
                0x1000965c                tud_task_ext
 .text.usbd_open_edpt_pair
                0x10009eac       0x9c CMakeFiles/plcSpecial.dir/lib/pico-sdk/lib/tinyusb/src/device/usbd.c.obj
                0x10009eac                usbd_open_edpt_pair
 .text.usbd_defer_func
                0x10009f48       0x48 CMakeFiles/plcSpecial.dir/lib/pico-sdk/lib/tinyusb/src/device/usbd.c.obj
                0x10009f48                usbd_defer_func
 .text.usbd_edpt_open
                0x10009f90       0x34 CMakeFiles/plcSpecial.dir/lib/pico-sdk/lib/tinyusb/src/device/usbd.c.obj
                0x10009f90                usbd_edpt_open
 .text.usbd_edpt_claim
                0x10009fc4       0x28 CMakeFiles/plcSpecial.dir/lib/pico-sdk/lib/tinyusb/src/device/usbd.c.obj
                0x10009fc4                usbd_edpt_claim
 .text.usbd_edpt_release
                0x10009fec       0x28 CMakeFiles/plcSpecial.dir/lib/pico-sdk/lib/tinyusb/src/device/usbd.c.obj
                0x10009fec                usbd_edpt_release
 .text.usbd_edpt_xfer
                0x1000a014       0x4c CMakeFiles/plcSpecial.dir/lib/pico-sdk/lib/tinyusb/src/device/usbd.c.obj
                0x1000a014                usbd_edpt_xfer
 .text.tud_control_status
                0x1000a060       0x2c CMakeFiles/plcSpecial.dir/lib/pico-sdk/lib/tinyusb/src/device/usbd_control.c.obj
                0x1000a060                tud_control_status
 .text.tud_control_xfer
                0x1000a08c       0xac CMakeFiles/plcSpecial.dir/lib/pico-sdk/lib/tinyusb/src/device/usbd_control.c.obj
                0x1000a08c                tud_control_xfer
 .text.usbd_control_reset
                0x1000a138       0x14 CMakeFiles/plcSpecial.dir/lib/pico-sdk/lib/tinyusb/src/device/usbd_control.c.obj
                0x1000a138                usbd_control_reset
 .text.usbd_control_set_complete_callback
                0x1000a14c        0xc CMakeFiles/plcSpecial.dir/lib/pico-sdk/lib/tinyusb/src/device/usbd_control.c.obj
                0x1000a14c                usbd_control_set_complete_callback
 .text.usbd_control_set_request
                0x1000a158       0x1c CMakeFiles/plcSpecial.dir/lib/pico-sdk/lib/tinyusb/src/device/usbd_control.c.obj
                0x1000a158                usbd_control_set_request
 .text.usbd_control_xfer_cb
                0x1000a174       0xf4 CMakeFiles/plcSpecial.dir/lib/pico-sdk/lib/tinyusb/src/device/usbd_control.c.obj
                0x1000a174                usbd_control_xfer_cb
 .text.tud_cdc_n_connected
                0x1000a268       0x30 CMakeFiles/plcSpecial.dir/lib/pico-sdk/lib/tinyusb/src/class/cdc/cdc_device.c.obj
                0x1000a268                tud_cdc_n_connected
 .text.tud_cdc_n_available
                0x1000a298       0x18 CMakeFiles/plcSpecial.dir/lib/pico-sdk/lib/tinyusb/src/class/cdc/cdc_device.c.obj
                0x1000a298                tud_cdc_n_available
 .text.tud_cdc_n_read
                0x1000a2b0       0x70 CMakeFiles/plcSpecial.dir/lib/pico-sdk/lib/tinyusb/src/class/cdc/cdc_device.c.obj
                0x1000a2b0                tud_cdc_n_read
 .text.tud_cdc_n_write_flush
                0x1000a320       0x78 CMakeFiles/plcSpecial.dir/lib/pico-sdk/lib/tinyusb/src/class/cdc/cdc_device.c.obj
                0x1000a320                tud_cdc_n_write_flush
 .text.tud_cdc_n_write
                0x1000a398       0x34 CMakeFiles/plcSpecial.dir/lib/pico-sdk/lib/tinyusb/src/class/cdc/cdc_device.c.obj
                0x1000a398                tud_cdc_n_write
 .text.tud_cdc_n_write_available
                0x1000a3cc       0x18 CMakeFiles/plcSpecial.dir/lib/pico-sdk/lib/tinyusb/src/class/cdc/cdc_device.c.obj
                0x1000a3cc                tud_cdc_n_write_available
 .text.cdcd_init
                0x1000a3e4       0x7c CMakeFiles/plcSpecial.dir/lib/pico-sdk/lib/tinyusb/src/class/cdc/cdc_device.c.obj
                0x1000a3e4                cdcd_init
 .text.cdcd_reset
                0x1000a460       0x2c CMakeFiles/plcSpecial.dir/lib/pico-sdk/lib/tinyusb/src/class/cdc/cdc_device.c.obj
                0x1000a460                cdcd_reset
 .text.cdcd_open
                0x1000a48c       0xe4 CMakeFiles/plcSpecial.dir/lib/pico-sdk/lib/tinyusb/src/class/cdc/cdc_device.c.obj
                0x1000a48c                cdcd_open
 .text.cdcd_control_xfer_cb
                0x1000a570       0xe4 CMakeFiles/plcSpecial.dir/lib/pico-sdk/lib/tinyusb/src/class/cdc/cdc_device.c.obj
                0x1000a570                cdcd_control_xfer_cb
 .text.cdcd_xfer_cb
                0x1000a654      0x13c CMakeFiles/plcSpecial.dir/lib/pico-sdk/lib/tinyusb/src/class/cdc/cdc_device.c.obj
                0x1000a654                cdcd_xfer_cb
 .text.tusb_init
                0x1000a790        0xc CMakeFiles/plcSpecial.dir/lib/pico-sdk/lib/tinyusb/src/tusb.c.obj
                0x1000a790                tusb_init
 .text.tusb_inited
                0x1000a79c        0x8 CMakeFiles/plcSpecial.dir/lib/pico-sdk/lib/tinyusb/src/tusb.c.obj
                0x1000a79c                tusb_inited
 .text.tu_edpt_claim
                0x1000a7a4       0x50 CMakeFiles/plcSpecial.dir/lib/pico-sdk/lib/tinyusb/src/tusb.c.obj
                0x1000a7a4                tu_edpt_claim
 .text.tu_edpt_release
                0x1000a7f4       0x38 CMakeFiles/plcSpecial.dir/lib/pico-sdk/lib/tinyusb/src/tusb.c.obj
                0x1000a7f4                tu_edpt_release
 .text.tu_edpt_validate
                0x1000a82c       0x7c CMakeFiles/plcSpecial.dir/lib/pico-sdk/lib/tinyusb/src/tusb.c.obj
                0x1000a82c                tu_edpt_validate
 .text.tu_edpt_bind_driver
                0x1000a8a8       0x34 CMakeFiles/plcSpecial.dir/lib/pico-sdk/lib/tinyusb/src/tusb.c.obj
                0x1000a8a8                tu_edpt_bind_driver
 .text.tu_fifo_config
                0x1000a8dc       0x6c CMakeFiles/plcSpecial.dir/lib/pico-sdk/lib/tinyusb/src/common/tusb_fifo.c.obj
                0x1000a8dc                tu_fifo_config
 .text.tu_fifo_count
                0x1000a948       0x2c CMakeFiles/plcSpecial.dir/lib/pico-sdk/lib/tinyusb/src/common/tusb_fifo.c.obj
                0x1000a948                tu_fifo_count
 .text.tu_fifo_empty
                0x1000a974       0x10 CMakeFiles/plcSpecial.dir/lib/pico-sdk/lib/tinyusb/src/common/tusb_fifo.c.obj
                0x1000a974                tu_fifo_empty
 .text.tu_fifo_remaining
                0x1000a984       0x2c CMakeFiles/plcSpecial.dir/lib/pico-sdk/lib/tinyusb/src/common/tusb_fifo.c.obj
                0x1000a984                tu_fifo_remaining
 .text.tu_fifo_read
                0x1000a9b0       0x9c CMakeFiles/plcSpecial.dir/lib/pico-sdk/lib/tinyusb/src/common/tusb_fifo.c.obj
                0x1000a9b0                tu_fifo_read
 .text.tu_fifo_read_n
                0x1000aa4c       0xe8 CMakeFiles/plcSpecial.dir/lib/pico-sdk/lib/tinyusb/src/common/tusb_fifo.c.obj
                0x1000aa4c                tu_fifo_read_n
 .text.tu_fifo_write
                0x1000ab34       0xa8 CMakeFiles/plcSpecial.dir/lib/pico-sdk/lib/tinyusb/src/common/tusb_fifo.c.obj
                0x1000ab34                tu_fifo_write
 .text.tu_fifo_write_n
                0x1000abdc      0x178 CMakeFiles/plcSpecial.dir/lib/pico-sdk/lib/tinyusb/src/common/tusb_fifo.c.obj
                0x1000abdc                tu_fifo_write_n
 .text.tu_fifo_clear
                0x1000ad54       0x40 CMakeFiles/plcSpecial.dir/lib/pico-sdk/lib/tinyusb/src/common/tusb_fifo.c.obj
                0x1000ad54                tu_fifo_clear
 .text.tu_fifo_set_overwritable
                0x1000ad94       0x48 CMakeFiles/plcSpecial.dir/lib/pico-sdk/lib/tinyusb/src/common/tusb_fifo.c.obj
                0x1000ad94                tu_fifo_set_overwritable
 .text._ZN8One_wireC2Ejjb
                0x1000addc       0x30 CMakeFiles/plcSpecial.dir/lib/pico-onewire/source/one_wire.cpp.obj
                0x1000addc                One_wire::One_wire(unsigned int, unsigned int, bool)
                0x1000addc                One_wire::One_wire(unsigned int, unsigned int, bool)
 .text._ZN8One_wire4initEv
                0x1000ae0c      0x17c CMakeFiles/plcSpecial.dir/lib/pico-onewire/source/one_wire.cpp.obj
                0x1000ae0c                One_wire::init()
 .text._ZN8One_wireD2Ev
                0x1000af88       0x14 CMakeFiles/plcSpecial.dir/lib/pico-onewire/source/one_wire.cpp.obj
                0x1000af88                One_wire::~One_wire()
                0x1000af88                One_wire::~One_wire()
 .text._ZN8One_wire22single_device_read_romER13rom_address_t
                0x1000af9c      0x130 CMakeFiles/plcSpecial.dir/lib/pico-onewire/source/one_wire.cpp.obj
                0x1000af9c                One_wire::single_device_read_rom(rom_address_t&)
 .text._ZN8One_wire9match_romER13rom_address_t
                0x1000b0cc      0x140 CMakeFiles/plcSpecial.dir/lib/pico-onewire/source/one_wire.cpp.obj
                0x1000b0cc                One_wire::match_rom(rom_address_t&)
 .text._ZN8One_wire19convert_temperatureER13rom_address_tbb
                0x1000b20c      0x1f8 CMakeFiles/plcSpecial.dir/lib/pico-onewire/source/one_wire.cpp.obj
                0x1000b20c                One_wire::convert_temperature(rom_address_t&, bool, bool)
 .text._ZN8One_wire16read_scratch_padER13rom_address_t
                0x1000b404      0x110 CMakeFiles/plcSpecial.dir/lib/pico-onewire/source/one_wire.cpp.obj
                0x1000b404                One_wire::read_scratch_pad(rom_address_t&)
 .text._ZN8One_wire11temperatureER13rom_address_tb
                0x1000b514      0x354 CMakeFiles/plcSpecial.dir/lib/pico-onewire/source/one_wire.cpp.obj
                0x1000b514                One_wire::temperature(rom_address_t&, bool)
 .text.startup._GLOBAL__sub_I_found_addresses
                0x1000b868       0x14 CMakeFiles/plcSpecial.dir/lib/pico-onewire/source/one_wire.cpp.obj
 .text.pvPortMalloc
                0x1000b87c      0x12c CMakeFiles/plcSpecial.dir/lib/FreeRTOS-Kernel/portable/MemMang/heap_4.c.obj
                0x1000b87c                pvPortMalloc
 .text.vPortFree
                0x1000b9a8       0x98 CMakeFiles/plcSpecial.dir/lib/FreeRTOS-Kernel/portable/MemMang/heap_4.c.obj
                0x1000b9a8                vPortFree
 .text.vPortSVCHandler
                0x1000ba40        0x4 CMakeFiles/plcSpecial.dir/lib/FreeRTOS-Kernel/portable/ThirdParty/GCC/RP2040/port.c.obj
                0x1000ba40                vPortSVCHandler
 *fill*         0x1000ba44        0xc 
 .text.vPortStartFirstTask
                0x1000ba50       0x34 CMakeFiles/plcSpecial.dir/lib/FreeRTOS-Kernel/portable/ThirdParty/GCC/RP2040/port.c.obj
 *fill*         0x1000ba84        0xc 
 .text.xPortPendSVHandler
                0x1000ba90       0x64 CMakeFiles/plcSpecial.dir/lib/FreeRTOS-Kernel/portable/ThirdParty/GCC/RP2040/port.c.obj
                0x1000ba90                xPortPendSVHandler
 .text.prvFIFOInterruptHandler
                0x1000baf4       0x78 CMakeFiles/plcSpecial.dir/lib/FreeRTOS-Kernel/portable/ThirdParty/GCC/RP2040/port.c.obj
 .text.prvTaskExitError
                0x1000bb6c        0x8 CMakeFiles/plcSpecial.dir/lib/FreeRTOS-Kernel/portable/ThirdParty/GCC/RP2040/port.c.obj
 .text.pxPortInitialiseStack
                0x1000bb74       0x20 CMakeFiles/plcSpecial.dir/lib/FreeRTOS-Kernel/portable/ThirdParty/GCC/RP2040/port.c.obj
                0x1000bb74                pxPortInitialiseStack
 .text.vPortYield
                0x1000bb94       0x18 CMakeFiles/plcSpecial.dir/lib/FreeRTOS-Kernel/portable/ThirdParty/GCC/RP2040/port.c.obj
                0x1000bb94                vPortYield
 .text.vPortEnterCritical
                0x1000bbac       0x18 CMakeFiles/plcSpecial.dir/lib/FreeRTOS-Kernel/portable/ThirdParty/GCC/RP2040/port.c.obj
                0x1000bbac                vPortEnterCritical
 .text.vPortExitCritical
                0x1000bbc4       0x34 CMakeFiles/plcSpecial.dir/lib/FreeRTOS-Kernel/portable/ThirdParty/GCC/RP2040/port.c.obj
                0x1000bbc4                vPortExitCritical
 .text.ulSetInterruptMaskFromISR
                0x1000bbf8        0x8 CMakeFiles/plcSpecial.dir/lib/FreeRTOS-Kernel/portable/ThirdParty/GCC/RP2040/port.c.obj
                0x1000bbf8                ulSetInterruptMaskFromISR
 .text.vClearInterruptMaskFromISR
                0x1000bc00        0x8 CMakeFiles/plcSpecial.dir/lib/FreeRTOS-Kernel/portable/ThirdParty/GCC/RP2040/port.c.obj
                0x1000bc00                vClearInterruptMaskFromISR
 .text.xPortSysTickHandler
                0x1000bc08       0x24 CMakeFiles/plcSpecial.dir/lib/FreeRTOS-Kernel/portable/ThirdParty/GCC/RP2040/port.c.obj
                0x1000bc08                xPortSysTickHandler
 .text.vPortSetupTimerInterrupt
                0x1000bc2c       0x34 CMakeFiles/plcSpecial.dir/lib/FreeRTOS-Kernel/portable/ThirdParty/GCC/RP2040/port.c.obj
                0x1000bc2c                vPortSetupTimerInterrupt
 .text.xPortStartScheduler
                0x1000bc60       0xa0 CMakeFiles/plcSpecial.dir/lib/FreeRTOS-Kernel/portable/ThirdParty/GCC/RP2040/port.c.obj
                0x1000bc60                xPortStartScheduler
 .text.ulPortLockGetCurrentOwnerId
                0x1000bd00       0x2c CMakeFiles/plcSpecial.dir/lib/FreeRTOS-Kernel/portable/ThirdParty/GCC/RP2040/port.c.obj
                0x1000bd00                ulPortLockGetCurrentOwnerId
 .text.vPortLockInternalSpinUnlockWithWait
                0x1000bd2c       0x68 CMakeFiles/plcSpecial.dir/lib/FreeRTOS-Kernel/portable/ThirdParty/GCC/RP2040/port.c.obj
                0x1000bd2c                vPortLockInternalSpinUnlockWithWait
 .text.vPortLockInternalSpinUnlockWithNotify
                0x1000bd94       0xc8 CMakeFiles/plcSpecial.dir/lib/FreeRTOS-Kernel/portable/ThirdParty/GCC/RP2040/port.c.obj
                0x1000bd94                vPortLockInternalSpinUnlockWithNotify
 .text.xPortLockInternalSpinUnlockWithBestEffortWaitOrTimeout
                0x1000be5c       0xfc CMakeFiles/plcSpecial.dir/lib/FreeRTOS-Kernel/portable/ThirdParty/GCC/RP2040/port.c.obj
                0x1000be5c                xPortLockInternalSpinUnlockWithBestEffortWaitOrTimeout
 .text.startup.prvRuntimeInitializer
                0x1000bf58       0x28 CMakeFiles/plcSpecial.dir/lib/FreeRTOS-Kernel/portable/ThirdParty/GCC/RP2040/port.c.obj
 .text.vEventGroupSetBitsCallback
                0x1000bf80       0x90 CMakeFiles/plcSpecial.dir/lib/FreeRTOS-Kernel/event_groups.c.obj
                0x1000bf80                vEventGroupSetBitsCallback
 .text.xEventGroupCreate
                0x1000c010       0x18 CMakeFiles/plcSpecial.dir/lib/FreeRTOS-Kernel/event_groups.c.obj
                0x1000c010                xEventGroupCreate
 .text.xEventGroupWaitBits
                0x1000c028       0xb8 CMakeFiles/plcSpecial.dir/lib/FreeRTOS-Kernel/event_groups.c.obj
                0x1000c028                xEventGroupWaitBits
 .text.xEventGroupSetBits
                0x1000c0e0       0x94 CMakeFiles/plcSpecial.dir/lib/FreeRTOS-Kernel/event_groups.c.obj
                0x1000c0e0                xEventGroupSetBits
 .text.xEventGroupSetBitsFromISR
                0x1000c174       0x18 CMakeFiles/plcSpecial.dir/lib/FreeRTOS-Kernel/event_groups.c.obj
                0x1000c174                xEventGroupSetBitsFromISR
 .text.vListInitialise
                0x1000c18c       0x18 CMakeFiles/plcSpecial.dir/lib/FreeRTOS-Kernel/list.c.obj
                0x1000c18c                vListInitialise
 .text.vListInitialiseItem
                0x1000c1a4        0x8 CMakeFiles/plcSpecial.dir/lib/FreeRTOS-Kernel/list.c.obj
                0x1000c1a4                vListInitialiseItem
 .text.vListInsertEnd
                0x1000c1ac       0x18 CMakeFiles/plcSpecial.dir/lib/FreeRTOS-Kernel/list.c.obj
                0x1000c1ac                vListInsertEnd
 .text.vListInsert
                0x1000c1c4       0x30 CMakeFiles/plcSpecial.dir/lib/FreeRTOS-Kernel/list.c.obj
                0x1000c1c4                vListInsert
 .text.uxListRemove
                0x1000c1f4       0x24 CMakeFiles/plcSpecial.dir/lib/FreeRTOS-Kernel/list.c.obj
                0x1000c1f4                uxListRemove
 .text.prvUnlockQueue
                0x1000c218      0x180 CMakeFiles/plcSpecial.dir/lib/FreeRTOS-Kernel/queue.c.obj
 .text.prvNotifyQueueSetContainer
                0x1000c398       0x90 CMakeFiles/plcSpecial.dir/lib/FreeRTOS-Kernel/queue.c.obj
 .text.xQueueGenericCreate
                0x1000c428       0xa4 CMakeFiles/plcSpecial.dir/lib/FreeRTOS-Kernel/queue.c.obj
                0x1000c428                xQueueGenericCreate
 .text.xQueueGenericSendFromISR
                0x1000c4cc      0x134 CMakeFiles/plcSpecial.dir/lib/FreeRTOS-Kernel/queue.c.obj
                0x1000c4cc                xQueueGenericSendFromISR
 .text.xQueueReceive
                0x1000c600      0x11c CMakeFiles/plcSpecial.dir/lib/FreeRTOS-Kernel/queue.c.obj
                0x1000c600                xQueueReceive
 .text.vQueueAddToRegistry
                0x1000c71c      0x118 CMakeFiles/plcSpecial.dir/lib/FreeRTOS-Kernel/queue.c.obj
                0x1000c71c                vQueueAddToRegistry
 .text.vQueueWaitForMessageRestricted
                0x1000c834       0x48 CMakeFiles/plcSpecial.dir/lib/FreeRTOS-Kernel/queue.c.obj
                0x1000c834                vQueueWaitForMessageRestricted
 .text.prvIdleTask
                0x1000c87c       0x60 CMakeFiles/plcSpecial.dir/lib/FreeRTOS-Kernel/tasks.c.obj
 .text.xTaskIncrementTick.part.0
                0x1000c8dc      0x190 CMakeFiles/plcSpecial.dir/lib/FreeRTOS-Kernel/tasks.c.obj
 .text.xTaskCreate
                0x1000ca6c      0x244 CMakeFiles/plcSpecial.dir/lib/FreeRTOS-Kernel/tasks.c.obj
                0x1000ca6c                xTaskCreate
 .text.vTaskDelete
                0x1000ccb0       0xb8 CMakeFiles/plcSpecial.dir/lib/FreeRTOS-Kernel/tasks.c.obj
                0x1000ccb0                vTaskDelete
 .text.vTaskStartScheduler
                0x1000cd68      0x1d8 CMakeFiles/plcSpecial.dir/lib/FreeRTOS-Kernel/tasks.c.obj
                0x1000cd68                vTaskStartScheduler
 .text.vTaskSuspendAll
                0x1000cf40       0x10 CMakeFiles/plcSpecial.dir/lib/FreeRTOS-Kernel/tasks.c.obj
                0x1000cf40                vTaskSuspendAll
 .text.xTaskResumeAll
                0x1000cf50      0x180 CMakeFiles/plcSpecial.dir/lib/FreeRTOS-Kernel/tasks.c.obj
                0x1000cf50                xTaskResumeAll
 .text.vTaskDelay
                0x1000d0d0       0x78 CMakeFiles/plcSpecial.dir/lib/FreeRTOS-Kernel/tasks.c.obj
                0x1000d0d0                vTaskDelay
 .text.xTaskGetTickCount
                0x1000d148        0xc CMakeFiles/plcSpecial.dir/lib/FreeRTOS-Kernel/tasks.c.obj
                0x1000d148                xTaskGetTickCount
 .text.uxTaskGetNumberOfTasks
                0x1000d154        0xc CMakeFiles/plcSpecial.dir/lib/FreeRTOS-Kernel/tasks.c.obj
                0x1000d154                uxTaskGetNumberOfTasks
 .text.xTaskIncrementTick
                0x1000d160       0x24 CMakeFiles/plcSpecial.dir/lib/FreeRTOS-Kernel/tasks.c.obj
                0x1000d160                xTaskIncrementTick
 .text.vTaskSwitchContext
                0x1000d184       0x6c CMakeFiles/plcSpecial.dir/lib/FreeRTOS-Kernel/tasks.c.obj
                0x1000d184                vTaskSwitchContext
 .text.vTaskPlaceOnEventList
                0x1000d1f0       0x94 CMakeFiles/plcSpecial.dir/lib/FreeRTOS-Kernel/tasks.c.obj
                0x1000d1f0                vTaskPlaceOnEventList
 .text.vTaskPlaceOnUnorderedEventList
                0x1000d284       0xb8 CMakeFiles/plcSpecial.dir/lib/FreeRTOS-Kernel/tasks.c.obj
                0x1000d284                vTaskPlaceOnUnorderedEventList
 .text.vTaskPlaceOnEventListRestricted
                0x1000d33c       0xc0 CMakeFiles/plcSpecial.dir/lib/FreeRTOS-Kernel/tasks.c.obj
                0x1000d33c                vTaskPlaceOnEventListRestricted
 .text.xTaskRemoveFromEventList
                0x1000d3fc       0xcc CMakeFiles/plcSpecial.dir/lib/FreeRTOS-Kernel/tasks.c.obj
                0x1000d3fc                xTaskRemoveFromEventList
 .text.vTaskRemoveFromUnorderedEventList
                0x1000d4c8       0x94 CMakeFiles/plcSpecial.dir/lib/FreeRTOS-Kernel/tasks.c.obj
                0x1000d4c8                vTaskRemoveFromUnorderedEventList
 .text.vTaskInternalSetTimeOutState
                0x1000d55c       0x18 CMakeFiles/plcSpecial.dir/lib/FreeRTOS-Kernel/tasks.c.obj
                0x1000d55c                vTaskInternalSetTimeOutState
 .text.xTaskCheckForTimeOut
                0x1000d574       0x74 CMakeFiles/plcSpecial.dir/lib/FreeRTOS-Kernel/tasks.c.obj
                0x1000d574                xTaskCheckForTimeOut
 .text.vTaskMissedYield
                0x1000d5e8        0xc CMakeFiles/plcSpecial.dir/lib/FreeRTOS-Kernel/tasks.c.obj
                0x1000d5e8                vTaskMissedYield
 .text.xTaskGetCurrentTaskHandle
                0x1000d5f4        0xc CMakeFiles/plcSpecial.dir/lib/FreeRTOS-Kernel/tasks.c.obj
                0x1000d5f4                xTaskGetCurrentTaskHandle
 .text.xTaskPriorityDisinherit
                0x1000d600       0x64 CMakeFiles/plcSpecial.dir/lib/FreeRTOS-Kernel/tasks.c.obj
                0x1000d600                xTaskPriorityDisinherit
 .text.uxTaskResetEventItemValue
                0x1000d664       0x18 CMakeFiles/plcSpecial.dir/lib/FreeRTOS-Kernel/tasks.c.obj
                0x1000d664                uxTaskResetEventItemValue
 .text.prvTimerTask
                0x1000d67c      0x384 CMakeFiles/plcSpecial.dir/lib/FreeRTOS-Kernel/timers.c.obj
 .text.xTimerCreateTimerTask
                0x1000da00       0x8c CMakeFiles/plcSpecial.dir/lib/FreeRTOS-Kernel/timers.c.obj
                0x1000da00                xTimerCreateTimerTask
 .text.xTimerPendFunctionCallFromISR
                0x1000da8c       0x28 CMakeFiles/plcSpecial.dir/lib/FreeRTOS-Kernel/timers.c.obj
                0x1000da8c                xTimerPendFunctionCallFromISR
 .text.exception_set_exclusive_handler
                0x1000dab4       0x48 CMakeFiles/plcSpecial.dir/lib/pico-sdk/src/rp2_common/hardware_exception/exception.c.obj
                0x1000dab4                exception_set_exclusive_handler
 .text.__cxa_guard_acquire
                0x1000dafc       0x38 /usr/bin/../lib/gcc/arm-none-eabi/13.2.1/../../../../arm-none-eabi/lib/thumb/v6-m/nofp/libstdc++.a(guard.o)
                0x1000dafc                __cxa_guard_acquire
 .text.__cxa_guard_release
                0x1000db34        0x8 /usr/bin/../lib/gcc/arm-none-eabi/13.2.1/../../../../arm-none-eabi/lib/thumb/v6-m/nofp/libstdc++.a(guard.o)
                0x1000db34                __cxa_guard_release
 .text._ZN9__gnu_cxx20recursive_init_errorD2Ev
                0x1000db3c       0x14 /usr/bin/../lib/gcc/arm-none-eabi/13.2.1/../../../../arm-none-eabi/lib/thumb/v6-m/nofp/libstdc++.a(guard_error.o)
                0x1000db3c                __gnu_cxx::recursive_init_error::~recursive_init_error()
                0x1000db3c                __gnu_cxx::recursive_init_error::~recursive_init_error()
 .text._ZN9__gnu_cxx20recursive_init_errorD0Ev
                0x1000db50       0x1c /usr/bin/../lib/gcc/arm-none-eabi/13.2.1/../../../../arm-none-eabi/lib/thumb/v6-m/nofp/libstdc++.a(guard_error.o)
                0x1000db50                __gnu_cxx::recursive_init_error::~recursive_init_error()
 .text._ZN9__gnu_cxx20recursive_init_errorC2Ev
                0x1000db6c        0xc /usr/bin/../lib/gcc/arm-none-eabi/13.2.1/../../../../arm-none-eabi/lib/thumb/v6-m/nofp/libstdc++.a(guard_error.o)
                0x1000db6c                __gnu_cxx::recursive_init_error::recursive_init_error()
                0x1000db6c                __gnu_cxx::recursive_init_error::recursive_init_error()
 .text._ZN10__cxxabiv120__si_class_type_infoD2Ev
                0x1000db78       0x14 /usr/bin/../lib/gcc/arm-none-eabi/13.2.1/../../../../arm-none-eabi/lib/thumb/v6-m/nofp/libstdc++.a(si_class_type_info.o)
                0x1000db78                __cxxabiv1::__si_class_type_info::~__si_class_type_info()
                0x1000db78                __cxxabiv1::__si_class_type_info::~__si_class_type_info()
 .text._ZN10__cxxabiv120__si_class_type_infoD0Ev
                0x1000db8c       0x1c /usr/bin/../lib/gcc/arm-none-eabi/13.2.1/../../../../arm-none-eabi/lib/thumb/v6-m/nofp/libstdc++.a(si_class_type_info.o)
                0x1000db8c                __cxxabiv1::__si_class_type_info::~__si_class_type_info()
 .text._ZNK10__cxxabiv120__si_class_type_info20__do_find_public_srcEiPKvPKNS_17__class_type_infoES2_
                0x1000dba8       0x38 /usr/bin/../lib/gcc/arm-none-eabi/13.2.1/../../../../arm-none-eabi/lib/thumb/v6-m/nofp/libstdc++.a(si_class_type_info.o)
                0x1000dba8                __cxxabiv1::__si_class_type_info::__do_find_public_src(int, void const*, __cxxabiv1::__class_type_info const*, void const*) const
 .text._ZNK10__cxxabiv120__si_class_type_info12__do_dyncastEiNS_17__class_type_info10__sub_kindEPKS1_PKvS4_S6_RNS1_16__dyncast_resultE
                0x1000dbe0       0x88 /usr/bin/../lib/gcc/arm-none-eabi/13.2.1/../../../../arm-none-eabi/lib/thumb/v6-m/nofp/libstdc++.a(si_class_type_info.o)
                0x1000dbe0                __cxxabiv1::__si_class_type_info::__do_dyncast(int, __cxxabiv1::__class_type_info::__sub_kind, __cxxabiv1::__class_type_info const*, void const*, __cxxabiv1::__class_type_info const*, void const*, __cxxabiv1::__class_type_info::__dyncast_result&) const
 .text._ZNK10__cxxabiv120__si_class_type_info11__do_upcastEPKNS_17__class_type_infoEPKvRNS1_15__upcast_resultE
                0x1000dc68       0x24 /usr/bin/../lib/gcc/arm-none-eabi/13.2.1/../../../../arm-none-eabi/lib/thumb/v6-m/nofp/libstdc++.a(si_class_type_info.o)
                0x1000dc68                __cxxabiv1::__si_class_type_info::__do_upcast(__cxxabiv1::__class_type_info const*, void const*, __cxxabiv1::__class_type_info::__upcast_result&) const
 .text._ZNSt9type_infoD2Ev
                0x1000dc8c        0x4 /usr/bin/../lib/gcc/arm-none-eabi/13.2.1/../../../../arm-none-eabi/lib/thumb/v6-m/nofp/libstdc++.a(tinfo.o)
                0x1000dc8c                std::type_info::~type_info()
                0x1000dc8c                std::type_info::~type_info()
 .text._ZNKSt9type_info14__is_pointer_pEv
                0x1000dc90        0x4 /usr/bin/../lib/gcc/arm-none-eabi/13.2.1/../../../../arm-none-eabi/lib/thumb/v6-m/nofp/libstdc++.a(tinfo.o)
                0x1000dc90                std::type_info::__is_function_p() const
                0x1000dc90                std::type_info::__is_pointer_p() const
 .text._ZNKSt9type_infoeqERKS_
                0x1000dc94       0x30 /usr/bin/../lib/gcc/arm-none-eabi/13.2.1/../../../../arm-none-eabi/lib/thumb/v6-m/nofp/libstdc++.a(tinfo.o)
                0x1000dc94                std::type_info::__equal(std::type_info const&) const
                0x1000dc94                std::type_info::operator==(std::type_info const&) const
 .text._ZSt18_Rb_tree_decrementPSt18_Rb_tree_node_base
                0x1000dcc4       0x38 /usr/bin/../lib/gcc/arm-none-eabi/13.2.1/../../../../arm-none-eabi/lib/thumb/v6-m/nofp/libstdc++.a(tree.o)
                0x1000dcc4                std::_Rb_tree_decrement(std::_Rb_tree_node_base*)
 .text._ZSt29_Rb_tree_insert_and_rebalancebPSt18_Rb_tree_node_baseS0_RS_
                0x1000dcfc      0x184 /usr/bin/../lib/gcc/arm-none-eabi/13.2.1/../../../../arm-none-eabi/lib/thumb/v6-m/nofp/libstdc++.a(tree.o)
                0x1000dcfc                std::_Rb_tree_insert_and_rebalance(bool, std::_Rb_tree_node_base*, std::_Rb_tree_node_base*, std::_Rb_tree_node_base&)
 .text.unlikely._ZSt17__throw_bad_allocv
                0x1000de80       0x20 /usr/bin/../lib/gcc/arm-none-eabi/13.2.1/../../../../arm-none-eabi/lib/thumb/v6-m/nofp/libstdc++.a(functexcept.o)
                0x1000de80                std::__throw_bad_alloc()
 .text.unlikely._ZSt19__throw_logic_errorPKc
                0x1000dea0       0x30 /usr/bin/../lib/gcc/arm-none-eabi/13.2.1/../../../../arm-none-eabi/lib/thumb/v6-m/nofp/libstdc++.a(functexcept.o)
                0x1000dea0                std::__throw_logic_error(char const*)
 .text.unlikely._ZSt24__throw_invalid_argumentPKc
                0x1000ded0       0x30 /usr/bin/../lib/gcc/arm-none-eabi/13.2.1/../../../../arm-none-eabi/lib/thumb/v6-m/nofp/libstdc++.a(functexcept.o)
                0x1000ded0                std::__throw_invalid_argument(char const*)
 .text.unlikely._ZSt20__throw_length_errorPKc
                0x1000df00       0x30 /usr/bin/../lib/gcc/arm-none-eabi/13.2.1/../../../../arm-none-eabi/lib/thumb/v6-m/nofp/libstdc++.a(functexcept.o)
                0x1000df00                std::__throw_length_error(char const*)
 .text.unlikely._ZSt20__throw_out_of_rangePKc
                0x1000df30       0x30 /usr/bin/../lib/gcc/arm-none-eabi/13.2.1/../../../../arm-none-eabi/lib/thumb/v6-m/nofp/libstdc++.a(functexcept.o)
                0x1000df30                std::__throw_out_of_range(char const*)
 .text._ZSt24__throw_out_of_range_fmtPKcz
                0x1000df60       0x68 /usr/bin/../lib/gcc/arm-none-eabi/13.2.1/../../../../arm-none-eabi/lib/thumb/v6-m/nofp/libstdc++.a(functexcept.o)
                0x1000df60                std::__throw_out_of_range_fmt(char const*, ...)
 .text._ZN9__gnu_cxx26__throw_insufficient_spaceEPKcS1_
                0x1000dfc8       0x50 /usr/bin/../lib/gcc/arm-none-eabi/13.2.1/../../../../arm-none-eabi/lib/thumb/v6-m/nofp/libstdc++.a(snprintf_lite.o)
                0x1000dfc8                __gnu_cxx::__throw_insufficient_space(char const*, char const*)
 .text._ZN9__gnu_cxx15__concat_size_tEPcjj
                0x1000e018       0x78 /usr/bin/../lib/gcc/arm-none-eabi/13.2.1/../../../../arm-none-eabi/lib/thumb/v6-m/nofp/libstdc++.a(snprintf_lite.o)
                0x1000e018                __gnu_cxx::__concat_size_t(char*, unsigned int, unsigned int)
 .text._ZN9__gnu_cxx15__snprintf_liteEPcjPKcSt9__va_list
                0x1000e090       0xa8 /usr/bin/../lib/gcc/arm-none-eabi/13.2.1/../../../../arm-none-eabi/lib/thumb/v6-m/nofp/libstdc++.a(snprintf_lite.o)
                0x1000e090                __gnu_cxx::__snprintf_lite(char*, unsigned int, char const*, std::__va_list)
 .text._ZNSt7__cxx1112basic_stringIcSt11char_traitsIcESaIcEE9_M_createERjj
                0x1000e138       0x3c /usr/bin/../lib/gcc/arm-none-eabi/13.2.1/../../../../arm-none-eabi/lib/thumb/v6-m/nofp/libstdc++.a(string-inst.o)
                0x1000e138                std::__cxx11::basic_string<char, std::char_traits<char>, std::allocator<char> >::_M_create(unsigned int&, unsigned int)
 .text._ZNSt7__cxx1112basic_stringIcSt11char_traitsIcESaIcEE10_M_disposeEv
                0x1000e174       0x14 /usr/bin/../lib/gcc/arm-none-eabi/13.2.1/../../../../arm-none-eabi/lib/thumb/v6-m/nofp/libstdc++.a(string-inst.o)
                0x1000e174                std::__cxx11::basic_string<char, std::char_traits<char>, std::allocator<char> >::_M_dispose()
 .text._ZNSt7__cxx1112basic_stringIcSt11char_traitsIcESaIcEE9_M_mutateEjjPKcj
                0x1000e188       0xb4 /usr/bin/../lib/gcc/arm-none-eabi/13.2.1/../../../../arm-none-eabi/lib/thumb/v6-m/nofp/libstdc++.a(string-inst.o)
                0x1000e188                std::__cxx11::basic_string<char, std::char_traits<char>, std::allocator<char> >::_M_mutate(unsigned int, unsigned int, char const*, unsigned int)
 .text._ZNKSt7__cxx1112basic_stringIcSt11char_traitsIcESaIcEE4findEcj
                0x1000e23c       0x24 /usr/bin/../lib/gcc/arm-none-eabi/13.2.1/../../../../arm-none-eabi/lib/thumb/v6-m/nofp/libstdc++.a(string-inst.o)
                0x1000e23c                std::__cxx11::basic_string<char, std::char_traits<char>, std::allocator<char> >::find(char, unsigned int) const
 .text._ZNKSt9bad_alloc4whatEv
                0x1000e260        0x8 /usr/bin/../lib/gcc/arm-none-eabi/13.2.1/../../../../arm-none-eabi/lib/thumb/v6-m/nofp/libstdc++.a(bad_alloc.o)
                0x1000e260                std::bad_alloc::what() const
 .text._ZNSt9bad_allocD2Ev
                0x1000e268       0x14 /usr/bin/../lib/gcc/arm-none-eabi/13.2.1/../../../../arm-none-eabi/lib/thumb/v6-m/nofp/libstdc++.a(bad_alloc.o)
                0x1000e268                std::bad_alloc::~bad_alloc()
                0x1000e268                std::bad_alloc::~bad_alloc()
 .text._ZNSt9bad_allocD0Ev
                0x1000e27c       0x1c /usr/bin/../lib/gcc/arm-none-eabi/13.2.1/../../../../arm-none-eabi/lib/thumb/v6-m/nofp/libstdc++.a(bad_alloc.o)
                0x1000e27c                std::bad_alloc::~bad_alloc()
 .text._ZNK10__cxxabiv117__class_type_info11__do_upcastEPKS0_PPv
                0x1000e298       0x34 /usr/bin/../lib/gcc/arm-none-eabi/13.2.1/../../../../arm-none-eabi/lib/thumb/v6-m/nofp/libstdc++.a(class_type_info.o)
                0x1000e298                __cxxabiv1::__class_type_info::__do_upcast(__cxxabiv1::__class_type_info const*, void**) const
 .text._ZNK10__cxxabiv117__class_type_info20__do_find_public_srcEiPKvPKS0_S2_
                0x1000e2cc       0x14 /usr/bin/../lib/gcc/arm-none-eabi/13.2.1/../../../../arm-none-eabi/lib/thumb/v6-m/nofp/libstdc++.a(class_type_info.o)
                0x1000e2cc                __cxxabiv1::__class_type_info::__do_find_public_src(int, void const*, __cxxabiv1::__class_type_info const*, void const*) const
 .text._ZN10__cxxabiv117__class_type_infoD2Ev
                0x1000e2e0       0x14 /usr/bin/../lib/gcc/arm-none-eabi/13.2.1/../../../../arm-none-eabi/lib/thumb/v6-m/nofp/libstdc++.a(class_type_info.o)
                0x1000e2e0                __cxxabiv1::__class_type_info::~__class_type_info()
                0x1000e2e0                __cxxabiv1::__class_type_info::~__class_type_info()
 .text._ZN10__cxxabiv117__class_type_infoD0Ev
                0x1000e2f4       0x1c /usr/bin/../lib/gcc/arm-none-eabi/13.2.1/../../../../arm-none-eabi/lib/thumb/v6-m/nofp/libstdc++.a(class_type_info.o)
                0x1000e2f4                __cxxabiv1::__class_type_info::~__class_type_info()
 .text._ZNK10__cxxabiv117__class_type_info12__do_dyncastEiNS0_10__sub_kindEPKS0_PKvS3_S5_RNS0_16__dyncast_resultE
                0x1000e310       0x40 /usr/bin/../lib/gcc/arm-none-eabi/13.2.1/../../../../arm-none-eabi/lib/thumb/v6-m/nofp/libstdc++.a(class_type_info.o)
                0x1000e310                __cxxabiv1::__class_type_info::__do_dyncast(int, __cxxabiv1::__class_type_info::__sub_kind, __cxxabiv1::__class_type_info const*, void const*, __cxxabiv1::__class_type_info const*, void const*, __cxxabiv1::__class_type_info::__dyncast_result&) const
 .text._ZNK10__cxxabiv117__class_type_info11__do_upcastEPKS0_PKvRNS0_15__upcast_resultE