Archive member included to satisfy reference by file (symbol)

/usr/bin/../lib/gcc/arm-none-eabi/13.2.1/../../../../arm-none-eabi/lib/thumb/v6-m/nofp/libstdc++.a(guard.o)
                              CMakeFiles/plcSpecial.dir/komendy_AT/komendyAT.cpp.obj (__cxa_guard_acquire)
/usr/bin/../lib/gcc/arm-none-eabi/13.2.1/../../../../arm-none-eabi/lib/thumb/v6-m/nofp/libstdc++.a(guard_error.o)
                              /usr/bin/../lib/gcc/arm-none-eabi/13.2.1/../../../../arm-none-eabi/lib/thumb/v6-m/nofp/libstdc++.a(guard.o) (__gnu_cxx::recursive_init_error::~recursive_init_error())
/usr/bin/../lib/gcc/arm-none-eabi/13.2.1/../../../../arm-none-eabi/lib/thumb/v6-m/nofp/libstdc++.a(si_class_type_info.o)
                              /usr/bin/../lib/gcc/arm-none-eabi/13.2.1/../../../../arm-none-eabi/lib/thumb/v6-m/nofp/libstdc++.a(guard_error.o) (vtable for __cxxabiv1::__si_class_type_info)
/usr/bin/../lib/gcc/arm-none-eabi/13.2.1/../../../../arm-none-eabi/lib/thumb/v6-m/nofp/libstdc++.a(tinfo.o)
                              /usr/bin/../lib/gcc/arm-none-eabi/13.2.1/../../../../arm-none-eabi/lib/thumb/v6-m/nofp/libstdc++.a(si_class_type_info.o) (std::type_info::__is_pointer_p() const)
/usr/bin/../lib/gcc/arm-none-eabi/13.2.1/../../../../arm-none-eabi/lib/thumb/v6-m/nofp/libstdc++.a(tree.o)
                              CMakeFiles/plcSpecial.dir/setup/komendy_AT/functions.cpp.obj (std::_Rb_tree_decrement(std::_Rb_tree_node_base*))
/usr/bin/../lib/gcc/arm-none-eabi/13.2.1/../../../../arm-none-eabi/lib/thumb/v6-m/nofp/libstdc++.a(functexcept.o)
                              CMakeFiles/plcSpecial.dir/komendy_AT/komendyAT.cpp.obj (std::__throw_bad_alloc())
/usr/bin/../lib/gcc/arm-none-eabi/13.2.1/../../../../arm-none-eabi/lib/thumb/v6-m/nofp/libstdc++.a(snprintf_lite.o)
                              /usr/bin/../lib/gcc/arm-none-eabi/13.2.1/../../../../arm-none-eabi/lib/thumb/v6-m/nofp/libstdc++.a(functexcept.o) (__gnu_cxx::__snprintf_lite(char*, unsigned int, char const*, std::__va_list))
/usr/bin/../lib/gcc/arm-none-eabi/13.2.1/../../../../arm-none-eabi/lib/thumb/v6-m/nofp/libstdc++.a(string-inst.o)
                              CMakeFiles/plcSpecial.dir/komendy_AT/komendyAT.cpp.obj (std::__cxx11::basic_string<char, std::char_traits<char>, std::allocator<char> >::_M_create(unsigned int&, unsigned int))
/usr/bin/../lib/gcc/arm-none-eabi/13.2.1/../../../../arm-none-eabi/lib/thumb/v6-m/nofp/libstdc++.a(bad_alloc.o)
                              /usr/bin/../lib/gcc/arm-none-eabi/13.2.1/../../../../arm-none-eabi/lib/thumb/v6-m/nofp/libstdc++.a(functexcept.o) (vtable for std::bad_alloc)
/usr/bin/../lib/gcc/arm-none-eabi/13.2.1/../../../../arm-none-eabi/lib/thumb/v6-m/nofp/libstdc++.a(bad_array_new.o)
                              /usr/bin/../lib/gcc/arm-none-eabi/13.2.1/../../../../arm-none-eabi/lib/thumb/v6-m/nofp/libstdc++.a(functexcept.o) (vtable for std::bad_array_new_length)
/usr/bin/../lib/gcc/arm-none-eabi/13.2.1/../../../../arm-none-eabi/lib/thumb/v6-m/nofp/libstdc++.a(bad_cast.o)
                              /usr/bin/../lib/gcc/arm-none-eabi/13.2.1/../../../../arm-none-eabi/lib/thumb/v6-m/nofp/libstdc++.a(functexcept.o) (vtable for std::bad_cast)
/usr/bin/../lib/gcc/arm-none-eabi/13.2.1/../../../../arm-none-eabi/lib/thumb/v6-m/nofp/libstdc++.a(bad_typeid.o)
                              /usr/bin/../lib/gcc/arm-none-eabi/13.2.1/../../../../arm-none-eabi/lib/thumb/v6-m/nofp/libstdc++.a(functexcept.o) (vtable for std::bad_typeid)
/usr/bin/../lib/gcc/arm-none-eabi/13.2.1/../../../../arm-none-eabi/lib/thumb/v6-m/nofp/libstdc++.a(class_type_info.o)
                              /usr/bin/../lib/gcc/arm-none-eabi/13.2.1/../../../../arm-none-eabi/lib/thumb/v6-m/nofp/libstdc++.a(si_class_type_info.o) (__cxxabiv1::__class_type_info::__do_upcast(__cxxabiv1::__class_type_info const*, void**) const)
/usr/bin/../lib/gcc/arm-none-eabi/13.2.1/../../../../arm-none-eabi/lib/thumb/v6-m/nofp/libstdc++.a(eh_alloc.o)
                              /usr/bin/../lib/gcc/arm-none-eabi/13.2.1/../../../../arm-none-eabi/lib/thumb/v6-m/nofp/libstdc++.a(guard.o) (__cxa_allocate_exception)
/usr/bin/../lib/gcc/arm-none-eabi/13.2.1/../../../../arm-none-eabi/lib/thumb/v6-m/nofp/libstdc++.a(eh_arm.o)
                              /usr/bin/../lib/gcc/arm-none-eabi/13.2.1/../../../../arm-none-eabi/lib/thumb/v6-m/nofp/libstdc++.a(functexcept.o) (__cxa_end_cleanup)
/usr/bin/../lib/gcc/arm-none-eabi/13.2.1/../../../../arm-none-eabi/lib/thumb/v6-m/nofp/libstdc++.a(eh_catch.o)
                              /usr/bin/../lib/gcc/arm-none-eabi/13.2.1/../../../../arm-none-eabi/lib/thumb/v6-m/nofp/libstdc++.a(string-inst.o) (__cxa_begin_catch)
/usr/bin/../lib/gcc/arm-none-eabi/13.2.1/../../../../arm-none-eabi/lib/thumb/v6-m/nofp/libstdc++.a(eh_exception.o)
                              /usr/bin/../lib/gcc/arm-none-eabi/13.2.1/../../../../arm-none-eabi/lib/thumb/v6-m/nofp/libstdc++.a(guard_error.o) (std::exception::~exception())
[...]
Memory Configuration

Name             Origin             Length             Attributes
FLASH            0x10000000         0x00200000         xr
RAM              0x20000000         0x00040000         xrw
SCRATCH_X        0x20040000         0x00001000         xrw
SCRATCH_Y        0x20041000         0x00001000         xrw
*default*        0x00000000         0xffffffff

Linker script and memory map

LOAD /usr/bin/../lib/gcc/arm-none-eabi/13.2.1/thumb/v6-m/nofp/crti.o
LOAD /usr/bin/../lib/gcc/arm-none-eabi/13.2.1/thumb/v6-m/nofp/crtbegin.o
LOAD /usr/bin/../lib/gcc/arm-none-eabi/13.2.1/../../../../arm-none-eabi/lib/thumb/v6-m/nofp/crt0.o

.flash_begin    0x10000000        0x0
                0x10000000                        __flash_binary_start = .

.boot2          0x10000000      0x100
                0x10000000                        __boot2_start__ = .
 *(.boot2)
 .boot2         0x10000000      0x100 /tmp/ccJQmxKW.o
                0x10000100                        __boot2_end__ = .
                0x00000001                        ASSERT (((__boot2_end__ - __boot2_start__) == 0x100), ERROR: Pico second stage bootloader must be 256 bytes in size)

.text           0x10000100    0x17688
                0x10000100                        __logical_binary_start = .
 *(.vectors)
 .vectors       0x10000100       0xd4 CMakeFiles/plcSpecial.dir/lib/pico-sdk/src/rp2_common/pico_standard_link/crt0.S.obj
                0x10000100                __vectors
                0x10000100                __VECTOR_TABLE
                0x100001c0                isr_invalid
                0x100001c0                __default_isrs_start
                0x100001c2                isr_nmi
                0x100001c4                isr_hardfault
                0x100001c6                isr_svcall
                0x100001c8                isr_pendsv
                0x100001ca                isr_systick
                0x100001cc                isr_irq30
                0x100001cc                __unhandled_user_irq
                0x100001cc                isr_irq13
                0x100001cc                isr_irq27
                0x100001cc                isr_irq31
                0x100001cc                isr_irq5
                0x100001cc                isr_irq11
                0x100001cc                isr_irq23
                0x100001cc                isr_irq18
                0x100001cc                isr_irq28
                0x100001cc                isr_irq19
                0x100001cc                isr_irq0
                0x100001cc                isr_irq6
                0x100001cc                isr_irq22
                0x100001cc                isr_irq17
                0x100001cc                isr_irq14
                0x100001cc                isr_irq2
                0x100001cc                isr_irq10
                0x100001cc                isr_irq8
                0x100001cc                isr_irq24
                0x100001cc                isr_irq1
                0x100001cc                isr_irq7
                0x100001cc                isr_irq21
                0x100001cc                isr_irq20
                0x100001cc                isr_irq15
                0x100001cc                isr_irq25
                0x100001cc                isr_irq4
                0x100001cc                isr_irq16
                0x100001cc                isr_irq29
                0x100001cc                isr_irq26
                0x100001cc                __default_isrs_end
                0x100001cc                isr_irq3
                0x100001cc                isr_irq12
                0x100001cc                isr_irq9
                0x100001d2                unhandled_user_irq_num_in_r0
 *(.binary_info_header)
 .binary_info_header
                0x100001d4       0x14 CMakeFiles/plcSpecial.dir/lib/pico-sdk/src/rp2_common/pico_standard_link/crt0.S.obj
                0x100001e8                        __binary_info_header_end = .
 *(.reset)
 .reset         0x100001e8       0xa0 CMakeFiles/plcSpecial.dir/lib/pico-sdk/src/rp2_common/pico_standard_link/crt0.S.obj
                0x100001e8                _entry_point
 .reset         0x10000288       0x30 CMakeFiles/plcSpecial.dir/lib/pico-sdk/src/rp2_common/pico_standard_link/binary_info.c.obj
 *(.init)
 .init          0x100002b8        0x4 /usr/bin/../lib/gcc/arm-none-eabi/13.2.1/thumb/v6-m/nofp/crti.o
                0x100002b8                _init
 *(EXCLUDE_FILE(*libm.a: *libc.a:*lib_a-mem*.o *libgcc.a:) .text*)
 .text.register_tm_clones
                0x100002bc       0x28 /usr/bin/../lib/gcc/arm-none-eabi/13.2.1/thumb/v6-m/nofp/crtbegin.o
 .text.frame_dummy
                0x100002e4       0x24 /usr/bin/../lib/gcc/arm-none-eabi/13.2.1/thumb/v6-m/nofp/crtbegin.o
 .text.__tcf_0  0x10000308       0x30 CMakeFiles/plcSpecial.dir/komendy_AT/komendyAT.cpp.obj
 .text._ZNSt8_Rb_treeINSt7__cxx1112basic_stringIcSt11char_traitsIcESaIcEEESt4pairIKS5_S6_IPFvN9Functions7STATE_TEENS8_11ErrorStructEEESt10_Select1stISE_ESt4lessIS5_ESaISE_EE4findERS7_.isra.0
                0x10000338       0x7c CMakeFiles/plcSpecial.dir/komendy_AT/komendyAT.cpp.obj
 .text.__tcf_1  0x100003b4       0x44 CMakeFiles/plcSpecial.dir/komendy_AT/komendyAT.cpp.obj
 .text._ZN9KomendyAT22sendCommandTemperatureEfPch
                0x100003f8       0x80 CMakeFiles/plcSpecial.dir/komendy_AT/komendyAT.cpp.obj
                0x100003f8                KomendyAT::sendCommandTemperature(float, char*, unsigned char)
 .text._ZN9KomendyAT10withGoodIdERNSt7__cxx1112basic_stringIcSt11char_traitsIcESaIcEEEN9Functions7STATE_TE
                0x10000478      0x1f0 CMakeFiles/plcSpecial.dir/komendy_AT/komendyAT.cpp.obj
                0x10000478                KomendyAT::withGoodId(std::__cxx11::basic_string<char, std::char_traits<char>, std::allocator<char> >&, Functions::STATE_T)
 .text._ZN9KomendyAT9withBadIdERNSt7__cxx1112basic_stringIcSt11char_traitsIcESaIcEEEN9Functions7STATE_TE
                0x10000668      0x2bc CMakeFiles/plcSpecial.dir/komendy_AT/komendyAT.cpp.obj
                0x10000668                KomendyAT::withBadId(std::__cxx11::basic_string<char, std::char_traits<char>, std::allocator<char> >&, Functions::STATE_T)
 .text._ZNSt6vectorINSt7__cxx1112basic_stringIcSt11char_traitsIcESaIcEEESaIS5_EE17_M_realloc_insertIJRKS5_EEEvN9__gnu_cxx17__normal_iteratorIPS5_S7_EEDpOT_
                0x10000924      0x200 CMakeFiles/plcSpecial.dir/komendy_AT/komendyAT.cpp.obj
                0x10000924                void std::vector<std::__cxx11::basic_string<char, std::char_traits<char>, std::allocator<char> >, std::allocator<std::__cxx11::basic_string<char, std::char_traits<char>, std::allocator<char> > > >::_M_realloc_insert<std::__cxx11::basic_string<char, std::char_traits<char>, std::allocator<char> > const&>(__gnu_cxx::__normal_iterator<std::__cxx11::basic_string<char, std::char_traits<char>, std::allocator<char> >*, std::vector<std::__cxx11::basic_string<char, std::char_traits<char>, std::allocator<char> >, std::allocator<std::__cxx11::basic_string<char, std::char_traits<char>, std::allocator<char> > > > >, std::__cxx11::basic_string<char, std::char_traits<char>, std::allocator<char> > const&)
 .text._ZNSt6vectorIcSaIcEE17_M_realloc_insertIJRKcEEEvN9__gnu_cxx17__normal_iteratorIPcS1_EEDpOT_
                0x10000b24       0xd8 CMakeFiles/plcSpecial.dir/komendy_AT/komendyAT.cpp.obj
                0x10000b24                void std::vector<char, std::allocator<char> >::_M_realloc_insert<char const&>(__gnu_cxx::__normal_iterator<char*, std::vector<char, std::allocator<char> > >, char const&)
 .text._ZNSt6vectorIhSaIhEE17_M_realloc_insertIJhEEEvN9__gnu_cxx17__normal_iteratorIPhS1_EEDpOT_
                0x10000bfc       0xd8 CMakeFiles/plcSpecial.dir/komendy_AT/komendyAT.cpp.obj
                0x10000bfc                void std::vector<unsigned char, std::allocator<unsigned char> >::_M_realloc_insert<unsigned char>(__gnu_cxx::__normal_iterator<unsigned char*, std::vector<unsigned char, std::allocator<unsigned char> > >, unsigned char&&)
 .text._ZN9KomendyAT12parseMessageERKNSt7__cxx1112basic_stringIcSt11char_traitsIcESaIcEEEP9uart_inst
                0x10000cd4      0x7b8 CMakeFiles/plcSpecial.dir/komendy_AT/komendyAT.cpp.obj
                0x10000cd4                KomendyAT::parseMessage(std::__cxx11::basic_string<char, std::char_traits<char>, std::allocator<char> > const&, uart_inst*)
 .text._ZNSt6vectorIcSaIcEE17_M_realloc_insertIJcEEEvN9__gnu_cxx17__normal_iteratorIPcS1_EEDpOT_
                0x1000148c       0xd8 CMakeFiles/plcSpecial.dir/komendy_AT/komendyAT.cpp.obj
                0x1000148c                void std::vector<char, std::allocator<char> >::_M_realloc_insert<char>(__gnu_cxx::__normal_iterator<char*, std::vector<char, std::allocator<char> > >, char&&)
 .text._ZN9KomendyAT17sendCommandToUartEP9uart_instPcPhhS2_
                0x10001564      0x2dc CMakeFiles/plcSpecial.dir/komendy_AT/komendyAT.cpp.obj
                0x10001564                KomendyAT::sendCommandToUart(uart_inst*, char*, unsigned char*, unsigned char, char*)
 .text._ZN12EepromStruct5setIdEh
                0x10001840        0x4 CMakeFiles/plcSpecial.dir/eeprom/eprom.cpp.obj
                0x10001840                EepromStruct::setId(unsigned char)
 .text._ZN12EepromStruct18loadDataFromEepromEv
                0x10001844       0x30 CMakeFiles/plcSpecial.dir/eeprom/eprom.cpp.obj
                0x10001844                EepromStruct::loadDataFromEeprom()
 .text.__tcf_0  0x10001874       0x30 CMakeFiles/plcSpecial.dir/setup/hardware/setup.cpp.obj
 .text._ZNSt6vectorI8One_wireSaIS0_EE17_M_realloc_insertIJRKS0_EEEvN9__gnu_cxx17__normal_iteratorIPS0_S2_EEDpOT_
                0x100018a4      0x14c CMakeFiles/plcSpecial.dir/setup/hardware/setup.cpp.obj
                0x100018a4                void std::vector<One_wire, std::allocator<One_wire> >::_M_realloc_insert<One_wire const&>(__gnu_cxx::__normal_iterator<One_wire*, std::vector<One_wire, std::allocator<One_wire> > >, One_wire const&)
 .text._ZN5Setup18setupCommunicationEv
                0x100019f0       0xf8 CMakeFiles/plcSpecial.dir/setup/hardware/setup.cpp.obj
                0x100019f0                Setup::setupCommunication()
 .text._ZN5Setup5setupEv
                0x10001ae8       0xc8 CMakeFiles/plcSpecial.dir/setup/hardware/setup.cpp.obj
                0x10001ae8                Setup::setup()
 .text.__tcf_0  0x10001bb0       0x30 CMakeFiles/plcSpecial.dir/main.cpp.obj
 .text.startup.main
                0x10001be0       0xcc CMakeFiles/plcSpecial.dir/main.cpp.obj
                0x10001be0                main
 .text.__tcf_0  0x10001cac       0x30 CMakeFiles/plcSpecial.dir/communication/communication.cpp.obj
 .text._ZN13Communication16readDataFromUartEP9uart_inst
                0x10001cdc       0x3c CMakeFiles/plcSpecial.dir/communication/communication.cpp.obj
                0x10001cdc                Communication::readDataFromUart(uart_inst*)
 .text._ZN13Communication14sendDataToUartEP9uart_instPc
                0x10001d18       0x64 CMakeFiles/plcSpecial.dir/communication/communication.cpp.obj
                0x10001d18                Communication::sendDataToUart(uart_inst*, char*)
 .text._ZN13Communication18oneWireTemperatureEv
                0x10001d7c       0xb0 CMakeFiles/plcSpecial.dir/communication/communication.cpp.obj
                0x10001d7c                Communication::oneWireTemperature()
 .text.__tcf_0  0x10001e2c       0x30 CMakeFiles/plcSpecial.dir/komendy_AT/checkPins.cpp.obj
 .text._ZN9CheckPins14checkInputPinsEv
                0x10001e5c      0x26c CMakeFiles/plcSpecial.dir/komendy_AT/checkPins.cpp.obj
                0x10001e5c                CheckPins::checkInputPins()
 .text._ZN9CheckPins15checkOutputPinsEv
                0x100020c8       0xec CMakeFiles/plcSpecial.dir/komendy_AT/checkPins.cpp.obj
                0x100020c8                CheckPins::checkOutputPins()
 .text._ZN9CheckPins21writeActualInputStateEv
                0x100021b4       0x60 CMakeFiles/plcSpecial.dir/komendy_AT/checkPins.cpp.obj
                0x100021b4                CheckPins::writeActualInputState()
 .text._ZN9CheckPins22writeActualOutputStateEv
                0x10002214       0x60 CMakeFiles/plcSpecial.dir/komendy_AT/checkPins.cpp.obj
                0x10002214                CheckPins::writeActualOutputState()
 .text._ZN9CheckPins10pushButtonEv
                0x10002274      0x39c CMakeFiles/plcSpecial.dir/komendy_AT/checkPins.cpp.obj
                0x10002274                CheckPins::pushButton()
 .text._ZN4Task13readFromUart0EPv
                0x10002610       0x80 CMakeFiles/plcSpecial.dir/task/myTask.cpp.obj
                0x10002610                Task::readFromUart0(void*)
 .text._ZN4Task13readFromUart1EPv
                0x10002690       0x80 CMakeFiles/plcSpecial.dir/task/myTask.cpp.obj
                0x10002690                Task::readFromUart1(void*)
 .text._ZN4Task11writeToUartEPv
                0x10002710       0x10 CMakeFiles/plcSpecial.dir/task/myTask.cpp.obj
                0x10002710                Task::writeToUart(void*)
 .text._ZN4Task18writeStatusCommandEPv
                0x10002720       0x18 CMakeFiles/plcSpecial.dir/task/myTask.cpp.obj
                0x10002720                Task::writeStatusCommand(void*)
 .text._ZN4Task11temperatureEPv
                0x10002738       0x14 CMakeFiles/plcSpecial.dir/task/myTask.cpp.obj
                0x10002738                Task::temperature(void*)
 .text._ZN9Functions6setOutENS_7STATE_TE
                0x1000274c      0x154 CMakeFiles/plcSpecial.dir/setup/komendy_AT/functions.cpp.obj
                0x1000274c                Functions::setOut(Functions::STATE_T)
 .text._ZN9Functions6setLedENS_7STATE_TE
                0x100028a0       0x64 CMakeFiles/plcSpecial.dir/setup/komendy_AT/functions.cpp.obj
                0x100028a0                Functions::setLed(Functions::STATE_T)
 .text._ZN9Functions6searchENS_7STATE_TE
                0x10002904       0x84 CMakeFiles/plcSpecial.dir/setup/komendy_AT/functions.cpp.obj
                0x10002904                Functions::search(Functions::STATE_T)
 .text.__tcf_0  0x10002988       0x30 CMakeFiles/plcSpecial.dir/setup/komendy_AT/functions.cpp.obj
 .text.startup._ZNSt7__cxx1112basic_stringIcSt11char_traitsIcESaIcEE12_M_constructIPcEEvT_S7_St20forward_iterator_tag.isra.0
                0x100029b8       0x4c CMakeFiles/plcSpecial.dir/setup/komendy_AT/functions.cpp.obj
 .text._ZN9Functions4pingENS_7STATE_TE
                0x10002a04       0x68 CMakeFiles/plcSpecial.dir/setup/komendy_AT/functions.cpp.obj
                0x10002a04                Functions::ping(Functions::STATE_T)
 .text._ZN9Functions21badIdCommandDontExistENS_7STATE_TE
                0x10002a6c      0x188 CMakeFiles/plcSpecial.dir/setup/komendy_AT/functions.cpp.obj
                0x10002a6c                Functions::badIdCommandDontExist(Functions::STATE_T)
 .text._ZNSt7__cxx1112basic_stringIcSt11char_traitsIcESaIcEEC2IS3_EEPKcRKS3_
                0x10002bf4       0x68 CMakeFiles/plcSpecial.dir/setup/komendy_AT/functions.cpp.obj
                0x10002bf4                std::__cxx11::basic_string<char, std::char_traits<char>, std::allocator<char> >::basic_string<std::allocator<char> >(char const*, std::allocator<char> const&)
                0x10002bf4                std::__cxx11::basic_string<char, std::char_traits<char>, std::allocator<char> >::basic_string<std::allocator<char> >(char const*, std::allocator<char> const&)
 .text._ZNSt8_Rb_treeINSt7__cxx1112basic_stringIcSt11char_traitsIcESaIcEEESt4pairIKS5_S6_IPFvN9Functions7STATE_TEENS8_11ErrorStructEEESt10_Select1stISE_ESt4lessIS5_ESaISE_EE24_M_get_insert_unique_posERS7_
                0x10002c5c       0xe0 CMakeFiles/plcSpecial.dir/setup/komendy_AT/functions.cpp.obj
                0x10002c5c                std::_Rb_tree<std::__cxx11::basic_string<char, std::char_traits<char>, std::allocator<char> >, std::pair<std::__cxx11::basic_string<char, std::char_traits<char>, std::allocator<char> > const, std::pair<void (*)(Functions::STATE_T), Functions::ErrorStruct> >, std::_Select1st<std::pair<std::__cxx11::basic_string<char, std::char_traits<char>, std::allocator<char> > const, std::pair<void (*)(Functions::STATE_T), Functions::ErrorStruct> > >, std::less<std::__cxx11::basic_string<char, std::char_traits<char>, std::allocator<char> > >, std::allocator<std::pair<std::__cxx11::basic_string<char, std::char_traits<char>, std::allocator<char> > const, std::pair<void (*)(Functions::STATE_T), Functions::ErrorStruct> > > >::_M_get_insert_unique_pos(std::__cxx11::basic_string<char, std::char_traits<char>, std::allocator<char> > const&)
 .text._ZNSt3mapINSt7__cxx1112basic_stringIcSt11char_traitsIcESaIcEEESt4pairIPFvN9Functions7STATE_TEENS7_11ErrorStructEESt4lessIS5_ESaIS6_IKS5_SC_EEEC2ESt16initializer_listISG_ERKSE_RKSH_
                0x10002d3c      0x140 CMakeFiles/plcSpecial.dir/setup/komendy_AT/functions.cpp.obj
                0x10002d3c                std::map<std::__cxx11::basic_string<char, std::char_traits<char>, std::allocator<char> >, std::pair<void (*)(Functions::STATE_T), Functions::ErrorStruct>, std::less<std::__cxx11::basic_string<char, std::char_traits<char>, std::allocator<char> > >, std::allocator<std::pair<std::__cxx11::basic_string<char, std::char_traits<char>, std::allocator<char> > const, std::pair<void (*)(Functions::STATE_T), Functions::ErrorStruct> > > >::map(std::initializer_list<std::pair<std::__cxx11::basic_string<char, std::char_traits<char>, std::allocator<char> > const, std::pair<void (*)(Functions::STATE_T), Functions::ErrorStruct> > >, std::less<std::__cxx11::basic_string<char, std::char_traits<char>, std::allocator<char> > > const&, std::allocator<std::pair<std::__cxx11::basic_string<char, std::char_traits<char>, std::allocator<char> > const, std::pair<void (*)(Functions::STATE_T), Functions::ErrorStruct> > > const&)
                0x10002d3c                std::map<std::__cxx11::basic_string<char, std::char_traits<char>, std::allocator<char> >, std::pair<void (*)(Functions::STATE_T), Functions::ErrorStruct>, std::less<std::__cxx11::basic_string<char, std::char_traits<char>, std::allocator<char> > >, std::allocator<std::pair<std::__cxx11::basic_string<char, std::char_traits<char>, std::allocator<char> > const, std::pair<void (*)(Functions::STATE_T), Functions::ErrorStruct> > > >::map(std::initializer_list<std::pair<std::__cxx11::basic_string<char, std::char_traits<char>, std::allocator<char> > const, std::pair<void (*)(Functions::STATE_T), Functions::ErrorStruct> > >, std::less<std::__cxx11::basic_string<char, std::char_traits<char>, std::allocator<char> > > const&, std::allocator<std::pair<std::__cxx11::basic_string<char, std::char_traits<char>, std::allocator<char> > const, std::pair<void (*)(Functions::STATE_T), Functions::ErrorStruct> > > const&)
 .text.startup._Z41__static_initialization_and_destruction_0v
                0x10002e7c      0x184 CMakeFiles/plcSpecial.dir/setup/komendy_AT/functions.cpp.obj
 .text.startup._GLOBAL__sub_I__ZN9KomendyAT9goodIdMapB5cxx11E
                0x10003000        0x8 CMakeFiles/plcSpecial.dir/setup/komendy_AT/functions.cpp.obj
 .text.__tcf_0  0x10003008       0x30 CMakeFiles/plcSpecial.dir/komendy_AT/error.cpp.obj
 .text._ZN5error12checkCommandEN9Functions7STATE_TEhhh
                0x10003038       0xd4 CMakeFiles/plcSpecial.dir/komendy_AT/error.cpp.obj
                0x10003038                error::checkCommand(Functions::STATE_T, unsigned char, unsigned char, unsigned char)
 .text.gpio_set_function
                0x1000310c       0x30 CMakeFiles/plcSpecial.dir/lib/pico-sdk/src/rp2_common/hardware_gpio/gpio.c.obj
                0x1000310c                gpio_set_function
 .text.gpio_init
                0x1000313c       0x3c CMakeFiles/plcSpecial.dir/lib/pico-sdk/src/rp2_common/hardware_gpio/gpio.c.obj
                0x1000313c                gpio_init
 .text.running_on_fpga
                0x10003178       0x10 CMakeFiles/plcSpecial.dir/lib/pico-sdk/src/rp2_common/pico_platform/platform.c.obj
                0x10003178                running_on_fpga
 .text.hw_claim_or_assert
                0x10003188       0x44 CMakeFiles/plcSpecial.dir/lib/pico-sdk/src/rp2_common/hardware_claim/claim.c.obj
                0x10003188                hw_claim_or_assert
 .text.hw_claim_unused_from_range
                0x100031cc       0x9c CMakeFiles/plcSpecial.dir/lib/pico-sdk/src/rp2_common/hardware_claim/claim.c.obj
                0x100031cc                hw_claim_unused_from_range
 .text.spin_locks_reset
                0x10003268       0x1c CMakeFiles/plcSpecial.dir/lib/pico-sdk/src/rp2_common/hardware_sync/sync.c.obj
                0x10003268                spin_locks_reset
 .text.next_striped_spin_lock_num
                0x10003284       0x18 CMakeFiles/plcSpecial.dir/lib/pico-sdk/src/rp2_common/hardware_sync/sync.c.obj
                0x10003284                next_striped_spin_lock_num
 .text.spin_lock_claim_unused
                0x1000329c       0x24 CMakeFiles/plcSpecial.dir/lib/pico-sdk/src/rp2_common/hardware_sync/sync.c.obj
                0x1000329c                spin_lock_claim_unused
 .text.irq_set_enabled
                0x100032c0       0x24 CMakeFiles/plcSpecial.dir/lib/pico-sdk/src/rp2_common/hardware_irq/irq.c.obj
                0x100032c0                irq_set_enabled
 .text.irq_set_pending
                0x100032e4       0x10 CMakeFiles/plcSpecial.dir/lib/pico-sdk/src/rp2_common/hardware_irq/irq.c.obj
                0x100032e4                irq_set_pending
 .text.irq_has_shared_handler
                0x100032f4       0x2c CMakeFiles/plcSpecial.dir/lib/pico-sdk/src/rp2_common/hardware_irq/irq.c.obj
                0x100032f4                irq_has_shared_handler
 .text.irq_get_vtable_handler
                0x10003320       0x10 CMakeFiles/plcSpecial.dir/lib/pico-sdk/src/rp2_common/hardware_irq/irq.c.obj
                0x10003320                irq_get_vtable_handler
 .text.irq_set_exclusive_handler
                0x10003330       0x54 CMakeFiles/plcSpecial.dir/lib/pico-sdk/src/rp2_common/hardware_irq/irq.c.obj
                0x10003330                irq_set_exclusive_handler
 .text.irq_add_shared_handler
                0x10003384      0x1f4 CMakeFiles/plcSpecial.dir/lib/pico-sdk/src/rp2_common/hardware_irq/irq.c.obj
                0x10003384                irq_add_shared_handler
 .text.irq_remove_handler
                0x10003578      0x1c4 CMakeFiles/plcSpecial.dir/lib/pico-sdk/src/rp2_common/hardware_irq/irq.c.obj
                0x10003578                irq_remove_handler
 .text.irq_set_priority
                0x1000373c       0x28 CMakeFiles/plcSpecial.dir/lib/pico-sdk/src/rp2_common/hardware_irq/irq.c.obj
                0x1000373c                irq_set_priority
 .text.irq_add_tail_to_free_list
                0x10003764       0xb4 CMakeFiles/plcSpecial.dir/lib/pico-sdk/src/rp2_common/hardware_irq/irq.c.obj
                0x10003764                irq_add_tail_to_free_list
 .text.irq_init_priorities
                0x10003818       0x24 CMakeFiles/plcSpecial.dir/lib/pico-sdk/src/rp2_common/hardware_irq/irq.c.obj
                0x10003818                irq_init_priorities
 .text.user_irq_claim_unused
                0x1000383c       0x2c CMakeFiles/plcSpecial.dir/lib/pico-sdk/src/rp2_common/hardware_irq/irq.c.obj
                0x1000383c                user_irq_claim_unused
 .text.lock_init
                0x10003868       0x10 CMakeFiles/plcSpecial.dir/lib/pico-sdk/src/common/pico_sync/lock_core.c.obj
                0x10003868                lock_init
 .text.mutex_init
                0x10003878       0x1c CMakeFiles/plcSpecial.dir/lib/pico-sdk/src/common/pico_sync/mutex.c.obj
                0x10003878                mutex_init
 .text.recursive_mutex_init
                0x10003894       0x20 CMakeFiles/plcSpecial.dir/lib/pico-sdk/src/common/pico_sync/mutex.c.obj
                0x10003894                recursive_mutex_init
 .text.critical_section_init
                0x100038b4       0x1c CMakeFiles/plcSpecial.dir/lib/pico-sdk/src/common/pico_sync/critical_section.c.obj
                0x100038b4                critical_section_init
 .text.critical_section_init_with_lock_num
                0x100038d0       0x14 CMakeFiles/plcSpecial.dir/lib/pico-sdk/src/common/pico_sync/critical_section.c.obj
                0x100038d0                critical_section_init_with_lock_num
 .text.timer_pool_entry_comparator
                0x100038e4       0x34 CMakeFiles/plcSpecial.dir/lib/pico-sdk/src/common/pico_time/time.c.obj
                0x100038e4                timer_pool_entry_comparator
 .text.sleep_until_callback
                0x10003918       0x24 CMakeFiles/plcSpecial.dir/lib/pico-sdk/src/common/pico_time/time.c.obj
 .text.add_alarm_under_lock.isra.0
                0x1000393c      0x100 CMakeFiles/plcSpecial.dir/lib/pico-sdk/src/common/pico_time/time.c.obj
 .text.alarm_pool_alarm_callback
                0x10003a3c      0x1c0 CMakeFiles/plcSpecial.dir/lib/pico-sdk/src/common/pico_time/time.c.obj
 .text.alarm_pool_init_default
                0x10003bfc       0x6c CMakeFiles/plcSpecial.dir/lib/pico-sdk/src/common/pico_time/time.c.obj
                0x10003bfc                alarm_pool_init_default
 .text.alarm_pool_get_default
                0x10003c68        0x8 CMakeFiles/plcSpecial.dir/lib/pico-sdk/src/common/pico_time/time.c.obj
                0x10003c68                alarm_pool_get_default
 .text.alarm_pool_add_alarm_at
                0x10003c70      0x17c CMakeFiles/plcSpecial.dir/lib/pico-sdk/src/common/pico_time/time.c.obj
                0x10003c70                alarm_pool_add_alarm_at
 .text.alarm_pool_core_num
                0x10003dec        0x4 CMakeFiles/plcSpecial.dir/lib/pico-sdk/src/common/pico_time/time.c.obj
                0x10003dec                alarm_pool_core_num
 .text.sleep_until
                0x10003df0       0xbc CMakeFiles/plcSpecial.dir/lib/pico-sdk/src/common/pico_time/time.c.obj
                0x10003df0                sleep_until
 .text.sleep_us
                0x10003eac       0x28 CMakeFiles/plcSpecial.dir/lib/pico-sdk/src/common/pico_time/time.c.obj
                0x10003eac                sleep_us
 .text.sleep_ms
                0x10003ed4       0x38 CMakeFiles/plcSpecial.dir/lib/pico-sdk/src/common/pico_time/time.c.obj
                0x10003ed4                sleep_ms
 .text.best_effort_wfe_or_timeout
                0x10003f0c       0xcc CMakeFiles/plcSpecial.dir/lib/pico-sdk/src/common/pico_time/time.c.obj
                0x10003f0c                best_effort_wfe_or_timeout
 .text.hardware_alarm_irq_handler
                0x10003fd8       0xbc CMakeFiles/plcSpecial.dir/lib/pico-sdk/src/rp2_common/hardware_timer/timer.c.obj
 .text.hardware_alarm_claim
                0x10004094       0x18 CMakeFiles/plcSpecial.dir/lib/pico-sdk/src/rp2_common/hardware_timer/timer.c.obj
                0x10004094                hardware_alarm_claim
 .text.time_us_64
                0x100040ac       0x14 CMakeFiles/plcSpecial.dir/lib/pico-sdk/src/rp2_common/hardware_timer/timer.c.obj
                0x100040ac                time_us_64
 .text.busy_wait_us
                0x100040c0       0x68 CMakeFiles/plcSpecial.dir/lib/pico-sdk/src/rp2_common/hardware_timer/timer.c.obj
                0x100040c0                busy_wait_us
 .text.busy_wait_until
                0x10004128       0x20 CMakeFiles/plcSpecial.dir/lib/pico-sdk/src/rp2_common/hardware_timer/timer.c.obj
                0x10004128                busy_wait_until
 .text.hardware_alarm_set_callback
                0x10004148       0x8c CMakeFiles/plcSpecial.dir/lib/pico-sdk/src/rp2_common/hardware_timer/timer.c.obj
                0x10004148                hardware_alarm_set_callback
 .text.hardware_alarm_set_target
                0x100041d4       0xd0 CMakeFiles/plcSpecial.dir/lib/pico-sdk/src/rp2_common/hardware_timer/timer.c.obj
                0x100041d4                hardware_alarm_set_target
 .text.hardware_alarm_cancel
                0x100042a4       0x3c CMakeFiles/plcSpecial.dir/lib/pico-sdk/src/rp2_common/hardware_timer/timer.c.obj
                0x100042a4                hardware_alarm_cancel
 .text.ph_merge_nodes
                0x100042e0       0x58 CMakeFiles/plcSpecial.dir/lib/pico-sdk/src/common/pico_util/pheap.c.obj
 .text.ph_post_alloc_init
                0x10004338       0x3c CMakeFiles/plcSpecial.dir/lib/pico-sdk/src/common/pico_util/pheap.c.obj
                0x10004338                ph_post_alloc_init
 .text.ph_merge_two_pass
                0x10004374       0x8c CMakeFiles/plcSpecial.dir/lib/pico-sdk/src/common/pico_util/pheap.c.obj
                0x10004374                ph_merge_two_pass
 .text.ph_remove_any_head
                0x10004400      0x100 CMakeFiles/plcSpecial.dir/lib/pico-sdk/src/common/pico_util/pheap.c.obj
 .text.ph_remove_head
                0x10004500      0x104 CMakeFiles/plcSpecial.dir/lib/pico-sdk/src/common/pico_util/pheap.c.obj
                0x10004500                ph_remove_head
 .text.ph_remove_and_free_node
                0x10004604       0x78 CMakeFiles/plcSpecial.dir/lib/pico-sdk/src/common/pico_util/pheap.c.obj
                0x10004604                ph_remove_and_free_node
 .text.uart_init
                0x1000467c      0x18c CMakeFiles/plcSpecial.dir/lib/pico-sdk/src/rp2_common/hardware_uart/uart.c.obj
                0x1000467c                uart_init
 .text.clocks_init
                0x10004808      0x2c8 CMakeFiles/plcSpecial.dir/lib/pico-sdk/src/rp2_common/hardware_clocks/clocks.c.obj
                0x10004808                clocks_init
 .text.clock_get_hz
                0x10004ad0        0xc CMakeFiles/plcSpecial.dir/lib/pico-sdk/src/rp2_common/hardware_clocks/clocks.c.obj
                0x10004ad0                clock_get_hz
 .text.pll_init
                0x10004adc       0xa4 CMakeFiles/plcSpecial.dir/lib/pico-sdk/src/rp2_common/hardware_pll/pll.c.obj
                0x10004adc                pll_init
 .text.watchdog_start_tick
                0x10004b80       0x10 CMakeFiles/plcSpecial.dir/lib/pico-sdk/src/rp2_common/hardware_watchdog/watchdog.c.obj
                0x10004b80                watchdog_start_tick
 .text.watchdog_reboot
                0x10004b90       0x9c CMakeFiles/plcSpecial.dir/lib/pico-sdk/src/rp2_common/hardware_watchdog/watchdog.c.obj
                0x10004b90                watchdog_reboot
 .text.xosc_init
                0x10004c2c       0x28 CMakeFiles/plcSpecial.dir/lib/pico-sdk/src/rp2_common/hardware_xosc/xosc.c.obj
                0x10004c2c                xosc_init
 .text.runtime_init
                0x10004c54       0xf0 CMakeFiles/plcSpecial.dir/lib/pico-sdk/src/rp2_common/pico_runtime/runtime.c.obj
                0x10004c54                runtime_init
 .text._exit    0x10004d44        0x4 CMakeFiles/plcSpecial.dir/lib/pico-sdk/src/rp2_common/pico_runtime/runtime.c.obj
                0x10004d44                _exit
 .text._sbrk    0x10004d48       0x34 CMakeFiles/plcSpecial.dir/lib/pico-sdk/src/rp2_common/pico_runtime/runtime.c.obj
                0x10004d48                _sbrk
 .text._getpid  0x10004d7c        0x4 CMakeFiles/plcSpecial.dir/lib/pico-sdk/src/rp2_common/pico_runtime/runtime.c.obj
                0x10004d7c                _getpid
 .text._kill    0x10004d80        0x8 CMakeFiles/plcSpecial.dir/lib/pico-sdk/src/rp2_common/pico_runtime/runtime.c.obj
                0x10004d80                _kill
 .text.exit     0x10004d88        0x8 CMakeFiles/plcSpecial.dir/lib/pico-sdk/src/rp2_common/pico_runtime/runtime.c.obj
                0x10004d88                exit
 .text.panic    0x10004d90       0x30 CMakeFiles/plcSpecial.dir/lib/pico-sdk/src/rp2_common/pico_runtime/runtime.c.obj
                0x10004d90                panic
 .text.panic_unsupported
                0x10004dc0        0xc CMakeFiles/plcSpecial.dir/lib/pico-sdk/src/rp2_common/pico_runtime/runtime.c.obj
                0x10004dc0                panic_unsupported
 .text.hard_assertion_failure
                0x10004dcc        0xc CMakeFiles/plcSpecial.dir/lib/pico-sdk/src/rp2_common/pico_runtime/runtime.c.obj
                0x10004dcc                hard_assertion_failure
 .text._out_buffer
                0x10004dd8        0x8 CMakeFiles/plcSpecial.dir/lib/pico-sdk/src/rp2_common/pico_printf/printf.c.obj
 .text._out_null
                0x10004de0        0x4 CMakeFiles/plcSpecial.dir/lib/pico-sdk/src/rp2_common/pico_printf/printf.c.obj
 .text._out_rev
                0x10004de4       0xac CMakeFiles/plcSpecial.dir/lib/pico-sdk/src/rp2_common/pico_printf/printf.c.obj
 .text._ntoa_format
                0x10004e90      0x250 CMakeFiles/plcSpecial.dir/lib/pico-sdk/src/rp2_common/pico_printf/printf.c.obj
 .text._out_char
                0x100050e0       0x10 CMakeFiles/plcSpecial.dir/lib/pico-sdk/src/rp2_common/pico_printf/printf.c.obj
 .text._etoa    0x100050f0      0x464 CMakeFiles/plcSpecial.dir/lib/pico-sdk/src/rp2_common/pico_printf/printf.c.obj
 .text._ftoa    0x10005554      0x3c0 CMakeFiles/plcSpecial.dir/lib/pico-sdk/src/rp2_common/pico_printf/printf.c.obj
 .text._vsnprintf
                0x10005914      0xbc8 CMakeFiles/plcSpecial.dir/lib/pico-sdk/src/rp2_common/pico_printf/printf.c.obj
 .text.__wrap_sprintf
                0x100064dc       0x2c CMakeFiles/plcSpecial.dir/lib/pico-sdk/src/rp2_common/pico_printf/printf.c.obj
                0x100064dc                __wrap_sprintf
 .text.__wrap_snprintf
                0x10006508       0x28 CMakeFiles/plcSpecial.dir/lib/pico-sdk/src/rp2_common/pico_printf/printf.c.obj
                0x10006508                __wrap_snprintf
 .text.weak_raw_vprintf
                0x10006530       0x30 CMakeFiles/plcSpecial.dir/lib/pico-sdk/src/rp2_common/pico_printf/printf.c.obj
                0x10006530                weak_raw_vprintf
 .text          0x10006560       0x10 CMakeFiles/plcSpecial.dir/lib/pico-sdk/src/rp2_common/pico_bit_ops/bit_ops_aeabi.S.obj
 .text.rom_func_lookup
                0x10006570       0x10 CMakeFiles/plcSpecial.dir/lib/pico-sdk/src/rp2_common/pico_bootrom/bootrom.c.obj
                0x10006570                rom_func_lookup
 .text.rom_data_lookup
                0x10006580       0x10 CMakeFiles/plcSpecial.dir/lib/pico-sdk/src/rp2_common/pico_bootrom/bootrom.c.obj
                0x10006580                rom_data_lookup
 .text.rom_funcs_lookup
                0x10006590       0x44 CMakeFiles/plcSpecial.dir/lib/pico-sdk/src/rp2_common/pico_bootrom/bootrom.c.obj
                0x10006590                rom_funcs_lookup
 .text.__wrap___aeabi_idiv
                0x100065d4       0x50 CMakeFiles/plcSpecial.dir/lib/pico-sdk/src/rp2_common/pico_divider/divider.S.obj
                0x100065d4                __wrap___aeabi_idivmod
                0x100065d4                divmod_s32s32
                0x100065d4                div_s32s32
                0x100065d4                __wrap___aeabi_idiv
                0x100065dc                divmod_s32s32_unsafe
                0x10006608                divmod_s32s32_savestate
 .text.__wrap___aeabi_uidiv
                0x10006624       0x4c CMakeFiles/plcSpecial.dir/lib/pico-sdk/src/rp2_common/pico_divider/divider.S.obj
                0x10006624                __wrap___aeabi_uidiv
                0x10006624                __wrap___aeabi_uidivmod
                0x10006624                div_u32u32
                0x10006624                divmod_u32u32
                0x1000662c                divmod_u32u32_unsafe
                0x10006654                divmod_u32u32_savestate
 .text.__wrap___aeabi_ldiv
                0x10006670      0x424 CMakeFiles/plcSpecial.dir/lib/pico-sdk/src/rp2_common/pico_divider/divider.S.obj
                0x10006670                div_s64s64
                0x10006670                divmod_s64s64
                0x10006670                __wrap___aeabi_ldivmod
                0x100066a0                div_u64u64
                0x100066a0                divmod_u64u64
                0x100066a0                __wrap___aeabi_uldivmod
                0x100066b0                divmod_u64u64_savestate
                0x100066d0                divmod_s64s64_unsafe
                0x10006758                divmod_u64u64_unsafe
 .text.__wrap___aeabi_darithmetic
                0x10006a94       0x80 CMakeFiles/plcSpecial.dir/lib/pico-sdk/src/rp2_common/pico_double/double_aeabi.S.obj
                0x10006a94                __wrap___aeabi_drsub
                0x10006a9a                __wrap___aeabi_dsub
                0x10006aac                __wrap___aeabi_dadd
                0x10006abe                __wrap___aeabi_ddiv
                0x10006afa                __wrap___aeabi_dmul
 .text.__wrap___aeabi_cdcmple
                0x10006b14       0x6c CMakeFiles/plcSpecial.dir/lib/pico-sdk/src/rp2_common/pico_double/double_aeabi.S.obj
                0x10006b14                __wrap___aeabi_cdrcmple
                0x10006b24                __wrap___aeabi_cdcmple
                0x10006b24                __wrap___aeabi_cdcmpeq
 .text.__wrap___aeabi_dcmplt
                0x10006b80        0xc CMakeFiles/plcSpecial.dir/lib/pico-sdk/src/rp2_common/pico_double/double_aeabi.S.obj
                0x10006b80                __wrap___aeabi_dcmplt
 .text.__wrap___aeabi_dcmpge
                0x10006b8c       0x10 CMakeFiles/plcSpecial.dir/lib/pico-sdk/src/rp2_common/pico_double/double_aeabi.S.obj
                0x10006b8c                __wrap___aeabi_dcmpge
 .text.__wrap___aeabi_dcmpgt
                0x10006b9c        0xa CMakeFiles/plcSpecial.dir/lib/pico-sdk/src/rp2_common/pico_double/double_aeabi.S.obj
                0x10006b9c                __wrap___aeabi_dcmpgt
 .text.__wrap___aeabi_dcmpun
                0x10006ba6       0x1c CMakeFiles/plcSpecial.dir/lib/pico-sdk/src/rp2_common/pico_double/double_aeabi.S.obj
                0x10006ba6                __wrap___aeabi_dcmpun
 *fill*         0x10006bc2        0x2 
 .text.__wrap___aeabi_i2d
                0x10006bc4       0x38 CMakeFiles/plcSpecial.dir/lib/pico-sdk/src/rp2_common/pico_double/double_aeabi.S.obj
                0x10006bc4                __wrap___aeabi_ui2d
                0x10006bcc                __wrap___aeabi_i2d
 .text.__wrap___aeabi_d2iz
                0x10006bfc       0x48 CMakeFiles/plcSpecial.dir/lib/pico-sdk/src/rp2_common/pico_double/double_aeabi.S.obj
                0x10006bfc                __wrap___aeabi_d2iz
                0x10006bfc                double2int_z
 .text.__wrap___aeabi_d2uiz
                0x10006c44       0x18 CMakeFiles/plcSpecial.dir/lib/pico-sdk/src/rp2_common/pico_double/double_aeabi.S.obj
                0x10006c44                double2uint
                0x10006c44                __wrap___aeabi_d2uiz
 .text.__aeabi_double_init
                0x10006c5c       0x98 CMakeFiles/plcSpecial.dir/lib/pico-sdk/src/rp2_common/pico_double/double_init_rom.c.obj
                0x10006c5c                __aeabi_double_init
 .text.double_table_shim_on_use_helper
                0x10006cf4       0x2c CMakeFiles/plcSpecial.dir/lib/pico-sdk/src/rp2_common/pico_double/double_v1_rom_shim.S.obj
                0x10006cf4                double_table_shim_on_use_helper
 .text.__wrap___aeabi_dsub
                0x10006d20       0x10 CMakeFiles/plcSpecial.dir/lib/pico-sdk/src/rp2_common/pico_double/double_v1_rom_shim.S.obj
                0x10006d20                drsub_shim
                0x10006d26                dsub_shim
 .text.dadd_shim
                0x10006d30      0x15c CMakeFiles/plcSpecial.dir/lib/pico-sdk/src/rp2_common/pico_double/double_v1_rom_shim.S.obj
                0x10006d30                dadd_shim
 .text.dmul_shim
                0x10006e8c      0x15c CMakeFiles/plcSpecial.dir/lib/pico-sdk/src/rp2_common/pico_double/double_v1_rom_shim.S.obj
                0x10006e8c                dmul_shim
 .text.ddiv_shim
                0x10006fe8      0x1b0 CMakeFiles/plcSpecial.dir/lib/pico-sdk/src/rp2_common/pico_double/double_v1_rom_shim.S.obj
                0x10006fe8                ddiv_shim
 .text.double2uint_shim
                0x10007198        0xe CMakeFiles/plcSpecial.dir/lib/pico-sdk/src/rp2_common/pico_double/double_v1_rom_shim.S.obj
                0x10007198                double2uint_shim
                0x1000719a                double2ufix_shim
 *fill*         0x100071a6        0x2 
 .text.double2uint64_shim
                0x100071a8       0x70 CMakeFiles/plcSpecial.dir/lib/pico-sdk/src/rp2_common/pico_double/double_v1_rom_shim.S.obj
                0x100071a8                double2uint64_shim
                0x100071aa                double2ufix64_shim
                0x100071ca                d2fix_a
 .text.dunpacks
                0x10007218       0x3c CMakeFiles/plcSpecial.dir/lib/pico-sdk/src/rp2_common/pico_double/double_v1_rom_shim.S.obj
                0x10007218                dunpacks
 .text.__aeabi_lmul
                0x10007254       0x32 CMakeFiles/plcSpecial.dir/lib/pico-sdk/src/rp2_common/pico_int64_ops/pico_int64_ops_aeabi.S.obj
                0x10007254                __wrap___aeabi_lmul
 *fill*         0x10007286        0x2 
 .text.__wrap___aeabi_farithmetic
                0x10007288       0x48 CMakeFiles/plcSpecial.dir/lib/pico-sdk/src/rp2_common/pico_float/float_aeabi.S.obj
                0x10007288                __wrap___aeabi_frsub
                0x1000728e                __wrap___aeabi_fsub
                0x10007294                __wrap___aeabi_fadd
                0x1000729a                __wrap___aeabi_fdiv
                0x100072c2                __wrap___aeabi_fmul
 .text.__wrap___aeabi_ui2f
                0x100072d0        0xa CMakeFiles/plcSpecial.dir/lib/pico-sdk/src/rp2_common/pico_float/float_aeabi.S.obj
                0x100072d0                __wrap___aeabi_ui2f
 *fill*         0x100072da        0x2 
 .text.__wrap___aeabi_i2f
                0x100072dc       0x44 CMakeFiles/plcSpecial.dir/lib/pico-sdk/src/rp2_common/pico_float/float_aeabi.S.obj
                0x100072dc                __wrap___aeabi_i2f
 .text.__wrap___aeabi_f2iz
                0x10007320       0x4e CMakeFiles/plcSpecial.dir/lib/pico-sdk/src/rp2_common/pico_float/float_aeabi.S.obj
                0x10007320                __wrap___aeabi_f2iz
                0x10007320                float2int_z
 *fill*         0x1000736e        0x2 
 .text.float2int
                0x10007370       0x14 CMakeFiles/plcSpecial.dir/lib/pico-sdk/src/rp2_common/pico_float/float_aeabi.S.obj
                0x10007370                float2int
 .text.__wrap___aeabi_f2uiz
                0x10007384        0xc CMakeFiles/plcSpecial.dir/lib/pico-sdk/src/rp2_common/pico_float/float_aeabi.S.obj
                0x10007384                __wrap___aeabi_f2uiz
 .text.__aeabi_float_init
                0x10007390       0x64 CMakeFiles/plcSpecial.dir/lib/pico-sdk/src/rp2_common/pico_float/float_init_rom.c.obj
                0x10007390                __aeabi_float_init
 .text.__wrap_floorf
                0x100073f4       0x40 CMakeFiles/plcSpecial.dir/lib/pico-sdk/src/rp2_common/pico_float/float_math.c.obj
                0x100073f4                __wrap_floorf
 .text.float_table_shim_on_use_helper
                0x10007434       0x2c CMakeFiles/plcSpecial.dir/lib/pico-sdk/src/rp2_common/pico_float/float_v1_rom_shim.S.obj
                0x10007434                float_table_shim_on_use_helper
 .text.float232_shims
                0x10007460       0x18 CMakeFiles/plcSpecial.dir/lib/pico-sdk/src/rp2_common/pico_float/float_v1_rom_shim.S.obj
                0x10007460                float2int_shim
                0x10007462                float2fix_shim
 .text.__wrap_malloc
                0x10007478       0x3c CMakeFiles/plcSpecial.dir/lib/pico-sdk/src/rp2_common/pico_malloc/pico_malloc.c.obj
                0x10007478                __wrap_malloc
 .text.__wrap_realloc
                0x100074b4       0x40 CMakeFiles/plcSpecial.dir/lib/pico-sdk/src/rp2_common/pico_malloc/pico_malloc.c.obj
                0x100074b4                __wrap_realloc
 .text.__wrap_free
                0x100074f4       0x20 CMakeFiles/plcSpecial.dir/lib/pico-sdk/src/rp2_common/pico_malloc/pico_malloc.c.obj
                0x100074f4                __wrap_free
 .text          0x10007514       0x10 CMakeFiles/plcSpecial.dir/lib/pico-sdk/src/rp2_common/pico_mem_ops/mem_ops_aeabi.S.obj
                0x10007514                __aeabi_mem_init
 .text.memset   0x10007524        0xc CMakeFiles/plcSpecial.dir/lib/pico-sdk/src/rp2_common/pico_mem_ops/mem_ops_aeabi.S.obj
                0x10007524                __wrap_memset
 .text.memcpy   0x10007530        0xc CMakeFiles/plcSpecial.dir/lib/pico-sdk/src/rp2_common/pico_mem_ops/mem_ops_aeabi.S.obj
                0x10007530                __wrap___aeabi_memcpy
                0x10007530                __wrap_memcpy
 .text._Znwj    0x1000753c        0x8 CMakeFiles/plcSpecial.dir/lib/pico-sdk/src/rp2_common/pico_standard_link/new_delete.cpp.obj
                0x1000753c                operator new(unsigned int)
 .text._ZdlPv   0x10007544        0x8 CMakeFiles/plcSpecial.dir/lib/pico-sdk/src/rp2_common/pico_standard_link/new_delete.cpp.obj
                0x10007544                operator delete(void*)
 .text._ZdlPvj  0x1000754c        0x8 CMakeFiles/plcSpecial.dir/lib/pico-sdk/src/rp2_common/pico_standard_link/new_delete.cpp.obj
                0x1000754c                operator delete(void*, unsigned int)
 .text.stdio_out_chars_crlf
                0x10007554       0x94 CMakeFiles/plcSpecial.dir/lib/pico-sdk/src/rp2_common/pico_stdio/stdio.c.obj
 .text.__wrap_putchar
                0x100075e8       0x98 CMakeFiles/plcSpecial.dir/lib/pico-sdk/src/rp2_common/pico_stdio/stdio.c.obj
                0x100075e8                __wrap_putchar
 .text.__wrap_puts
                0x10007680       0xe0 CMakeFiles/plcSpecial.dir/lib/pico-sdk/src/rp2_common/pico_stdio/stdio.c.obj
                0x10007680                __wrap_puts
 .text._read    0x10007760       0x94 CMakeFiles/plcSpecial.dir/lib/pico-sdk/src/rp2_common/pico_stdio/stdio.c.obj
                0x10007760                _read
 .text._write   0x100077f4       0xb4 CMakeFiles/plcSpecial.dir/lib/pico-sdk/src/rp2_common/pico_stdio/stdio.c.obj
                0x100077f4                _write
 .text._close   0x100078a8        0x8 CMakeFiles/plcSpecial.dir/lib/pico-sdk/src/rp2_common/pico_stdio/stdio.c.obj
                0x100078a8                _close
 .text._lseek   0x100078b0        0x8 CMakeFiles/plcSpecial.dir/lib/pico-sdk/src/rp2_common/pico_stdio/stdio.c.obj
                0x100078b0                _lseek
 .text._fstat   0x100078b8        0x8 CMakeFiles/plcSpecial.dir/lib/pico-sdk/src/rp2_common/pico_stdio/stdio.c.obj
                0x100078b8                _fstat
 .text._isatty  0x100078c0        0xc CMakeFiles/plcSpecial.dir/lib/pico-sdk/src/rp2_common/pico_stdio/stdio.c.obj
                0x100078c0                _isatty
 .text.stdio_set_driver_enabled
                0x100078cc       0x30 CMakeFiles/plcSpecial.dir/lib/pico-sdk/src/rp2_common/pico_stdio/stdio.c.obj
                0x100078cc                stdio_set_driver_enabled
 .text.stdio_init_all
                0x100078fc        0x8 CMakeFiles/plcSpecial.dir/lib/pico-sdk/src/rp2_common/pico_stdio/stdio.c.obj
                0x100078fc                stdio_init_all
 .text.resetd_init
                0x10007904        0x4 CMakeFiles/plcSpecial.dir/lib/pico-sdk/src/rp2_common/pico_stdio_usb/reset_interface.c.obj
 .text.resetd_reset
                0x10007908        0xc CMakeFiles/plcSpecial.dir/lib/pico-sdk/src/rp2_common/pico_stdio_usb/reset_interface.c.obj
 .text.resetd_open
                0x10007914       0x28 CMakeFiles/plcSpecial.dir/lib/pico-sdk/src/rp2_common/pico_stdio_usb/reset_interface.c.obj
 .text.resetd_xfer_cb
                0x1000793c        0x4 CMakeFiles/plcSpecial.dir/lib/pico-sdk/src/rp2_common/pico_stdio_usb/reset_interface.c.obj
 .text.resetd_control_xfer_cb
                0x10007940       0x60 CMakeFiles/plcSpecial.dir/lib/pico-sdk/src/rp2_common/pico_stdio_usb/reset_interface.c.obj
 .text.usbd_app_driver_get_cb
                0x100079a0        0xc CMakeFiles/plcSpecial.dir/lib/pico-sdk/src/rp2_common/pico_stdio_usb/reset_interface.c.obj
                0x100079a0                usbd_app_driver_get_cb
 .text.tud_cdc_line_coding_cb
                0x100079ac       0x34 CMakeFiles/plcSpecial.dir/lib/pico-sdk/src/rp2_common/pico_stdio_usb/reset_interface.c.obj
                0x100079ac                tud_cdc_line_coding_cb
 .text.stdio_usb_set_chars_available_callback
                0x100079e0       0x14 CMakeFiles/plcSpecial.dir/lib/pico-sdk/src/rp2_common/pico_stdio_usb/stdio_usb.c.obj
                0x100079e0                stdio_usb_set_chars_available_callback
 .text.usb_irq  0x100079f4       0x10 CMakeFiles/plcSpecial.dir/lib/pico-sdk/src/rp2_common/pico_stdio_usb/stdio_usb.c.obj
 .text.timer_task
                0x10007a04       0x54 CMakeFiles/plcSpecial.dir/lib/pico-sdk/src/rp2_common/pico_stdio_usb/stdio_usb.c.obj
 .text.stdio_usb_in_chars
                0x10007a58       0x90 CMakeFiles/plcSpecial.dir/lib/pico-sdk/src/rp2_common/pico_stdio_usb/stdio_usb.c.obj
                0x10007a58                stdio_usb_in_chars
 .text.stdio_usb_out_chars
                0x10007ae8      0x104 CMakeFiles/plcSpecial.dir/lib/pico-sdk/src/rp2_common/pico_stdio_usb/stdio_usb.c.obj
 .text.low_priority_worker_irq
                0x10007bec       0xa8 CMakeFiles/plcSpecial.dir/lib/pico-sdk/src/rp2_common/pico_stdio_usb/stdio_usb.c.obj
 .text.tud_cdc_rx_cb
                0x10007c94       0x20 CMakeFiles/plcSpecial.dir/lib/pico-sdk/src/rp2_common/pico_stdio_usb/stdio_usb.c.obj
                0x10007c94                tud_cdc_rx_cb
 .text.stdio_usb_init
                0x10007cb4       0xe0 CMakeFiles/plcSpecial.dir/lib/pico-sdk/src/rp2_common/pico_stdio_usb/stdio_usb.c.obj
                0x10007cb4                stdio_usb_init
 .text.tud_descriptor_device_cb
                0x10007d94        0x8 CMakeFiles/plcSpecial.dir/lib/pico-sdk/src/rp2_common/pico_stdio_usb/stdio_usb_descriptors.c.obj
                0x10007d94                tud_descriptor_device_cb
 .text.tud_descriptor_configuration_cb
                0x10007d9c        0x8 CMakeFiles/plcSpecial.dir/lib/pico-sdk/src/rp2_common/pico_stdio_usb/stdio_usb_descriptors.c.obj
                0x10007d9c                tud_descriptor_configuration_cb
 .text.tud_descriptor_string_cb
                0x10007da4       0x78 CMakeFiles/plcSpecial.dir/lib/pico-sdk/src/rp2_common/pico_stdio_usb/stdio_usb_descriptors.c.obj
                0x10007da4                tud_descriptor_string_cb
 .text.startup._retrieve_unique_id_on_boot
                0x10007e1c       0x10 CMakeFiles/plcSpecial.dir/lib/pico-sdk/src/rp2_common/pico_unique_id/unique_id.c.obj
 .text.pico_get_unique_board_id_string
                0x10007e2c      0x1a8 CMakeFiles/plcSpecial.dir/lib/pico-sdk/src/rp2_common/pico_unique_id/unique_id.c.obj
                0x10007e2c                pico_get_unique_board_id_string
 .text.flash_get_unique_id
                0x10007fd4       0x3c CMakeFiles/plcSpecial.dir/lib/pico-sdk/src/rp2_common/hardware_flash/flash.c.obj
                0x10007fd4                flash_get_unique_id
 .text.dcd_int_enable
                0x10008010        0xc CMakeFiles/plcSpecial.dir/lib/pico-sdk/lib/tinyusb/src/portable/raspberrypi/rp2040/dcd_rp2040.c.obj
                0x10008010                dcd_int_enable
 .text.dcd_set_address
                0x1000801c       0x14 CMakeFiles/plcSpecial.dir/lib/pico-sdk/lib/tinyusb/src/portable/raspberrypi/rp2040/dcd_rp2040.c.obj
                0x1000801c                dcd_set_address
 .text.dcd_connect
                0x10008030       0x10 CMakeFiles/plcSpecial.dir/lib/pico-sdk/lib/tinyusb/src/portable/raspberrypi/rp2040/dcd_rp2040.c.obj
                0x10008030                dcd_connect
 .text.dcd_init
                0x10008040       0x98 CMakeFiles/plcSpecial.dir/lib/pico-sdk/lib/tinyusb/src/portable/raspberrypi/rp2040/dcd_rp2040.c.obj
                0x10008040                dcd_init
 .text.dcd_edpt0_status_complete
                0x100080d8       0x1c CMakeFiles/plcSpecial.dir/lib/pico-sdk/lib/tinyusb/src/portable/raspberrypi/rp2040/dcd_rp2040.c.obj
                0x100080d8                dcd_edpt0_status_complete
 .text.dcd_edpt_open
                0x100080f4      0x108 CMakeFiles/plcSpecial.dir/lib/pico-sdk/lib/tinyusb/src/portable/raspberrypi/rp2040/dcd_rp2040.c.obj
                0x100080f4                dcd_edpt_open
 .text.dcd_edpt_close_all
                0x100081fc        0x8 CMakeFiles/plcSpecial.dir/lib/pico-sdk/lib/tinyusb/src/portable/raspberrypi/rp2040/dcd_rp2040.c.obj
                0x100081fc                dcd_edpt_close_all
 .text.dcd_edpt_xfer
                0x10008204       0x24 CMakeFiles/plcSpecial.dir/lib/pico-sdk/lib/tinyusb/src/portable/raspberrypi/rp2040/dcd_rp2040.c.obj
                0x10008204                dcd_edpt_xfer
 .text.dcd_edpt_stall
                0x10008228       0x34 CMakeFiles/plcSpecial.dir/lib/pico-sdk/lib/tinyusb/src/portable/raspberrypi/rp2040/dcd_rp2040.c.obj
                0x10008228                dcd_edpt_stall
 .text.dcd_edpt_clear_stall
                0x1000825c       0x30 CMakeFiles/plcSpecial.dir/lib/pico-sdk/lib/tinyusb/src/portable/raspberrypi/rp2040/dcd_rp2040.c.obj
                0x1000825c                dcd_edpt_clear_stall
 .text.rp2040_usb_init
                0x1000828c       0x4c CMakeFiles/plcSpecial.dir/lib/pico-sdk/lib/tinyusb/src/portable/raspberrypi/rp2040/rp2040_usb.c.obj
                0x1000828c                rp2040_usb_init
 .text.hw_endpoint_xfer_start
                0x100082d8       0x40 CMakeFiles/plcSpecial.dir/lib/pico-sdk/lib/tinyusb/src/portable/raspberrypi/rp2040/rp2040_usb.c.obj
                0x100082d8                hw_endpoint_xfer_start
 .text.tud_mounted
                0x10008318       0x10 CMakeFiles/plcSpecial.dir/lib/pico-sdk/lib/tinyusb/src/device/usbd.c.obj
                0x10008318                tud_mounted
 .text.tud_suspended
                0x10008328       0x10 CMakeFiles/plcSpecial.dir/lib/pico-sdk/lib/tinyusb/src/device/usbd.c.obj
                0x10008328                tud_suspended
 .text.tud_inited
                0x10008338       0x14 CMakeFiles/plcSpecial.dir/lib/pico-sdk/lib/tinyusb/src/device/usbd.c.obj
                0x10008338                tud_inited
 .text.tud_init
                0x1000834c       0xdc CMakeFiles/plcSpecial.dir/lib/pico-sdk/lib/tinyusb/src/device/usbd.c.obj
                0x1000834c                tud_init
 .text.tud_task_ext
                0x10008428      0x850 CMakeFiles/plcSpecial.dir/lib/pico-sdk/lib/tinyusb/src/device/usbd.c.obj
                0x10008428                tud_task_ext
 .text.usbd_open_edpt_pair
                0x10008c78       0x9c CMakeFiles/plcSpecial.dir/lib/pico-sdk/lib/tinyusb/src/device/usbd.c.obj
                0x10008c78                usbd_open_edpt_pair
 .text.usbd_defer_func
                0x10008d14       0x48 CMakeFiles/plcSpecial.dir/lib/pico-sdk/lib/tinyusb/src/device/usbd.c.obj
                0x10008d14                usbd_defer_func
 .text.usbd_edpt_open
                0x10008d5c       0x34 CMakeFiles/plcSpecial.dir/lib/pico-sdk/lib/tinyusb/src/device/usbd.c.obj
                0x10008d5c                usbd_edpt_open
 .text.usbd_edpt_claim
                0x10008d90       0x28 CMakeFiles/plcSpecial.dir/lib/pico-sdk/lib/tinyusb/src/device/usbd.c.obj
                0x10008d90                usbd_edpt_claim
 .text.usbd_edpt_release
                0x10008db8       0x28 CMakeFiles/plcSpecial.dir/lib/pico-sdk/lib/tinyusb/src/device/usbd.c.obj
                0x10008db8                usbd_edpt_release
 .text.usbd_edpt_xfer
                0x10008de0       0x4c CMakeFiles/plcSpecial.dir/lib/pico-sdk/lib/tinyusb/src/device/usbd.c.obj
                0x10008de0                usbd_edpt_xfer
 .text.tud_control_status
                0x10008e2c       0x2c CMakeFiles/plcSpecial.dir/lib/pico-sdk/lib/tinyusb/src/device/usbd_control.c.obj
                0x10008e2c                tud_control_status
 .text.tud_control_xfer
                0x10008e58       0xac CMakeFiles/plcSpecial.dir/lib/pico-sdk/lib/tinyusb/src/device/usbd_control.c.obj
                0x10008e58                tud_control_xfer
 .text.usbd_control_reset
                0x10008f04       0x14 CMakeFiles/plcSpecial.dir/lib/pico-sdk/lib/tinyusb/src/device/usbd_control.c.obj
                0x10008f04                usbd_control_reset
 .text.usbd_control_set_complete_callback
                0x10008f18        0xc CMakeFiles/plcSpecial.dir/lib/pico-sdk/lib/tinyusb/src/device/usbd_control.c.obj
                0x10008f18                usbd_control_set_complete_callback
 .text.usbd_control_set_request
                0x10008f24       0x1c CMakeFiles/plcSpecial.dir/lib/pico-sdk/lib/tinyusb/src/device/usbd_control.c.obj
                0x10008f24                usbd_control_set_request
 .text.usbd_control_xfer_cb
                0x10008f40       0xf4 CMakeFiles/plcSpecial.dir/lib/pico-sdk/lib/tinyusb/src/device/usbd_control.c.obj
                0x10008f40                usbd_control_xfer_cb
 .text.tud_cdc_n_connected
                0x10009034       0x30 CMakeFiles/plcSpecial.dir/lib/pico-sdk/lib/tinyusb/src/class/cdc/cdc_device.c.obj
                0x10009034                tud_cdc_n_connected
 .text.tud_cdc_n_available
                0x10009064       0x18 CMakeFiles/plcSpecial.dir/lib/pico-sdk/lib/tinyusb/src/class/cdc/cdc_device.c.obj
                0x10009064                tud_cdc_n_available
 .text.tud_cdc_n_read
                0x1000907c       0x70 CMakeFiles/plcSpecial.dir/lib/pico-sdk/lib/tinyusb/src/class/cdc/cdc_device.c.obj
                0x1000907c                tud_cdc_n_read
 .text.tud_cdc_n_write_flush
                0x100090ec       0x78 CMakeFiles/plcSpecial.dir/lib/pico-sdk/lib/tinyusb/src/class/cdc/cdc_device.c.obj
                0x100090ec                tud_cdc_n_write_flush
 .text.tud_cdc_n_write
                0x10009164       0x34 CMakeFiles/plcSpecial.dir/lib/pico-sdk/lib/tinyusb/src/class/cdc/cdc_device.c.obj
                0x10009164                tud_cdc_n_write
 .text.tud_cdc_n_write_available
                0x10009198       0x18 CMakeFiles/plcSpecial.dir/lib/pico-sdk/lib/tinyusb/src/class/cdc/cdc_device.c.obj
                0x10009198                tud_cdc_n_write_available
 .text.cdcd_init
                0x100091b0       0x7c CMakeFiles/plcSpecial.dir/lib/pico-sdk/lib/tinyusb/src/class/cdc/cdc_device.c.obj
                0x100091b0                cdcd_init
 .text.cdcd_reset
                0x1000922c       0x2c CMakeFiles/plcSpecial.dir/lib/pico-sdk/lib/tinyusb/src/class/cdc/cdc_device.c.obj
                0x1000922c                cdcd_reset
 .text.cdcd_open
                0x10009258       0xe4 CMakeFiles/plcSpecial.dir/lib/pico-sdk/lib/tinyusb/src/class/cdc/cdc_device.c.obj
                0x10009258                cdcd_open
 .text.cdcd_control_xfer_cb
                0x1000933c       0xe4 CMakeFiles/plcSpecial.dir/lib/pico-sdk/lib/tinyusb/src/class/cdc/cdc_device.c.obj
                0x1000933c                cdcd_control_xfer_cb
 .text.cdcd_xfer_cb
                0x10009420      0x13c CMakeFiles/plcSpecial.dir/lib/pico-sdk/lib/tinyusb/src/class/cdc/cdc_device.c.obj
                0x10009420                cdcd_xfer_cb
 .text.tusb_init
                0x1000955c        0xc CMakeFiles/plcSpecial.dir/lib/pico-sdk/lib/tinyusb/src/tusb.c.obj
                0x1000955c                tusb_init
 .text.tusb_inited
                0x10009568        0x8 CMakeFiles/plcSpecial.dir/lib/pico-sdk/lib/tinyusb/src/tusb.c.obj
                0x10009568                tusb_inited
 .text.tu_edpt_claim
                0x10009570       0x50 CMakeFiles/plcSpecial.dir/lib/pico-sdk/lib/tinyusb/src/tusb.c.obj
                0x10009570                tu_edpt_claim
 .text.tu_edpt_release
                0x100095c0       0x38 CMakeFiles/plcSpecial.dir/lib/pico-sdk/lib/tinyusb/src/tusb.c.obj
                0x100095c0                tu_edpt_release
 .text.tu_edpt_validate
                0x100095f8       0x7c CMakeFiles/plcSpecial.dir/lib/pico-sdk/lib/tinyusb/src/tusb.c.obj
                0x100095f8                tu_edpt_validate
 .text.tu_edpt_bind_driver
                0x10009674       0x34 CMakeFiles/plcSpecial.dir/lib/pico-sdk/lib/tinyusb/src/tusb.c.obj
                0x10009674                tu_edpt_bind_driver
 .text.tu_fifo_config
                0x100096a8       0x6c CMakeFiles/plcSpecial.dir/lib/pico-sdk/lib/tinyusb/src/common/tusb_fifo.c.obj
                0x100096a8                tu_fifo_config
 .text.tu_fifo_count
                0x10009714       0x2c CMakeFiles/plcSpecial.dir/lib/pico-sdk/lib/tinyusb/src/common/tusb_fifo.c.obj
                0x10009714                tu_fifo_count
 .text.tu_fifo_empty
                0x10009740       0x10 CMakeFiles/plcSpecial.dir/lib/pico-sdk/lib/tinyusb/src/common/tusb_fifo.c.obj
                0x10009740                tu_fifo_empty
 .text.tu_fifo_remaining
                0x10009750       0x2c CMakeFiles/plcSpecial.dir/lib/pico-sdk/lib/tinyusb/src/common/tusb_fifo.c.obj
                0x10009750                tu_fifo_remaining
 .text.tu_fifo_read
                0x1000977c       0x9c CMakeFiles/plcSpecial.dir/lib/pico-sdk/lib/tinyusb/src/common/tusb_fifo.c.obj
                0x1000977c                tu_fifo_read
 .text.tu_fifo_read_n
                0x10009818       0xe8 CMakeFiles/plcSpecial.dir/lib/pico-sdk/lib/tinyusb/src/common/tusb_fifo.c.obj
                0x10009818                tu_fifo_read_n
 .text.tu_fifo_write
                0x10009900       0xa8 CMakeFiles/plcSpecial.dir/lib/pico-sdk/lib/tinyusb/src/common/tusb_fifo.c.obj
                0x10009900                tu_fifo_write
 .text.tu_fifo_write_n
                0x100099a8      0x178 CMakeFiles/plcSpecial.dir/lib/pico-sdk/lib/tinyusb/src/common/tusb_fifo.c.obj
                0x100099a8                tu_fifo_write_n
 .text.tu_fifo_clear
                0x10009b20       0x40 CMakeFiles/plcSpecial.dir/lib/pico-sdk/lib/tinyusb/src/common/tusb_fifo.c.obj
                0x10009b20                tu_fifo_clear
 .text.tu_fifo_set_overwritable
                0x10009b60       0x48 CMakeFiles/plcSpecial.dir/lib/pico-sdk/lib/tinyusb/src/common/tusb_fifo.c.obj
                0x10009b60                tu_fifo_set_overwritable
 .text._ZN8One_wireC2Ejjb
                0x10009ba8       0x30 CMakeFiles/plcSpecial.dir/lib/pico-onewire/source/one_wire.cpp.obj
                0x10009ba8                One_wire::One_wire(unsigned int, unsigned int, bool)
                0x10009ba8                One_wire::One_wire(unsigned int, unsigned int, bool)
 .text._ZN8One_wire4initEv
                0x10009bd8      0x17c CMakeFiles/plcSpecial.dir/lib/pico-onewire/source/one_wire.cpp.obj
                0x10009bd8                One_wire::init()
 .text._ZN8One_wireD2Ev
                0x10009d54       0x14 CMakeFiles/plcSpecial.dir/lib/pico-onewire/source/one_wire.cpp.obj
                0x10009d54                One_wire::~One_wire()
                0x10009d54                One_wire::~One_wire()
 .text._ZN8One_wire22single_device_read_romER13rom_address_t
                0x10009d68      0x130 CMakeFiles/plcSpecial.dir/lib/pico-onewire/source/one_wire.cpp.obj
                0x10009d68                One_wire::single_device_read_rom(rom_address_t&)
 .text._ZN8One_wire9match_romER13rom_address_t
                0x10009e98      0x140 CMakeFiles/plcSpecial.dir/lib/pico-onewire/source/one_wire.cpp.obj
                0x10009e98                One_wire::match_rom(rom_address_t&)
 .text._ZN8One_wire19convert_temperatureER13rom_address_tbb
                0x10009fd8      0x1f8 CMakeFiles/plcSpecial.dir/lib/pico-onewire/source/one_wire.cpp.obj
                0x10009fd8                One_wire::convert_temperature(rom_address_t&, bool, bool)
 .text._ZN8One_wire16read_scratch_padER13rom_address_t
                0x1000a1d0      0x110 CMakeFiles/plcSpecial.dir/lib/pico-onewire/source/one_wire.cpp.obj
                0x1000a1d0                One_wire::read_scratch_pad(rom_address_t&)
 .text._ZN8One_wire11temperatureER13rom_address_tb
                0x1000a2e0      0x354 CMakeFiles/plcSpecial.dir/lib/pico-onewire/source/one_wire.cpp.obj
                0x1000a2e0                One_wire::temperature(rom_address_t&, bool)
 .text.startup._GLOBAL__sub_I_found_addresses
                0x1000a634       0x14 CMakeFiles/plcSpecial.dir/lib/pico-onewire/source/one_wire.cpp.obj
 .text.pvPortMalloc
                0x1000a648      0x12c CMakeFiles/plcSpecial.dir/lib/FreeRTOS-Kernel/portable/MemMang/heap_4.c.obj
                0x1000a648                pvPortMalloc
 .text.vPortFree
                0x1000a774       0x98 CMakeFiles/plcSpecial.dir/lib/FreeRTOS-Kernel/portable/MemMang/heap_4.c.obj
                0x1000a774                vPortFree
 .text.vPortSVCHandler
                0x1000a80c        0x4 CMakeFiles/plcSpecial.dir/lib/FreeRTOS-Kernel/portable/ThirdParty/GCC/RP2040/port.c.obj
                0x1000a80c                vPortSVCHandler
 .text.vPortStartFirstTask
                0x1000a810       0x34 CMakeFiles/plcSpecial.dir/lib/FreeRTOS-Kernel/portable/ThirdParty/GCC/RP2040/port.c.obj
 *fill*         0x1000a844        0xc 
 .text.xPortPendSVHandler
                0x1000a850       0x64 CMakeFiles/plcSpecial.dir/lib/FreeRTOS-Kernel/portable/ThirdParty/GCC/RP2040/port.c.obj
                0x1000a850                xPortPendSVHandler
 .text.prvFIFOInterruptHandler
                0x1000a8b4       0x78 CMakeFiles/plcSpecial.dir/lib/FreeRTOS-Kernel/portable/ThirdParty/GCC/RP2040/port.c.obj
 .text.prvTaskExitError
                0x1000a92c        0x8 CMakeFiles/plcSpecial.dir/lib/FreeRTOS-Kernel/portable/ThirdParty/GCC/RP2040/port.c.obj
 .text.pxPortInitialiseStack
                0x1000a934       0x20 CMakeFiles/plcSpecial.dir/lib/FreeRTOS-Kernel/portable/ThirdParty/GCC/RP2040/port.c.obj
                0x1000a934                pxPortInitialiseStack
 .text.vPortYield
                0x1000a954       0x18 CMakeFiles/plcSpecial.dir/lib/FreeRTOS-Kernel/portable/ThirdParty/GCC/RP2040/port.c.obj
                0x1000a954                vPortYield
 .text.vPortEnterCritical
                0x1000a96c       0x18 CMakeFiles/plcSpecial.dir/lib/FreeRTOS-Kernel/portable/ThirdParty/GCC/RP2040/port.c.obj
                0x1000a96c                vPortEnterCritical
 .text.vPortExitCritical
                0x1000a984       0x34 CMakeFiles/plcSpecial.dir/lib/FreeRTOS-Kernel/portable/ThirdParty/GCC/RP2040/port.c.obj
                0x1000a984                vPortExitCritical
 .text.ulSetInterruptMaskFromISR
                0x1000a9b8        0x8 CMakeFiles/plcSpecial.dir/lib/FreeRTOS-Kernel/portable/ThirdParty/GCC/RP2040/port.c.obj
                0x1000a9b8                ulSetInterruptMaskFromISR
 .text.vClearInterruptMaskFromISR
                0x1000a9c0        0x8 CMakeFiles/plcSpecial.dir/lib/FreeRTOS-Kernel/portable/ThirdParty/GCC/RP2040/port.c.obj
                0x1000a9c0                vClearInterruptMaskFromISR
 .text.xPortSysTickHandler
                0x1000a9c8       0x24 CMakeFiles/plcSpecial.dir/lib/FreeRTOS-Kernel/portable/ThirdParty/GCC/RP2040/port.c.obj
                0x1000a9c8                xPortSysTickHandler
 .text.vPortSetupTimerInterrupt
                0x1000a9ec       0x34 CMakeFiles/plcSpecial.dir/lib/FreeRTOS-Kernel/portable/ThirdParty/GCC/RP2040/port.c.obj
                0x1000a9ec                vPortSetupTimerInterrupt
 .text.xPortStartScheduler
                0x1000aa20       0xa0 CMakeFiles/plcSpecial.dir/lib/FreeRTOS-Kernel/portable/ThirdParty/GCC/RP2040/port.c.obj
                0x1000aa20                xPortStartScheduler
 .text.ulPortLockGetCurrentOwnerId
                0x1000aac0       0x2c CMakeFiles/plcSpecial.dir/lib/FreeRTOS-Kernel/portable/ThirdParty/GCC/RP2040/port.c.obj
                0x1000aac0                ulPortLockGetCurrentOwnerId
 .text.vPortLockInternalSpinUnlockWithWait
                0x1000aaec       0x68 CMakeFiles/plcSpecial.dir/lib/FreeRTOS-Kernel/portable/ThirdParty/GCC/RP2040/port.c.obj
                0x1000aaec                vPortLockInternalSpinUnlockWithWait
 .text.vPortLockInternalSpinUnlockWithNotify
                0x1000ab54       0xc8 CMakeFiles/plcSpecial.dir/lib/FreeRTOS-Kernel/portable/ThirdParty/GCC/RP2040/port.c.obj
                0x1000ab54                vPortLockInternalSpinUnlockWithNotify
 .text.xPortLockInternalSpinUnlockWithBestEffortWaitOrTimeout
                0x1000ac1c       0xfc CMakeFiles/plcSpecial.dir/lib/FreeRTOS-Kernel/portable/ThirdParty/GCC/RP2040/port.c.obj
                0x1000ac1c                xPortLockInternalSpinUnlockWithBestEffortWaitOrTimeout
 .text.startup.prvRuntimeInitializer
                0x1000ad18       0x28 CMakeFiles/plcSpecial.dir/lib/FreeRTOS-Kernel/portable/ThirdParty/GCC/RP2040/port.c.obj
 .text.vEventGroupSetBitsCallback
                0x1000ad40       0x90 CMakeFiles/plcSpecial.dir/lib/FreeRTOS-Kernel/event_groups.c.obj
                0x1000ad40                vEventGroupSetBitsCallback
 .text.xEventGroupCreate
                0x1000add0       0x18 CMakeFiles/plcSpecial.dir/lib/FreeRTOS-Kernel/event_groups.c.obj
                0x1000add0                xEventGroupCreate
 .text.xEventGroupWaitBits
                0x1000ade8       0xb8 CMakeFiles/plcSpecial.dir/lib/FreeRTOS-Kernel/event_groups.c.obj
                0x1000ade8                xEventGroupWaitBits
 .text.xEventGroupSetBits
                0x1000aea0       0x94 CMakeFiles/plcSpecial.dir/lib/FreeRTOS-Kernel/event_groups.c.obj
                0x1000aea0                xEventGroupSetBits
 .text.xEventGroupSetBitsFromISR
                0x1000af34       0x18 CMakeFiles/plcSpecial.dir/lib/FreeRTOS-Kernel/event_groups.c.obj
                0x1000af34                xEventGroupSetBitsFromISR
 .text.vListInitialise
                0x1000af4c       0x18 CMakeFiles/plcSpecial.dir/lib/FreeRTOS-Kernel/list.c.obj
                0x1000af4c                vListInitialise
 .text.vListInitialiseItem
                0x1000af64        0x8 CMakeFiles/plcSpecial.dir/lib/FreeRTOS-Kernel/list.c.obj
                0x1000af64                vListInitialiseItem
 .text.vListInsert
                0x1000af6c       0x30 CMakeFiles/plcSpecial.dir/lib/FreeRTOS-Kernel/list.c.obj
                0x1000af6c                vListInsert
 .text.uxListRemove
                0x1000af9c       0x24 CMakeFiles/plcSpecial.dir/lib/FreeRTOS-Kernel/list.c.obj
                0x1000af9c                uxListRemove
 .text.prvUnlockQueue
                0x1000afc0      0x180 CMakeFiles/plcSpecial.dir/lib/FreeRTOS-Kernel/queue.c.obj
 .text.prvNotifyQueueSetContainer
                0x1000b140       0x90 CMakeFiles/plcSpecial.dir/lib/FreeRTOS-Kernel/queue.c.obj
 .text.xQueueGenericCreate
                0x1000b1d0       0xa4 CMakeFiles/plcSpecial.dir/lib/FreeRTOS-Kernel/queue.c.obj
                0x1000b1d0                xQueueGenericCreate
 .text.xQueueGenericSendFromISR
                0x1000b274      0x134 CMakeFiles/plcSpecial.dir/lib/FreeRTOS-Kernel/queue.c.obj
                0x1000b274                xQueueGenericSendFromISR
 .text.xQueueReceive
                0x1000b3a8      0x11c CMakeFiles/plcSpecial.dir/lib/FreeRTOS-Kernel/queue.c.obj
                0x1000b3a8                xQueueReceive
 .text.vQueueAddToRegistry
                0x1000b4c4      0x118 CMakeFiles/plcSpecial.dir/lib/FreeRTOS-Kernel/queue.c.obj
                0x1000b4c4                vQueueAddToRegistry
 .text.vQueueWaitForMessageRestricted
                0x1000b5dc       0x48 CMakeFiles/plcSpecial.dir/lib/FreeRTOS-Kernel/queue.c.obj
                0x1000b5dc                vQueueWaitForMessageRestricted
 .text.prvIdleTask
                0x1000b624       0x60 CMakeFiles/plcSpecial.dir/lib/FreeRTOS-Kernel/tasks.c.obj
 .text.xTaskIncrementTick.part.0
                0x1000b684      0x190 CMakeFiles/plcSpecial.dir/lib/FreeRTOS-Kernel/tasks.c.obj
 .text.xTaskCreate
                0x1000b814      0x244 CMakeFiles/plcSpecial.dir/lib/FreeRTOS-Kernel/tasks.c.obj
                0x1000b814                xTaskCreate
 .text.vTaskStartScheduler
                0x1000ba58      0x1d8 CMakeFiles/plcSpecial.dir/lib/FreeRTOS-Kernel/tasks.c.obj
                0x1000ba58                vTaskStartScheduler
 .text.vTaskSuspendAll
                0x1000bc30       0x10 CMakeFiles/plcSpecial.dir/lib/FreeRTOS-Kernel/tasks.c.obj
                0x1000bc30                vTaskSuspendAll
 .text.xTaskResumeAll
                0x1000bc40      0x180 CMakeFiles/plcSpecial.dir/lib/FreeRTOS-Kernel/tasks.c.obj
                0x1000bc40                xTaskResumeAll
 .text.vTaskDelay
                0x1000bdc0       0x78 CMakeFiles/plcSpecial.dir/lib/FreeRTOS-Kernel/tasks.c.obj
                0x1000bdc0                vTaskDelay
 .text.xTaskGetTickCount
                0x1000be38        0xc CMakeFiles/plcSpecial.dir/lib/FreeRTOS-Kernel/tasks.c.obj
                0x1000be38                xTaskGetTickCount
 .text.uxTaskGetNumberOfTasks
                0x1000be44        0xc CMakeFiles/plcSpecial.dir/lib/FreeRTOS-Kernel/tasks.c.obj
                0x1000be44                uxTaskGetNumberOfTasks
 .text.xTaskIncrementTick
                0x1000be50       0x24 CMakeFiles/plcSpecial.dir/lib/FreeRTOS-Kernel/tasks.c.obj
                0x1000be50                xTaskIncrementTick
 .text.vTaskSwitchContext
                0x1000be74       0x6c CMakeFiles/plcSpecial.dir/lib/FreeRTOS-Kernel/tasks.c.obj
                0x1000be74                vTaskSwitchContext
 .text.vTaskPlaceOnEventList
                0x1000bee0       0x94 CMakeFiles/plcSpecial.dir/lib/FreeRTOS-Kernel/tasks.c.obj
                0x1000bee0                vTaskPlaceOnEventList
 .text.vTaskPlaceOnUnorderedEventList
                0x1000bf74       0xb8 CMakeFiles/plcSpecial.dir/lib/FreeRTOS-Kernel/tasks.c.obj
                0x1000bf74                vTaskPlaceOnUnorderedEventList
 .text.vTaskPlaceOnEventListRestricted
                0x1000c02c       0xc0 CMakeFiles/plcSpecial.dir/lib/FreeRTOS-Kernel/tasks.c.obj
                0x1000c02c                vTaskPlaceOnEventListRestricted
 .text.xTaskRemoveFromEventList
                0x1000c0ec       0xcc CMakeFiles/plcSpecial.dir/lib/FreeRTOS-Kernel/tasks.c.obj
                0x1000c0ec                xTaskRemoveFromEventList
 .text.vTaskRemoveFromUnorderedEventList
                0x1000c1b8       0x94 CMakeFiles/plcSpecial.dir/lib/FreeRTOS-Kernel/tasks.c.obj
                0x1000c1b8                vTaskRemoveFromUnorderedEventList
 .text.vTaskInternalSetTimeOutState
                0x1000c24c       0x18 CMakeFiles/plcSpecial.dir/lib/FreeRTOS-Kernel/tasks.c.obj
                0x1000c24c                vTaskInternalSetTimeOutState
 .text.xTaskCheckForTimeOut
                0x1000c264       0x74 CMakeFiles/plcSpecial.dir/lib/FreeRTOS-Kernel/tasks.c.obj
                0x1000c264                xTaskCheckForTimeOut
 .text.vTaskMissedYield
                0x1000c2d8        0xc CMakeFiles/plcSpecial.dir/lib/FreeRTOS-Kernel/tasks.c.obj
                0x1000c2d8                vTaskMissedYield
 .text.xTaskGetCurrentTaskHandle
                0x1000c2e4        0xc CMakeFiles/plcSpecial.dir/lib/FreeRTOS-Kernel/tasks.c.obj
                0x1000c2e4                xTaskGetCurrentTaskHandle
 .text.xTaskPriorityDisinherit
                0x1000c2f0       0x64 CMakeFiles/plcSpecial.dir/lib/FreeRTOS-Kernel/tasks.c.obj
                0x1000c2f0                xTaskPriorityDisinherit
 .text.uxTaskResetEventItemValue
                0x1000c354       0x18 CMakeFiles/plcSpecial.dir/lib/FreeRTOS-Kernel/tasks.c.obj
                0x1000c354                uxTaskResetEventItemValue
 .text.prvTimerTask
                0x1000c36c      0x384 CMakeFiles/plcSpecial.dir/lib/FreeRTOS-Kernel/timers.c.obj
 .text.xTimerCreateTimerTask
                0x1000c6f0       0x8c CMakeFiles/plcSpecial.dir/lib/FreeRTOS-Kernel/timers.c.obj
                0x1000c6f0                xTimerCreateTimerTask
 .text.xTimerPendFunctionCallFromISR
                0x1000c77c       0x28 CMakeFiles/plcSpecial.dir/lib/FreeRTOS-Kernel/timers.c.obj
                0x1000c77c                xTimerPendFunctionCallFromISR
 .text.exception_set_exclusive_handler
                0x1000c7a4       0x48 CMakeFiles/plcSpecial.dir/lib/pico-sdk/src/rp2_common/hardware_exception/exception.c.obj
                0x1000c7a4                exception_set_exclusive_handler
 .text.__cxa_guard_acquire
                0x1000c7ec       0x38 /usr/bin/../lib/gcc/arm-none-eabi/13.2.1/../../../../arm-none-eabi/lib/thumb/v6-m/nofp/libstdc++.a(guard.o)
                0x1000c7ec                __cxa_guard_acquire
 .text.__cxa_guard_release
                0x1000c824        0x8 /usr/bin/../lib/gcc/arm-none-eabi/13.2.1/../../../../arm-none-eabi/lib/thumb/v6-m/nofp/libstdc++.a(guard.o)
                0x1000c824                __cxa_guard_release
 .text._ZN9__gnu_cxx20recursive_init_errorD2Ev
                0x1000c82c       0x14 /usr/bin/../lib/gcc/arm-none-eabi/13.2.1/../../../../arm-none-eabi/lib/thumb/v6-m/nofp/libstdc++.a(guard_error.o)
                0x1000c82c                __gnu_cxx::recursive_init_error::~recursive_init_error()
                0x1000c82c                __gnu_cxx::recursive_init_error::~recursive_init_error()
 .text._ZN9__gnu_cxx20recursive_init_errorD0Ev
                0x1000c840       0x1c /usr/bin/../lib/gcc/arm-none-eabi/13.2.1/../../../../arm-none-eabi/lib/thumb/v6-m/nofp/libstdc++.a(guard_error.o)
                0x1000c840                __gnu_cxx::recursive_init_error::~recursive_init_error()
 .text._ZN9__gnu_cxx20recursive_init_errorC2Ev
                0x1000c85c        0xc /usr/bin/../lib/gcc/arm-none-eabi/13.2.1/../../../../arm-none-eabi/lib/thumb/v6-m/nofp/libstdc++.a(guard_error.o)
                0x1000c85c                __gnu_cxx::recursive_init_error::recursive_init_error()
                0x1000c85c                __gnu_cxx::recursive_init_error::recursive_init_error()
 .text._ZN10__cxxabiv120__si_class_type_infoD2Ev
                0x1000c868       0x14 /usr/bin/../lib/gcc/arm-none-eabi/13.2.1/../../../../arm-none-eabi/lib/thumb/v6-m/nofp/libstdc++.a(si_class_type_info.o)
                0x1000c868                __cxxabiv1::__si_class_type_info::~__si_class_type_info()
                0x1000c868                __cxxabiv1::__si_class_type_info::~__si_class_type_info()
 .text._ZN10__cxxabiv120__si_class_type_infoD0Ev
                0x1000c87c       0x1c /usr/bin/../lib/gcc/arm-none-eabi/13.2.1/../../../../arm-none-eabi/lib/thumb/v6-m/nofp/libstdc++.a(si_class_type_info.o)
                0x1000c87c                __cxxabiv1::__si_class_type_info::~__si_class_type_info()
 .text._ZNK10__cxxabiv120__si_class_type_info20__do_find_public_srcEiPKvPKNS_17__class_type_infoES2_
                0x1000c898       0x38 /usr/bin/../lib/gcc/arm-none-eabi/13.2.1/../../../../arm-none-eabi/lib/thumb/v6-m/nofp/libstdc++.a(si_class_type_info.o)
                0x1000c898                __cxxabiv1::__si_class_type_info::__do_find_public_src(int, void const*, __cxxabiv1::__class_type_info const*, void const*) const
 .text._ZNK10__cxxabiv120__si_class_type_info12__do_dyncastEiNS_17__class_type_info10__sub_kindEPKS1_PKvS4_S6_RNS1_16__dyncast_resultE
                0x1000c8d0       0x88 /usr/bin/../lib/gcc/arm-none-eabi/13.2.1/../../../../arm-none-eabi/lib/thumb/v6-m/nofp/libstdc++.a(si_class_type_info.o)
                0x1000c8d0                __cxxabiv1::__si_class_type_info::__do_dyncast(int, __cxxabiv1::__class_type_info::__sub_kind, __cxxabiv1::__class_type_info const*, void const*, __cxxabiv1::__class_type_info const*, void const*, __cxxabiv1::__class_type_info::__dyncast_result&) const
 .text._ZNK10__cxxabiv120__si_class_type_info11__do_upcastEPKNS_17__class_type_infoEPKvRNS1_15__upcast_resultE
                0x1000c958       0x24 /usr/bin/../lib/gcc/arm-none-eabi/13.2.1/../../../../arm-none-eabi/lib/thumb/v6-m/nofp/libstdc++.a(si_class_type_info.o)
                0x1000c958                __cxxabiv1::__si_class_type_info::__do_upcast(__cxxabiv1::__class_type_info const*, void const*, __cxxabiv1::__class_type_info::__upcast_result&) const
 .text._ZNSt9type_infoD2Ev
                0x1000c97c        0x4 /usr/bin/../lib/gcc/arm-none-eabi/13.2.1/../../../../arm-none-eabi/lib/thumb/v6-m/nofp/libstdc++.a(tinfo.o)
                0x1000c97c                std::type_info::~type_info()
                0x1000c97c                std::type_info::~type_info()
 .text._ZNKSt9type_info14__is_pointer_pEv
                0x1000c980        0x4 /usr/bin/../lib/gcc/arm-none-eabi/13.2.1/../../../../arm-none-eabi/lib/thumb/v6-m/nofp/libstdc++.a(tinfo.o)
                0x1000c980                std::type_info::__is_function_p() const
                0x1000c980                std::type_info::__is_pointer_p() const
 .text._ZNKSt9type_infoeqERKS_
                0x1000c984       0x30 /usr/bin/../lib/gcc/arm-none-eabi/13.2.1/../../../../arm-none-eabi/lib/thumb/v6-m/nofp/libstdc++.a(tinfo.o)
                0x1000c984                std::type_info::__equal(std::type_info const&) const
                0x1000c984                std::type_info::operator==(std::type_info const&) const
 .text._ZSt18_Rb_tree_decrementPSt18_Rb_tree_node_base
                0x1000c9b4       0x38 /usr/bin/../lib/gcc/arm-none-eabi/13.2.1/../../../../arm-none-eabi/lib/thumb/v6-m/nofp/libstdc++.a(tree.o)
                0x1000c9b4                std::_Rb_tree_decrement(std::_Rb_tree_node_base*)
 .text._ZSt29_Rb_tree_insert_and_rebalancebPSt18_Rb_tree_node_baseS0_RS_
                0x1000c9ec      0x184 /usr/bin/../lib/gcc/arm-none-eabi/13.2.1/../../../../arm-none-eabi/lib/thumb/v6-m/nofp/libstdc++.a(tree.o)
                0x1000c9ec                std::_Rb_tree_insert_and_rebalance(bool, std::_Rb_tree_node_base*, std::_Rb_tree_node_base*, std::_Rb_tree_node_base&)
 .text.unlikely._ZSt17__throw_bad_allocv
                0x1000cb70       0x20 /usr/bin/../lib/gcc/arm-none-eabi/13.2.1/../../../../arm-none-eabi/lib/thumb/v6-m/nofp/libstdc++.a(functexcept.o)
                0x1000cb70                std::__throw_bad_alloc()
 .text.unlikely._ZSt19__throw_logic_errorPKc
                0x1000cb90       0x30 /usr/bin/../lib/gcc/arm-none-eabi/13.2.1/../../../../arm-none-eabi/lib/thumb/v6-m/nofp/libstdc++.a(functexcept.o)
                0x1000cb90                std::__throw_logic_error(char const*)
 .text.unlikely._ZSt24__throw_invalid_argumentPKc
                0x1000cbc0       0x30 /usr/bin/../lib/gcc/arm-none-eabi/13.2.1/../../../../arm-none-eabi/lib/thumb/v6-m/nofp/libstdc++.a(functexcept.o)
                0x1000cbc0                std::__throw_invalid_argument(char const*)
 .text.unlikely._ZSt20__throw_length_errorPKc
                0x1000cbf0       0x30 /usr/bin/../lib/gcc/arm-none-eabi/13.2.1/../../../../arm-none-eabi/lib/thumb/v6-m/nofp/libstdc++.a(functexcept.o)
                0x1000cbf0                std::__throw_length_error(char const*)
 .text.unlikely._ZSt20__throw_out_of_rangePKc
                0x1000cc20       0x30 /usr/bin/../lib/gcc/arm-none-eabi/13.2.1/../../../../arm-none-eabi/lib/thumb/v6-m/nofp/libstdc++.a(functexcept.o)
                0x1000cc20                std::__throw_out_of_range(char const*)
 .text._ZSt24__throw_out_of_range_fmtPKcz
                0x1000cc50       0x68 /usr/bin/../lib/gcc/arm-none-eabi/13.2.1/../../../../arm-none-eabi/lib/thumb/v6-m/nofp/libstdc++.a(functexcept.o)
                0x1000cc50                std::__throw_out_of_range_fmt(char const*, ...)
 .text._ZN9__gnu_cxx26__throw_insufficient_spaceEPKcS1_
                0x1000ccb8       0x50 /usr/bin/../lib/gcc/arm-none-eabi/13.2.1/../../../../arm-none-eabi/lib/thumb/v6-m/nofp/libstdc++.a(snprintf_lite.o)
                0x1000ccb8                __gnu_cxx::__throw_insufficient_space(char const*, char const*)
 .text._ZN9__gnu_cxx15__concat_size_tEPcjj
                0x1000cd08       0x78 /usr/bin/../lib/gcc/arm-none-eabi/13.2.1/../../../../arm-none-eabi/lib/thumb/v6-m/nofp/libstdc++.a(snprintf_lite.o)
                0x1000cd08                __gnu_cxx::__concat_size_t(char*, unsigned int, unsigned int)
 .text._ZN9__gnu_cxx15__snprintf_liteEPcjPKcSt9__va_list
                0x1000cd80       0xa8 /usr/bin/../lib/gcc/arm-none-eabi/13.2.1/../../../../arm-none-eabi/lib/thumb/v6-m/nofp/libstdc++.a(snprintf_lite.o)
                0x1000cd80                __gnu_cxx::__snprintf_lite(char*, unsigned int, char const*, std::__va_list)
 .text._ZNSt7__cxx1112basic_stringIcSt11char_traitsIcESaIcEE9_M_createERjj
                0x1000ce28       0x3c /usr/bin/../lib/gcc/arm-none-eabi/13.2.1/../../../../arm-none-eabi/lib/thumb/v6-m/nofp/libstdc++.a(string-inst.o)
                0x1000ce28                std::__cxx11::basic_string<char, std::char_traits<char>, std::allocator<char> >::_M_create(unsigned int&, unsigned int)
 .text._ZNSt7__cxx1112basic_stringIcSt11char_traitsIcESaIcEE10_M_disposeEv
                0x1000ce64       0x14 /usr/bin/../lib/gcc/arm-none-eabi/13.2.1/../../../../arm-none-eabi/lib/thumb/v6-m/nofp/libstdc++.a(string-inst.o)
                0x1000ce64                std::__cxx11::basic_string<char, std::char_traits<char>, std::allocator<char> >::_M_dispose()
 .text._ZNSt7__cxx1112basic_stringIcSt11char_traitsIcESaIcEE9_M_mutateEjjPKcj
                0x1000ce78       0xb4 /usr/bin/../lib/gcc/arm-none-eabi/13.2.1/../../../../arm-none-eabi/lib/thumb/v6-m/nofp/libstdc++.a(string-inst.o)
                0x1000ce78                std::__cxx11::basic_string<char, std::char_traits<char>, std::allocator<char> >::_M_mutate(unsigned int, unsigned int, char const*, unsigned int)
 .text._ZNKSt7__cxx1112basic_stringIcSt11char_traitsIcESaIcEE4findEcj
                0x1000cf2c       0x24 /usr/bin/../lib/gcc/arm-none-eabi/13.2.1/../../../../arm-none-eabi/lib/thumb/v6-m/nofp/libstdc++.a(string-inst.o)
                0x1000cf2c                std::__cxx11::basic_string<char, std::char_traits<char>, std::allocator<char> >::find(char, unsigned int) const
 .text._ZNKSt9bad_alloc4whatEv
                0x1000cf50        0x8 /usr/bin/../lib/gcc/arm-none-eabi/13.2.1/../../../../arm-none-eabi/lib/thumb/v6-m/nofp/libstdc++.a(bad_alloc.o)
                0x1000cf50                std::bad_alloc::what() const
 .text._ZNSt9bad_allocD2Ev
                0x1000cf58       0x14 /usr/bin/../lib/gcc/arm-none-eabi/13.2.1/../../../../arm-none-eabi/lib/thumb/v6-m/nofp/libstdc++.a(bad_alloc.o)
                0x1000cf58                std::bad_alloc::~bad_alloc()
                0x1000cf58                std::bad_alloc::~bad_alloc()
 .text._ZNSt9bad_allocD0Ev
                0x1000cf6c       0x1c /usr/bin/../lib/gcc/arm-none-eabi/13.2.1/../../../../arm-none-eabi/lib/thumb/v6-m/nofp/libstdc++.a(bad_alloc.o)
                0x1000cf6c                std::bad_alloc::~bad_alloc()
 .text._ZNK10__cxxabiv117__class_type_info11__do_upcastEPKS0_PPv
                0x1000cf88       0x34 /usr/bin/../lib/gcc/arm-none-eabi/13.2.1/../../../../arm-none-eabi/lib/thumb/v6-m/nofp/libstdc++.a(class_type_info.o)
                0x1000cf88                __cxxabiv1::__class_type_info::__do_upcast(__cxxabiv1::__class_type_info const*, void**) const
 .text._ZNK10__cxxabiv117__class_type_info20__do_find_public_srcEiPKvPKS0_S2_
                0x1000cfbc       0x14 /usr/bin/../lib/gcc/arm-none-eabi/13.2.1/../../../../arm-none-eabi/lib/thumb/v6-m/nofp/libstdc++.a(class_type_info.o)
                0x1000cfbc                __cxxabiv1::__class_type_info::__do_find_public_src(int, void const*, __cxxabiv1::__class_type_info const*, void const*) const
 .text._ZN10__cxxabiv117__class_type_infoD2Ev
                0x1000cfd0       0x14 /usr/bin/../lib/gcc/arm-none-eabi/13.2.1/../../../../arm-none-eabi/lib/thumb/v6-m/nofp/libstdc++.a(class_type_info.o)
                0x1000cfd0                __cxxabiv1::__class_type_info::~__class_type_info()
                0x1000cfd0                __cxxabiv1::__class_type_info::~__class_type_info()
 .text._ZN10__cxxabiv117__class_type_infoD0Ev
                0x1000cfe4       0x1c /usr/bin/../lib/gcc/arm-none-eabi/13.2.1/../../../../arm-none-eabi/lib/thumb/v6-m/nofp/libstdc++.a(class_type_info.o)
                0x1000cfe4                __cxxabiv1::__class_type_info::~__class_type_info()
 .text._ZNK10__cxxabiv117__class_type_info12__do_dyncastEiNS0_10__sub_kindEPKS0_PKvS3_S5_RNS0_16__dyncast_resultE
                0x1000d000       0x40 /usr/bin/../lib/gcc/arm-none-eabi/13.2.1/../../../../arm-none-eabi/lib/thumb/v6-m/nofp/libstdc++.a(class_type_info.o)
                0x1000d000                __cxxabiv1::__class_type_info::__do_dyncast(int, __cxxabiv1::__class_type_info::__sub_kind, __cxxabiv1::__class_type_info const*, void const*, __cxxabiv1::__class_type_info const*, void const*, __cxxabiv1::__class_type_info::__dyncast_result&) const
 .text._ZNK10__cxxabiv117__class_type_info11__do_upcastEPKS0_PKvRNS0_15__upcast_resultE
                0x1000d040       0x1c /usr/bin/../lib/gcc/arm-none-eabi/13.2.1/../../../../arm-none-eabi/lib/thumb/v6-m/nofp/libstdc++.a(class_type_info.o)
                0x1000d040                __cxxabiv1::__class_type_info::__do_upcast(__cxxabiv1::__class_type_info const*, void const*, __cxxabiv1::__class_type_info::__upcast_result&) const
 .text._ZNK10__cxxabiv117__class_type_info10__do_catchEPKSt9type_infoPPvj
                0x1000d05c       0x24 /usr/bin/../lib/gcc/arm-none-eabi/13.2.1/../../../../arm-none-eabi/lib/thumb/v6-m/nofp/libstdc++.a(class_type_info.o)
                0x1000d05c                __cxxabiv1::__class_type_info::__do_catch(std::type_info const*, void**, unsigned int) const
 .text._ZN12_GLOBAL__N_14pool4freeEPv.constprop.0
                0x1000d080       0x6c /usr/bin/../lib/gcc/arm-none-eabi/13.2.1/../../../../arm-none-eabi/lib/thumb/v6-m/nofp/libstdc++.a(eh_alloc.o)
 .text._ZN12_GLOBAL__N_14pool8allocateEj.constprop.0
                0x1000d0ec       0x50 /usr/bin/../lib/gcc/arm-none-eabi/13.2.1/../../../../arm-none-eabi/lib/thumb/v6-m/nofp/libstdc++.a(eh_alloc.o)
 .text.__cxa_allocate_exception
                0x1000d13c       0x2c /usr/bin/../lib/gcc/arm-none-eabi/13.2.1/../../../../arm-none-eabi/lib/thumb/v6-m/nofp/libstdc++.a(eh_alloc.o)
                0x1000d13c                __cxa_allocate_exception
 .text.__cxa_free_exception
                0x1000d168       0x24 /usr/bin/../lib/gcc/arm-none-eabi/13.2.1/../../../../arm-none-eabi/lib/thumb/v6-m/nofp/libstdc++.a(eh_alloc.o)
                0x1000d168                __cxa_free_exception
 .text.startup._GLOBAL__sub_I__ZN9__gnu_cxx9__freeresEv
                0x1000d18c      0x10c /usr/bin/../lib/gcc/arm-none-eabi/13.2.1/../../../../arm-none-eabi/lib/thumb/v6-m/nofp/libstdc++.a(eh_alloc.o)
 .text.__cxa_end_cleanup
                0x1000d298        0xc /usr/bin/../lib/gcc/arm-none-eabi/13.2.1/../../../../arm-none-eabi/lib/thumb/v6-m/nofp/libstdc++.a(eh_arm.o)
                0x1000d298                __cxa_end_cleanup
 .text.__cxa_type_match
                0x1000d2a4       0xc0 /usr/bin/../lib/gcc/arm-none-eabi/13.2.1/../../../../arm-none-eabi/lib/thumb/v6-m/nofp/libstdc++.a(eh_arm.o)
                0x1000d2a4                __cxa_type_match
 .text.__cxa_begin_cleanup
                0x1000d364       0x60 /usr/bin/../lib/gcc/arm-none-eabi/13.2.1/../../../../arm-none-eabi/lib/thumb/v6-m/nofp/libstdc++.a(eh_arm.o)
                0x1000d364                __cxa_begin_cleanup
 .text.__gnu_end_cleanup
                0x1000d3c4       0x70 /usr/bin/../lib/gcc/arm-none-eabi/13.2.1/../../../../arm-none-eabi/lib/thumb/v6-m/nofp/libstdc++.a(eh_arm.o)
                0x1000d3c4                __gnu_end_cleanup
 .text.__cxa_begin_catch
                0x1000d434       0x74 /usr/bin/../lib/gcc/arm-none-eabi/13.2.1/../../../../arm-none-eabi/lib/thumb/v6-m/nofp/libstdc++.a(eh_catch.o)
                0x1000d434                __cxa_begin_catch
 .text.__cxa_end_catch
                0x1000d4a8       0x90 /usr/bin/../lib/gcc/arm-none-eabi/13.2.1/../../../../arm-none-eabi/lib/thumb/v6-m/nofp/libstdc++.a(eh_catch.o)
                0x1000d4a8                __cxa_end_catch
 .text._ZNSt9exceptionD2Ev
                0x1000d538        0x4 /usr/bin/../lib/gcc/arm-none-eabi/13.2.1/../../../../arm-none-eabi/lib/thumb/v6-m/nofp/libstdc++.a(eh_exception.o)
                0x1000d538                std::exception::~exception()
                0x1000d538                std::exception::~exception()
 .text._ZNSt13bad_exceptionD2Ev
                0x1000d53c        0x4 /usr/bin/../lib/gcc/arm-none-eabi/13.2.1/../../../../arm-none-eabi/lib/thumb/v6-m/nofp/libstdc++.a(eh_exception.o)
                0x1000d53c                std::bad_exception::~bad_exception()
                0x1000d53c                std::bad_exception::~bad_exception()
 .text._ZNKSt9exception4whatEv
                0x1000d540        0x8 /usr/bin/../lib/gcc/arm-none-eabi/13.2.1/../../../../arm-none-eabi/lib/thumb/v6-m/nofp/libstdc++.a(eh_exception.o)
                0x1000d540                transaction clone for std::exception::what() const
                0x1000d540                std::exception::what() const
 .text._ZNKSt13bad_exception4whatEv
                0x1000d548        0x8 /usr/bin/../lib/gcc/arm-none-eabi/13.2.1/../../../../arm-none-eabi/lib/thumb/v6-m/nofp/libstdc++.a(eh_exception.o)
                0x1000d548                transaction clone for std::bad_exception::what() const
                0x1000d548                std::bad_exception::what() const
 .text._ZNSt13bad_exceptionD0Ev
                0x1000d550       0x10 /usr/bin/../lib/gcc/arm-none-eabi/13.2.1/../../../../arm-none-eabi/lib/thumb/v6-m/nofp/libstdc++.a(eh_exception.o)
                0x1000d550                std::bad_exception::~bad_exception()
 .text.__cxa_get_globals_fast
                0x1000d560        0x8 /usr/bin/../lib/gcc/arm-none-eabi/13.2.1/../../../../arm-none-eabi/lib/thumb/v6-m/nofp/libstdc++.a(eh_globals.o)
                0x1000d560                __cxa_get_globals_fast
 .text.__cxa_get_globals
                0x1000d568        0x8 /usr/bin/../lib/gcc/arm-none-eabi/13.2.1/../../../../arm-none-eabi/lib/thumb/v6-m/nofp/libstdc++.a(eh_globals.o)